[1.086s] Invoking command in '/home/ubuntu/bimanual_ws_ros2/src/urdf_parser_py': PYTHONPATH=/home/ubuntu/bimanual_ws_ros2/build/urdfdom_py/prefix_override:/usr/lib/python3/dist-packages/colcon_core/task/python/colcon_distutils_commands:/home/ubuntu/bimanual_ws_ros2/install/urdfdom_py/lib/python3.10/site-packages:${PYTHONPATH} /usr/bin/python3 -W ignore:setup.py install is deprecated setup.py egg_info --egg-base ../../build/urdfdom_py build --build-base /home/ubuntu/bimanual_ws_ros2/build/urdfdom_py/build install --record /home/ubuntu/bimanual_ws_ros2/build/urdfdom_py/install.log --single-version-externally-managed install_data
[1.381s] running egg_info
[1.381s] creating ../../build/urdfdom_py/urdfdom_py.egg-info
[1.382s] writing ../../build/urdfdom_py/urdfdom_py.egg-info/PKG-INFO
[1.382s] writing dependency_links to ../../build/urdfdom_py/urdfdom_py.egg-info/dependency_links.txt
[1.382s] writing entry points to ../../build/urdfdom_py/urdfdom_py.egg-info/entry_points.txt
[1.382s] writing requirements to ../../build/urdfdom_py/urdfdom_py.egg-info/requires.txt
[1.382s] writing top-level names to ../../build/urdfdom_py/urdfdom_py.egg-info/top_level.txt
[1.382s] writing manifest file '../../build/urdfdom_py/urdfdom_py.egg-info/SOURCES.txt'
[1.384s] reading manifest file '../../build/urdfdom_py/urdfdom_py.egg-info/SOURCES.txt'
[1.384s] adding license file 'LICENSE'
[1.384s] writing manifest file '../../build/urdfdom_py/urdfdom_py.egg-info/SOURCES.txt'
[1.384s] running build
[1.384s] running build_py
[1.384s] creating /home/ubuntu/bimanual_ws_ros2/build/urdfdom_py/build
[1.385s] creating /home/ubuntu/bimanual_ws_ros2/build/urdfdom_py/build/lib
[1.385s] creating /home/ubuntu/bimanual_ws_ros2/build/urdfdom_py/build/lib/urdf_parser_py
[1.385s] copying src/urdf_parser_py/display_urdf.py -> /home/ubuntu/bimanual_ws_ros2/build/urdfdom_py/build/lib/urdf_parser_py
[1.386s] copying src/urdf_parser_py/urdf.py -> /home/ubuntu/bimanual_ws_ros2/build/urdfdom_py/build/lib/urdf_parser_py
[1.386s] copying src/urdf_parser_py/__init__.py -> /home/ubuntu/bimanual_ws_ros2/build/urdfdom_py/build/lib/urdf_parser_py
[1.386s] copying src/urdf_parser_py/sdf.py -> /home/ubuntu/bimanual_ws_ros2/build/urdfdom_py/build/lib/urdf_parser_py
[1.386s] creating /home/ubuntu/bimanual_ws_ros2/build/urdfdom_py/build/lib/urdf_parser_py/xml_reflection
[1.386s] copying src/urdf_parser_py/xml_reflection/core.py -> /home/ubuntu/bimanual_ws_ros2/build/urdfdom_py/build/lib/urdf_parser_py/xml_reflection
[1.386s] copying src/urdf_parser_py/xml_reflection/basics.py -> /home/ubuntu/bimanual_ws_ros2/build/urdfdom_py/build/lib/urdf_parser_py/xml_reflection
[1.386s] copying src/urdf_parser_py/xml_reflection/__init__.py -> /home/ubuntu/bimanual_ws_ros2/build/urdfdom_py/build/lib/urdf_parser_py/xml_reflection
[1.387s] running install
[1.387s] running install_lib
[1.388s] creating /home/ubuntu/bimanual_ws_ros2/install/urdfdom_py/lib/python3.10/site-packages/urdf_parser_py
[1.388s] creating /home/ubuntu/bimanual_ws_ros2/install/urdfdom_py/lib/python3.10/site-packages/urdf_parser_py/xml_reflection
[1.389s] copying /home/ubuntu/bimanual_ws_ros2/build/urdfdom_py/build/lib/urdf_parser_py/xml_reflection/core.py -> /home/ubuntu/bimanual_ws_ros2/install/urdfdom_py/lib/python3.10/site-packages/urdf_parser_py/xml_reflection
[1.389s] copying /home/ubuntu/bimanual_ws_ros2/build/urdfdom_py/build/lib/urdf_parser_py/xml_reflection/basics.py -> /home/ubuntu/bimanual_ws_ros2/install/urdfdom_py/lib/python3.10/site-packages/urdf_parser_py/xml_reflection
[1.389s] copying /home/ubuntu/bimanual_ws_ros2/build/urdfdom_py/build/lib/urdf_parser_py/xml_reflection/__init__.py -> /home/ubuntu/bimanual_ws_ros2/install/urdfdom_py/lib/python3.10/site-packages/urdf_parser_py/xml_reflection
[1.389s] copying /home/ubuntu/bimanual_ws_ros2/build/urdfdom_py/build/lib/urdf_parser_py/display_urdf.py -> /home/ubuntu/bimanual_ws_ros2/install/urdfdom_py/lib/python3.10/site-packages/urdf_parser_py
[1.389s] copying /home/ubuntu/bimanual_ws_ros2/build/urdfdom_py/build/lib/urdf_parser_py/urdf.py -> /home/ubuntu/bimanual_ws_ros2/install/urdfdom_py/lib/python3.10/site-packages/urdf_parser_py
[1.389s] copying /home/ubuntu/bimanual_ws_ros2/build/urdfdom_py/build/lib/urdf_parser_py/__init__.py -> /home/ubuntu/bimanual_ws_ros2/install/urdfdom_py/lib/python3.10/site-packages/urdf_parser_py
[1.390s] copying /home/ubuntu/bimanual_ws_ros2/build/urdfdom_py/build/lib/urdf_parser_py/sdf.py -> /home/ubuntu/bimanual_ws_ros2/install/urdfdom_py/lib/python3.10/site-packages/urdf_parser_py
[1.390s] byte-compiling /home/ubuntu/bimanual_ws_ros2/install/urdfdom_py/lib/python3.10/site-packages/urdf_parser_py/xml_reflection/core.py to core.cpython-310.pyc
[1.394s] byte-compiling /home/ubuntu/bimanual_ws_ros2/install/urdfdom_py/lib/python3.10/site-packages/urdf_parser_py/xml_reflection/basics.py to basics.cpython-310.pyc
[1.395s] byte-compiling /home/ubuntu/bimanual_ws_ros2/install/urdfdom_py/lib/python3.10/site-packages/urdf_parser_py/xml_reflection/__init__.py to __init__.cpython-310.pyc
[1.395s] byte-compiling /home/ubuntu/bimanual_ws_ros2/install/urdfdom_py/lib/python3.10/site-packages/urdf_parser_py/display_urdf.py to display_urdf.cpython-310.pyc
[1.395s] byte-compiling /home/ubuntu/bimanual_ws_ros2/install/urdfdom_py/lib/python3.10/site-packages/urdf_parser_py/urdf.py to urdf.cpython-310.pyc
[1.399s] byte-compiling /home/ubuntu/bimanual_ws_ros2/install/urdfdom_py/lib/python3.10/site-packages/urdf_parser_py/__init__.py to __init__.cpython-310.pyc
[1.399s] byte-compiling /home/ubuntu/bimanual_ws_ros2/install/urdfdom_py/lib/python3.10/site-packages/urdf_parser_py/sdf.py to sdf.cpython-310.pyc
[1.400s] running install_data
[1.400s] creating /home/ubuntu/bimanual_ws_ros2/install/urdfdom_py/share/ament_index
[1.400s] creating /home/ubuntu/bimanual_ws_ros2/install/urdfdom_py/share/ament_index/resource_index
[1.401s] creating /home/ubuntu/bimanual_ws_ros2/install/urdfdom_py/share/ament_index/resource_index/packages
[1.401s] copying resource/urdfdom_py -> /home/ubuntu/bimanual_ws_ros2/install/urdfdom_py/share/ament_index/resource_index/packages
[1.401s] copying package.xml -> /home/ubuntu/bimanual_ws_ros2/install/urdfdom_py/share/urdfdom_py
[1.401s] running install_egg_info
[1.403s] Copying ../../build/urdfdom_py/urdfdom_py.egg-info to /home/ubuntu/bimanual_ws_ros2/install/urdfdom_py/lib/python3.10/site-packages/urdfdom_py-1.2.1-py3.10.egg-info
[1.404s] running install_scripts
[1.425s] Installing display_urdf script to /home/ubuntu/bimanual_ws_ros2/install/urdfdom_py/lib/urdfdom_py
[1.429s] writing list of installed files to '/home/ubuntu/bimanual_ws_ros2/build/urdfdom_py/install.log'
[1.457s] Invoked command in '/home/ubuntu/bimanual_ws_ros2/src/urdf_parser_py' returned '0': PYTHONPATH=/home/ubuntu/bimanual_ws_ros2/build/urdfdom_py/prefix_override:/usr/lib/python3/dist-packages/colcon_core/task/python/colcon_distutils_commands:/home/ubuntu/bimanual_ws_ros2/install/urdfdom_py/lib/python3.10/site-packages:${PYTHONPATH} /usr/bin/python3 -W ignore:setup.py install is deprecated setup.py egg_info --egg-base ../../build/urdfdom_py build --build-base /home/ubuntu/bimanual_ws_ros2/build/urdfdom_py/build install --record /home/ubuntu/bimanual_ws_ros2/build/urdfdom_py/install.log --single-version-externally-managed install_data
