[0.397s] Invoking command in '/home/ubuntu/bimanual_ws_ros2/build/moveit_resources_panda_description': CMAKE_PREFIX_PATH=/opt/ros/humble /usr/bin/cmake /home/ubuntu/bimanual_ws_ros2/src/moveit_resources/panda_description -DCMAKE_INSTALL_PREFIX=/home/ubuntu/bimanual_ws_ros2/install/moveit_resources_panda_description
[0.830s] -- The C compiler identification is GNU 11.4.0
[1.234s] -- The CXX compiler identification is GNU 11.4.0
[1.272s] -- Detecting C compiler ABI info
[1.418s] -- Detecting C compiler ABI info - done
[1.428s] -- Check for working C compiler: /usr/bin/cc - skipped
[1.429s] -- Detecting C compile features
[1.435s] -- Detecting C compile features - done
[1.442s] -- Detecting CXX compiler ABI info
[1.539s] -- Detecting CXX compiler ABI info - done
[1.550s] -- Check for working CXX compiler: /usr/bin/c++ - skipped
[1.550s] -- Detecting CXX compile features
[1.551s] -- Detecting CXX compile features - done
[1.565s] -- Found ament_cmake: 1.3.10 (/opt/ros/humble/share/ament_cmake/cmake)
[1.749s] -- Found Python3: /usr/bin/python3 (found version "3.10.12") found components: Interpreter 
[1.951s] -- Configuring done
[1.953s] -- Generating done
[1.953s] -- Build files have been written to: /home/ubuntu/bimanual_ws_ros2/build/moveit_resources_panda_description
[1.956s] Invoked command in '/home/ubuntu/bimanual_ws_ros2/build/moveit_resources_panda_description' returned '0': CMAKE_PREFIX_PATH=/opt/ros/humble /usr/bin/cmake /home/ubuntu/bimanual_ws_ros2/src/moveit_resources/panda_description -DCMAKE_INSTALL_PREFIX=/home/ubuntu/bimanual_ws_ros2/install/moveit_resources_panda_description
[1.957s] Invoking command in '/home/ubuntu/bimanual_ws_ros2/build/moveit_resources_panda_description': CMAKE_PREFIX_PATH=/opt/ros/humble /usr/bin/cmake --build /home/ubuntu/bimanual_ws_ros2/build/moveit_resources_panda_description -- -j4 -l4
[1.984s] Invoked command in '/home/ubuntu/bimanual_ws_ros2/build/moveit_resources_panda_description' returned '0': CMAKE_PREFIX_PATH=/opt/ros/humble /usr/bin/cmake --build /home/ubuntu/bimanual_ws_ros2/build/moveit_resources_panda_description -- -j4 -l4
[1.999s] Invoking command in '/home/ubuntu/bimanual_ws_ros2/build/moveit_resources_panda_description': CMAKE_PREFIX_PATH=/opt/ros/humble /usr/bin/cmake --install /home/ubuntu/bimanual_ws_ros2/build/moveit_resources_panda_description
[2.003s] -- Install configuration: ""
[2.004s] -- Installing: /home/ubuntu/bimanual_ws_ros2/install/moveit_resources_panda_description/share/ament_index/resource_index/package_run_dependencies/moveit_resources_panda_description
[2.004s] -- Installing: /home/ubuntu/bimanual_ws_ros2/install/moveit_resources_panda_description/share/ament_index/resource_index/parent_prefix_path/moveit_resources_panda_description
[2.007s] -- Installing: /home/ubuntu/bimanual_ws_ros2/install/moveit_resources_panda_description/share/moveit_resources_panda_description/environment/ament_prefix_path.sh
[2.007s] -- Installing: /home/ubuntu/bimanual_ws_ros2/install/moveit_resources_panda_description/share/moveit_resources_panda_description/environment/ament_prefix_path.dsv
[2.007s] -- Installing: /home/ubuntu/bimanual_ws_ros2/install/moveit_resources_panda_description/share/moveit_resources_panda_description/environment/path.sh
[2.007s] -- Installing: /home/ubuntu/bimanual_ws_ros2/install/moveit_resources_panda_description/share/moveit_resources_panda_description/environment/path.dsv
[2.007s] -- Installing: /home/ubuntu/bimanual_ws_ros2/install/moveit_resources_panda_description/share/moveit_resources_panda_description/local_setup.bash
[2.008s] -- Installing: /home/ubuntu/bimanual_ws_ros2/install/moveit_resources_panda_description/share/moveit_resources_panda_description/local_setup.sh
[2.008s] -- Installing: /home/ubuntu/bimanual_ws_ros2/install/moveit_resources_panda_description/share/moveit_resources_panda_description/local_setup.zsh
[2.008s] -- Installing: /home/ubuntu/bimanual_ws_ros2/install/moveit_resources_panda_description/share/moveit_resources_panda_description/local_setup.dsv
[2.008s] -- Installing: /home/ubuntu/bimanual_ws_ros2/install/moveit_resources_panda_description/share/moveit_resources_panda_description/package.dsv
[2.009s] -- Installing: /home/ubuntu/bimanual_ws_ros2/install/moveit_resources_panda_description/share/ament_index/resource_index/packages/moveit_resources_panda_description
[2.009s] -- Installing: /home/ubuntu/bimanual_ws_ros2/install/moveit_resources_panda_description/share/moveit_resources_panda_description/cmake/moveit_resources_panda_descriptionConfig.cmake
[2.009s] -- Installing: /home/ubuntu/bimanual_ws_ros2/install/moveit_resources_panda_description/share/moveit_resources_panda_description/cmake/moveit_resources_panda_descriptionConfig-version.cmake
[2.009s] -- Installing: /home/ubuntu/bimanual_ws_ros2/install/moveit_resources_panda_description/share/moveit_resources_panda_description/package.xml
[2.010s] -- Installing: /home/ubuntu/bimanual_ws_ros2/install/moveit_resources_panda_description/share/moveit_resources_panda_description/meshes
[2.010s] -- Installing: /home/ubuntu/bimanual_ws_ros2/install/moveit_resources_panda_description/share/moveit_resources_panda_description/meshes/collision
[2.011s] -- Installing: /home/ubuntu/bimanual_ws_ros2/install/moveit_resources_panda_description/share/moveit_resources_panda_description/meshes/collision/link3.stl
[2.011s] -- Installing: /home/ubuntu/bimanual_ws_ros2/install/moveit_resources_panda_description/share/moveit_resources_panda_description/meshes/collision/link7.stl
[2.012s] -- Installing: /home/ubuntu/bimanual_ws_ros2/install/moveit_resources_panda_description/share/moveit_resources_panda_description/meshes/collision/link2.stl
[2.012s] -- Installing: /home/ubuntu/bimanual_ws_ros2/install/moveit_resources_panda_description/share/moveit_resources_panda_description/meshes/collision/link1.stl
[2.013s] -- Installing: /home/ubuntu/bimanual_ws_ros2/install/moveit_resources_panda_description/share/moveit_resources_panda_description/meshes/collision/link0.stl
[2.014s] -- Installing: /home/ubuntu/bimanual_ws_ros2/install/moveit_resources_panda_description/share/moveit_resources_panda_description/meshes/collision/link4.stl
[2.014s] -- Installing: /home/ubuntu/bimanual_ws_ros2/install/moveit_resources_panda_description/share/moveit_resources_panda_description/meshes/collision/link5.stl
[2.015s] -- Installing: /home/ubuntu/bimanual_ws_ros2/install/moveit_resources_panda_description/share/moveit_resources_panda_description/meshes/collision/link6.stl
[2.015s] -- Installing: /home/ubuntu/bimanual_ws_ros2/install/moveit_resources_panda_description/share/moveit_resources_panda_description/meshes/collision/hand.stl
[2.016s] -- Installing: /home/ubuntu/bimanual_ws_ros2/install/moveit_resources_panda_description/share/moveit_resources_panda_description/meshes/collision/finger.stl
[2.016s] -- Installing: /home/ubuntu/bimanual_ws_ros2/install/moveit_resources_panda_description/share/moveit_resources_panda_description/meshes/visual
[2.017s] -- Installing: /home/ubuntu/bimanual_ws_ros2/install/moveit_resources_panda_description/share/moveit_resources_panda_description/meshes/visual/link5.dae
[2.038s] -- Installing: /home/ubuntu/bimanual_ws_ros2/install/moveit_resources_panda_description/share/moveit_resources_panda_description/meshes/visual/link0.dae
[2.062s] -- Installing: /home/ubuntu/bimanual_ws_ros2/install/moveit_resources_panda_description/share/moveit_resources_panda_description/meshes/visual/link4.dae
[2.080s] -- Installing: /home/ubuntu/bimanual_ws_ros2/install/moveit_resources_panda_description/share/moveit_resources_panda_description/meshes/visual/link1.dae
[2.096s] -- Installing: /home/ubuntu/bimanual_ws_ros2/install/moveit_resources_panda_description/share/moveit_resources_panda_description/meshes/visual/link6.dae
[2.122s] -- Installing: /home/ubuntu/bimanual_ws_ros2/install/moveit_resources_panda_description/share/moveit_resources_panda_description/meshes/visual/link7.dae
[2.138s] -- Installing: /home/ubuntu/bimanual_ws_ros2/install/moveit_resources_panda_description/share/moveit_resources_panda_description/meshes/visual/finger.dae
[2.140s] -- Installing: /home/ubuntu/bimanual_ws_ros2/install/moveit_resources_panda_description/share/moveit_resources_panda_description/meshes/visual/link3.dae
[2.159s] -- Installing: /home/ubuntu/bimanual_ws_ros2/install/moveit_resources_panda_description/share/moveit_resources_panda_description/meshes/visual/link2.dae
[2.177s] -- Installing: /home/ubuntu/bimanual_ws_ros2/install/moveit_resources_panda_description/share/moveit_resources_panda_description/meshes/visual/hand.dae
[2.188s] -- Installing: /home/ubuntu/bimanual_ws_ros2/install/moveit_resources_panda_description/share/moveit_resources_panda_description/urdf
[2.189s] -- Installing: /home/ubuntu/bimanual_ws_ros2/install/moveit_resources_panda_description/share/moveit_resources_panda_description/urdf/panda.urdf
[2.194s] Invoked command in '/home/ubuntu/bimanual_ws_ros2/build/moveit_resources_panda_description' returned '0': CMAKE_PREFIX_PATH=/opt/ros/humble /usr/bin/cmake --install /home/ubuntu/bimanual_ws_ros2/build/moveit_resources_panda_description
