/home/ubuntu/bimanual_ws_ros2/install/urdfdom_py/lib/python3.10/site-packages/urdf_parser_py/display_urdf.py
/home/ubuntu/bimanual_ws_ros2/install/urdfdom_py/lib/python3.10/site-packages/urdf_parser_py/urdf.py
/home/ubuntu/bimanual_ws_ros2/install/urdfdom_py/lib/python3.10/site-packages/urdf_parser_py/__init__.py
/home/ubuntu/bimanual_ws_ros2/install/urdfdom_py/lib/python3.10/site-packages/urdf_parser_py/sdf.py
/home/ubuntu/bimanual_ws_ros2/install/urdfdom_py/lib/python3.10/site-packages/urdf_parser_py/xml_reflection/core.py
/home/ubuntu/bimanual_ws_ros2/install/urdfdom_py/lib/python3.10/site-packages/urdf_parser_py/xml_reflection/basics.py
/home/ubuntu/bimanual_ws_ros2/install/urdfdom_py/lib/python3.10/site-packages/urdf_parser_py/xml_reflection/__init__.py
/home/ubuntu/bimanual_ws_ros2/install/urdfdom_py/lib/python3.10/site-packages/urdf_parser_py/__pycache__/display_urdf.cpython-310.pyc
/home/ubuntu/bimanual_ws_ros2/install/urdfdom_py/lib/python3.10/site-packages/urdf_parser_py/__pycache__/urdf.cpython-310.pyc
/home/ubuntu/bimanual_ws_ros2/install/urdfdom_py/lib/python3.10/site-packages/urdf_parser_py/__pycache__/__init__.cpython-310.pyc
/home/ubuntu/bimanual_ws_ros2/install/urdfdom_py/lib/python3.10/site-packages/urdf_parser_py/__pycache__/sdf.cpython-310.pyc
/home/ubuntu/bimanual_ws_ros2/install/urdfdom_py/lib/python3.10/site-packages/urdf_parser_py/xml_reflection/__pycache__/core.cpython-310.pyc
/home/ubuntu/bimanual_ws_ros2/install/urdfdom_py/lib/python3.10/site-packages/urdf_parser_py/xml_reflection/__pycache__/basics.cpython-310.pyc
/home/ubuntu/bimanual_ws_ros2/install/urdfdom_py/lib/python3.10/site-packages/urdf_parser_py/xml_reflection/__pycache__/__init__.cpython-310.pyc
/home/ubuntu/bimanual_ws_ros2/install/urdfdom_py/share/ament_index/resource_index/packages/urdfdom_py
/home/ubuntu/bimanual_ws_ros2/install/urdfdom_py/share/urdfdom_py/package.xml
/home/ubuntu/bimanual_ws_ros2/install/urdfdom_py/lib/python3.10/site-packages/urdfdom_py-1.2.1-py3.10.egg-info/dependency_links.txt
/home/ubuntu/bimanual_ws_ros2/install/urdfdom_py/lib/python3.10/site-packages/urdfdom_py-1.2.1-py3.10.egg-info/PKG-INFO
/home/ubuntu/bimanual_ws_ros2/install/urdfdom_py/lib/python3.10/site-packages/urdfdom_py-1.2.1-py3.10.egg-info/SOURCES.txt
/home/ubuntu/bimanual_ws_ros2/install/urdfdom_py/lib/python3.10/site-packages/urdfdom_py-1.2.1-py3.10.egg-info/requires.txt
/home/ubuntu/bimanual_ws_ros2/install/urdfdom_py/lib/python3.10/site-packages/urdfdom_py-1.2.1-py3.10.egg-info/zip-safe
/home/ubuntu/bimanual_ws_ros2/install/urdfdom_py/lib/python3.10/site-packages/urdfdom_py-1.2.1-py3.10.egg-info/entry_points.txt
/home/ubuntu/bimanual_ws_ros2/install/urdfdom_py/lib/python3.10/site-packages/urdfdom_py-1.2.1-py3.10.egg-info/top_level.txt
/home/ubuntu/bimanual_ws_ros2/install/urdfdom_py/lib/urdfdom_py/display_urdf
