[0.009s] Invoking command in '/home/ubuntu/bimanual_ws_ros2/build/panda_moveit_config': CMAKE_PREFIX_PATH=${CMAKE_PREFIX_PATH}:/home/ubuntu/bimanual_ws_ros2/install/urdfdom_py:/home/ubuntu/bimanual_ws_ros2/install/minibe:/opt/ros/humble /usr/bin/cmake /home/ubuntu/bimanual_ws_ros2/src/moveit_resources/panda_moveit_config -DCMAKE_INSTALL_PREFIX=/home/ubuntu/bimanual_ws_ros2/install/panda_moveit_config
[0.068s] -- The C compiler identification is GNU 11.4.0
[0.126s] -- The CXX compiler identification is GNU 11.4.0
[0.135s] -- Detecting C compiler ABI info
[0.205s] -- Detecting C compiler ABI info - done
[0.213s] -- Check for working C compiler: /usr/bin/cc - skipped
[0.214s] -- Detecting C compile features
[0.214s] -- Detecting C compile features - done
[0.218s] -- Detecting CXX compiler ABI info
[0.304s] -- Detecting CXX compiler ABI info - done
[0.312s] -- Check for working CXX compiler: /usr/bin/c++ - skipped
[0.313s] -- Detecting CXX compile features
[0.316s] -- Detecting CXX compile features - done
[0.318s] -- Found ament_cmake: 1.3.10 (/opt/ros/humble/share/ament_cmake/cmake)
[0.501s] -- Found Python3: /usr/bin/python3 (found version "3.10.12") found components: Interpreter 
[0.698s] -- Configuring done
[0.703s] -- Generating done
[0.705s] -- Build files have been written to: /home/ubuntu/bimanual_ws_ros2/build/panda_moveit_config
[0.714s] Invoked command in '/home/ubuntu/bimanual_ws_ros2/build/panda_moveit_config' returned '0': CMAKE_PREFIX_PATH=${CMAKE_PREFIX_PATH}:/home/ubuntu/bimanual_ws_ros2/install/urdfdom_py:/home/ubuntu/bimanual_ws_ros2/install/minibe:/opt/ros/humble /usr/bin/cmake /home/ubuntu/bimanual_ws_ros2/src/moveit_resources/panda_moveit_config -DCMAKE_INSTALL_PREFIX=/home/ubuntu/bimanual_ws_ros2/install/panda_moveit_config
[0.715s] Invoking command in '/home/ubuntu/bimanual_ws_ros2/build/panda_moveit_config': CMAKE_PREFIX_PATH=${CMAKE_PREFIX_PATH}:/home/ubuntu/bimanual_ws_ros2/install/urdfdom_py:/home/ubuntu/bimanual_ws_ros2/install/minibe:/opt/ros/humble /usr/bin/cmake --build /home/ubuntu/bimanual_ws_ros2/build/panda_moveit_config -- -j4 -l4
[0.754s] Invoked command in '/home/ubuntu/bimanual_ws_ros2/build/panda_moveit_config' returned '0': CMAKE_PREFIX_PATH=${CMAKE_PREFIX_PATH}:/home/ubuntu/bimanual_ws_ros2/install/urdfdom_py:/home/ubuntu/bimanual_ws_ros2/install/minibe:/opt/ros/humble /usr/bin/cmake --build /home/ubuntu/bimanual_ws_ros2/build/panda_moveit_config -- -j4 -l4
[0.772s] Invoking command in '/home/ubuntu/bimanual_ws_ros2/build/panda_moveit_config': CMAKE_PREFIX_PATH=${CMAKE_PREFIX_PATH}:/home/ubuntu/bimanual_ws_ros2/install/urdfdom_py:/home/ubuntu/bimanual_ws_ros2/install/minibe:/opt/ros/humble /usr/bin/cmake --install /home/ubuntu/bimanual_ws_ros2/build/panda_moveit_config
[0.778s] -- Install configuration: ""
[0.778s] -- Installing: /home/ubuntu/bimanual_ws_ros2/install/panda_moveit_config/share/ament_index/resource_index/package_run_dependencies/panda_moveit_config
[0.778s] -- Installing: /home/ubuntu/bimanual_ws_ros2/install/panda_moveit_config/share/ament_index/resource_index/parent_prefix_path/panda_moveit_config
[0.778s] -- Installing: /home/ubuntu/bimanual_ws_ros2/install/panda_moveit_config/share/panda_moveit_config/environment/ament_prefix_path.sh
[0.778s] -- Installing: /home/ubuntu/bimanual_ws_ros2/install/panda_moveit_config/share/panda_moveit_config/environment/ament_prefix_path.dsv
[0.779s] -- Installing: /home/ubuntu/bimanual_ws_ros2/install/panda_moveit_config/share/panda_moveit_config/environment/path.sh
[0.779s] -- Installing: /home/ubuntu/bimanual_ws_ros2/install/panda_moveit_config/share/panda_moveit_config/environment/path.dsv
[0.779s] -- Installing: /home/ubuntu/bimanual_ws_ros2/install/panda_moveit_config/share/panda_moveit_config/local_setup.bash
[0.779s] -- Installing: /home/ubuntu/bimanual_ws_ros2/install/panda_moveit_config/share/panda_moveit_config/local_setup.sh
[0.779s] -- Installing: /home/ubuntu/bimanual_ws_ros2/install/panda_moveit_config/share/panda_moveit_config/local_setup.zsh
[0.779s] -- Installing: /home/ubuntu/bimanual_ws_ros2/install/panda_moveit_config/share/panda_moveit_config/local_setup.dsv
[0.779s] -- Installing: /home/ubuntu/bimanual_ws_ros2/install/panda_moveit_config/share/panda_moveit_config/package.dsv
[0.780s] -- Installing: /home/ubuntu/bimanual_ws_ros2/install/panda_moveit_config/share/ament_index/resource_index/packages/panda_moveit_config
[0.780s] -- Installing: /home/ubuntu/bimanual_ws_ros2/install/panda_moveit_config/share/panda_moveit_config/cmake/panda_moveit_configConfig.cmake
[0.780s] -- Installing: /home/ubuntu/bimanual_ws_ros2/install/panda_moveit_config/share/panda_moveit_config/cmake/panda_moveit_configConfig-version.cmake
[0.780s] -- Installing: /home/ubuntu/bimanual_ws_ros2/install/panda_moveit_config/share/panda_moveit_config/package.xml
[0.780s] -- Installing: /home/ubuntu/bimanual_ws_ros2/install/panda_moveit_config/share/panda_moveit_config/launch
[0.780s] -- Installing: /home/ubuntu/bimanual_ws_ros2/install/panda_moveit_config/share/panda_moveit_config/launch/static_virtual_joint_tfs.launch.py
[0.780s] -- Installing: /home/ubuntu/bimanual_ws_ros2/install/panda_moveit_config/share/panda_moveit_config/launch/moveit_rviz.launch.py
[0.780s] -- Installing: /home/ubuntu/bimanual_ws_ros2/install/panda_moveit_config/share/panda_moveit_config/launch/rsp.launch.py
[0.781s] -- Installing: /home/ubuntu/bimanual_ws_ros2/install/panda_moveit_config/share/panda_moveit_config/launch/spawn_controllers.launch.py
[0.781s] -- Installing: /home/ubuntu/bimanual_ws_ros2/install/panda_moveit_config/share/panda_moveit_config/launch/setup_assistant.launch.py
[0.781s] -- Installing: /home/ubuntu/bimanual_ws_ros2/install/panda_moveit_config/share/panda_moveit_config/launch/demo.launch.py
[0.781s] -- Installing: /home/ubuntu/bimanual_ws_ros2/install/panda_moveit_config/share/panda_moveit_config/launch/warehouse_db.launch.py
[0.781s] -- Installing: /home/ubuntu/bimanual_ws_ros2/install/panda_moveit_config/share/panda_moveit_config/launch/move_group.launch.py
[0.781s] -- Installing: /home/ubuntu/bimanual_ws_ros2/install/panda_moveit_config/share/panda_moveit_config/config
[0.781s] -- Installing: /home/ubuntu/bimanual_ws_ros2/install/panda_moveit_config/share/panda_moveit_config/config/initial_positions.yaml
[0.781s] -- Installing: /home/ubuntu/bimanual_ws_ros2/install/panda_moveit_config/share/panda_moveit_config/config/panda.ros2_control.xacro
[0.781s] -- Installing: /home/ubuntu/bimanual_ws_ros2/install/panda_moveit_config/share/panda_moveit_config/config/panda.urdf.xacro
[0.781s] -- Installing: /home/ubuntu/bimanual_ws_ros2/install/panda_moveit_config/share/panda_moveit_config/config/ros2_controllers.yaml
[0.781s] -- Installing: /home/ubuntu/bimanual_ws_ros2/install/panda_moveit_config/share/panda_moveit_config/config/kinematics.yaml
[0.781s] -- Installing: /home/ubuntu/bimanual_ws_ros2/install/panda_moveit_config/share/panda_moveit_config/config/moveit.rviz
[0.781s] -- Installing: /home/ubuntu/bimanual_ws_ros2/install/panda_moveit_config/share/panda_moveit_config/config/joint_limits.yaml
[0.781s] -- Installing: /home/ubuntu/bimanual_ws_ros2/install/panda_moveit_config/share/panda_moveit_config/config/moveit_controllers.yaml
[0.781s] -- Installing: /home/ubuntu/bimanual_ws_ros2/install/panda_moveit_config/share/panda_moveit_config/config/panda.srdf
[0.782s] -- Installing: /home/ubuntu/bimanual_ws_ros2/install/panda_moveit_config/share/panda_moveit_config/config/pilz_cartesian_limits.yaml
[0.782s] -- Installing: /home/ubuntu/bimanual_ws_ros2/install/panda_moveit_config/share/panda_moveit_config/.setup_assistant
[0.784s] Invoked command in '/home/ubuntu/bimanual_ws_ros2/build/panda_moveit_config' returned '0': CMAKE_PREFIX_PATH=${CMAKE_PREFIX_PATH}:/home/ubuntu/bimanual_ws_ros2/install/urdfdom_py:/home/ubuntu/bimanual_ws_ros2/install/minibe:/opt/ros/humble /usr/bin/cmake --install /home/ubuntu/bimanual_ws_ros2/build/panda_moveit_config
