[0.184s] Invoking command in '/home/ubuntu/bimanual_ws_ros2/build/minibe_description': CMAKE_PREFIX_PATH=/opt/ros/humble /usr/bin/cmake /home/ubuntu/bimanual_ws_ros2/src/moveit_resources/minibe_description -DCMAKE_BUILD_TYPE=Release -DCMAKE_INSTALL_PREFIX=/home/ubuntu/bimanual_ws_ros2/install/minibe_description
[0.264s] -- The C compiler identification is GNU 11.4.0
[0.322s] -- The CXX compiler identification is GNU 11.4.0
[0.338s] -- Detecting C compiler ABI info
[0.390s] -- Detecting C compiler ABI info - done
[0.396s] -- Check for working C compiler: /usr/bin/cc - skipped
[0.397s] -- Detecting C compile features
[0.398s] -- Detecting C compile features - done
[0.403s] -- Detecting CXX compiler ABI info
[0.461s] -- Detecting CXX compiler ABI info - done
[0.466s] -- Check for working CXX compiler: /usr/bin/c++ - skipped
[0.466s] -- Detecting CXX compile features
[0.467s] -- Detecting CXX compile features - done
[0.478s] -- Found ament_cmake: 1.3.10 (/opt/ros/humble/share/ament_cmake/cmake)
[0.609s] -- Found Python3: /usr/bin/python3 (found version "3.10.12") found components: Interpreter 
[0.712s] -- Found ament_lint_auto: 0.12.11 (/opt/ros/humble/share/ament_lint_auto/cmake)
[0.783s] -- Added test 'lint_cmake' to check CMake code style
[0.785s] -- Added test 'xmllint' to check XML markup files
[0.787s] -- Configuring done
[0.789s] -- Generating done
[0.790s] -- Build files have been written to: /home/ubuntu/bimanual_ws_ros2/build/minibe_description
[0.793s] Invoked command in '/home/ubuntu/bimanual_ws_ros2/build/minibe_description' returned '0': CMAKE_PREFIX_PATH=/opt/ros/humble /usr/bin/cmake /home/ubuntu/bimanual_ws_ros2/src/moveit_resources/minibe_description -DCMAKE_BUILD_TYPE=Release -DCMAKE_INSTALL_PREFIX=/home/ubuntu/bimanual_ws_ros2/install/minibe_description
[0.795s] Invoking command in '/home/ubuntu/bimanual_ws_ros2/build/minibe_description': CMAKE_PREFIX_PATH=/opt/ros/humble /usr/bin/cmake --build /home/ubuntu/bimanual_ws_ros2/build/minibe_description -- -j4 -l4
[0.824s] Invoked command in '/home/ubuntu/bimanual_ws_ros2/build/minibe_description' returned '0': CMAKE_PREFIX_PATH=/opt/ros/humble /usr/bin/cmake --build /home/ubuntu/bimanual_ws_ros2/build/minibe_description -- -j4 -l4
[0.844s] Invoking command in '/home/ubuntu/bimanual_ws_ros2/build/minibe_description': CMAKE_PREFIX_PATH=/opt/ros/humble /usr/bin/cmake --install /home/ubuntu/bimanual_ws_ros2/build/minibe_description
[0.849s] -- Install configuration: "Release"
[0.849s] -- Installing: /home/ubuntu/bimanual_ws_ros2/install/minibe_description/share/ament_index/resource_index/package_run_dependencies/minibe_description
[0.849s] -- Installing: /home/ubuntu/bimanual_ws_ros2/install/minibe_description/share/ament_index/resource_index/parent_prefix_path/minibe_description
[0.850s] -- Installing: /home/ubuntu/bimanual_ws_ros2/install/minibe_description/share/minibe_description/environment/ament_prefix_path.sh
[0.850s] -- Installing: /home/ubuntu/bimanual_ws_ros2/install/minibe_description/share/minibe_description/environment/ament_prefix_path.dsv
[0.850s] -- Installing: /home/ubuntu/bimanual_ws_ros2/install/minibe_description/share/minibe_description/environment/path.sh
[0.850s] -- Installing: /home/ubuntu/bimanual_ws_ros2/install/minibe_description/share/minibe_description/environment/path.dsv
[0.850s] -- Installing: /home/ubuntu/bimanual_ws_ros2/install/minibe_description/share/minibe_description/local_setup.bash
[0.850s] -- Installing: /home/ubuntu/bimanual_ws_ros2/install/minibe_description/share/minibe_description/local_setup.sh
[0.850s] -- Installing: /home/ubuntu/bimanual_ws_ros2/install/minibe_description/share/minibe_description/local_setup.zsh
[0.851s] -- Installing: /home/ubuntu/bimanual_ws_ros2/install/minibe_description/share/minibe_description/local_setup.dsv
[0.851s] -- Installing: /home/ubuntu/bimanual_ws_ros2/install/minibe_description/share/minibe_description/package.dsv
[0.851s] -- Installing: /home/ubuntu/bimanual_ws_ros2/install/minibe_description/share/ament_index/resource_index/packages/minibe_description
[0.851s] -- Installing: /home/ubuntu/bimanual_ws_ros2/install/minibe_description/share/minibe_description/cmake/minibe_descriptionConfig.cmake
[0.851s] -- Installing: /home/ubuntu/bimanual_ws_ros2/install/minibe_description/share/minibe_description/cmake/minibe_descriptionConfig-version.cmake
[0.851s] -- Installing: /home/ubuntu/bimanual_ws_ros2/install/minibe_description/share/minibe_description/package.xml
[0.853s] Invoked command in '/home/ubuntu/bimanual_ws_ros2/build/minibe_description' returned '0': CMAKE_PREFIX_PATH=/opt/ros/humble /usr/bin/cmake --install /home/ubuntu/bimanual_ws_ros2/build/minibe_description
