[1.031s] Invoking command in '/home/ubuntu/bimanual_ws_ros2/src/urdf_parser_py': PYTHONPATH=/home/ubuntu/bimanual_ws_ros2/build/urdfdom_py/prefix_override:/usr/lib/python3/dist-packages/colcon_core/task/python/colcon_distutils_commands:/home/ubuntu/bimanual_ws_ros2/install/urdfdom_py/lib/python3.10/site-packages:${PYTHONPATH} /usr/bin/python3 -W ignore:setup.py install is deprecated setup.py egg_info --egg-base ../../build/urdfdom_py build --build-base /home/ubuntu/bimanual_ws_ros2/build/urdfdom_py/build install --record /home/ubuntu/bimanual_ws_ros2/build/urdfdom_py/install.log --single-version-externally-managed install_data
[1.305s] running egg_info
[1.305s] writing ../../build/urdfdom_py/urdfdom_py.egg-info/PKG-INFO
[1.305s] writing dependency_links to ../../build/urdfdom_py/urdfdom_py.egg-info/dependency_links.txt
[1.306s] writing entry points to ../../build/urdfdom_py/urdfdom_py.egg-info/entry_points.txt
[1.306s] writing requirements to ../../build/urdfdom_py/urdfdom_py.egg-info/requires.txt
[1.306s] writing top-level names to ../../build/urdfdom_py/urdfdom_py.egg-info/top_level.txt
[1.307s] reading manifest file '../../build/urdfdom_py/urdfdom_py.egg-info/SOURCES.txt'
[1.308s] adding license file 'LICENSE'
[1.308s] writing manifest file '../../build/urdfdom_py/urdfdom_py.egg-info/SOURCES.txt'
[1.308s] running build
[1.308s] running build_py
[1.309s] running install
[1.310s] running install_lib
[1.311s] running install_data
[1.311s] running install_egg_info
[1.313s] removing '/home/ubuntu/bimanual_ws_ros2/install/urdfdom_py/lib/python3.10/site-packages/urdfdom_py-1.2.1-py3.10.egg-info' (and everything under it)
[1.313s] Copying ../../build/urdfdom_py/urdfdom_py.egg-info to /home/ubuntu/bimanual_ws_ros2/install/urdfdom_py/lib/python3.10/site-packages/urdfdom_py-1.2.1-py3.10.egg-info
[1.313s] running install_scripts
[1.330s] Installing display_urdf script to /home/ubuntu/bimanual_ws_ros2/install/urdfdom_py/lib/urdfdom_py
[1.330s] writing list of installed files to '/home/ubuntu/bimanual_ws_ros2/build/urdfdom_py/install.log'
[1.351s] Invoked command in '/home/ubuntu/bimanual_ws_ros2/src/urdf_parser_py' returned '0': PYTHONPATH=/home/ubuntu/bimanual_ws_ros2/build/urdfdom_py/prefix_override:/usr/lib/python3/dist-packages/colcon_core/task/python/colcon_distutils_commands:/home/ubuntu/bimanual_ws_ros2/install/urdfdom_py/lib/python3.10/site-packages:${PYTHONPATH} /usr/bin/python3 -W ignore:setup.py install is deprecated setup.py egg_info --egg-base ../../build/urdfdom_py build --build-base /home/ubuntu/bimanual_ws_ros2/build/urdfdom_py/build install --record /home/ubuntu/bimanual_ws_ros2/build/urdfdom_py/install.log --single-version-externally-managed install_data
