running egg_info
writing ../../build/urdfdom_py/urdfdom_py.egg-info/PKG-INFO
writing dependency_links to ../../build/urdfdom_py/urdfdom_py.egg-info/dependency_links.txt
writing entry points to ../../build/urdfdom_py/urdfdom_py.egg-info/entry_points.txt
writing requirements to ../../build/urdfdom_py/urdfdom_py.egg-info/requires.txt
writing top-level names to ../../build/urdfdom_py/urdfdom_py.egg-info/top_level.txt
reading manifest file '../../build/urdfdom_py/urdfdom_py.egg-info/SOURCES.txt'
adding license file 'LICENSE'
writing manifest file '../../build/urdfdom_py/urdfdom_py.egg-info/SOURCES.txt'
running build
running build_py
running install
running install_lib
running install_data
running install_egg_info
removing '/home/ubuntu/bimanual_ws_ros2/install/urdfdom_py/lib/python3.10/site-packages/urdfdom_py-1.2.1-py3.10.egg-info' (and everything under it)
Copying ../../build/urdfdom_py/urdfdom_py.egg-info to /home/ubuntu/bimanual_ws_ros2/install/urdfdom_py/lib/python3.10/site-packages/urdfdom_py-1.2.1-py3.10.egg-info
running install_scripts
Installing display_urdf script to /home/ubuntu/bimanual_ws_ros2/install/urdfdom_py/lib/urdfdom_py
writing list of installed files to '/home/ubuntu/bimanual_ws_ros2/build/urdfdom_py/install.log'
