running egg_info
creating ../../../build/minibe_description/minibe_description.egg-info
writing ../../../build/minibe_description/minibe_description.egg-info/PKG-INFO
writing dependency_links to ../../../build/minibe_description/minibe_description.egg-info/dependency_links.txt
writing entry points to ../../../build/minibe_description/minibe_description.egg-info/entry_points.txt
writing requirements to ../../../build/minibe_description/minibe_description.egg-info/requires.txt
writing top-level names to ../../../build/minibe_description/minibe_description.egg-info/top_level.txt
writing manifest file '../../../build/minibe_description/minibe_description.egg-info/SOURCES.txt'
reading manifest file '../../../build/minibe_description/minibe_description.egg-info/SOURCES.txt'
writing manifest file '../../../build/minibe_description/minibe_description.egg-info/SOURCES.txt'
running build
running build_py
creating /home/ubuntu/bimanual_ws_ros2/build/minibe_description/build
creating /home/ubuntu/bimanual_ws_ros2/build/minibe_description/build/lib
creating /home/ubuntu/bimanual_ws_ros2/build/minibe_description/build/lib/minibe_description
copying minibe_description/__init__.py -> /home/ubuntu/bimanual_ws_ros2/build/minibe_description/build/lib/minibe_description
running install
running install_lib
creating /home/ubuntu/bimanual_ws_ros2/install/minibe_description/lib/python3.10/site-packages/minibe_description
copying /home/ubuntu/bimanual_ws_ros2/build/minibe_description/build/lib/minibe_description/__init__.py -> /home/ubuntu/bimanual_ws_ros2/install/minibe_description/lib/python3.10/site-packages/minibe_description
byte-compiling /home/ubuntu/bimanual_ws_ros2/install/minibe_description/lib/python3.10/site-packages/minibe_description/__init__.py to __init__.cpython-310.pyc
running install_data
copying resource/minibe_description -> /home/ubuntu/bimanual_ws_ros2/install/minibe_description/share/ament_index/resource_index/packages
copying package.xml -> /home/ubuntu/bimanual_ws_ros2/install/minibe_description/share/minibe_description
copying urdf/gripper_v2.xacro -> /home/ubuntu/bimanual_ws_ros2/install/minibe_description/share/minibe_description
running install_egg_info
Copying ../../../build/minibe_description/minibe_description.egg-info to /home/ubuntu/bimanual_ws_ros2/install/minibe_description/lib/python3.10/site-packages/minibe_description-0.0.0-py3.10.egg-info
running install_scripts
writing list of installed files to '/home/ubuntu/bimanual_ws_ros2/build/minibe_description/install.log'
