running egg_info
creating ../../build/minibe/minibe.egg-info
writing ../../build/minibe/minibe.egg-info/PKG-INFO
writing dependency_links to ../../build/minibe/minibe.egg-info/dependency_links.txt
writing entry points to ../../build/minibe/minibe.egg-info/entry_points.txt
writing requirements to ../../build/minibe/minibe.egg-info/requires.txt
writing top-level names to ../../build/minibe/minibe.egg-info/top_level.txt
writing manifest file '../../build/minibe/minibe.egg-info/SOURCES.txt'
reading manifest file '../../build/minibe/minibe.egg-info/SOURCES.txt'
writing manifest file '../../build/minibe/minibe.egg-info/SOURCES.txt'
running build
running build_py
creating /home/ubuntu/bimanual_ws_ros2/build/minibe/build
creating /home/ubuntu/bimanual_ws_ros2/build/minibe/build/lib
creating /home/ubuntu/bimanual_ws_ros2/build/minibe/build/lib/minibe
copying minibe/__init__.py -> /home/ubuntu/bimanual_ws_ros2/build/minibe/build/lib/minibe
running install
running install_lib
creating /home/ubuntu/bimanual_ws_ros2/install/minibe/lib/python3.10/site-packages/minibe
copying /home/ubuntu/bimanual_ws_ros2/build/minibe/build/lib/minibe/__init__.py -> /home/ubuntu/bimanual_ws_ros2/install/minibe/lib/python3.10/site-packages/minibe
byte-compiling /home/ubuntu/bimanual_ws_ros2/install/minibe/lib/python3.10/site-packages/minibe/__init__.py to __init__.cpython-310.pyc
running install_data
creating /home/ubuntu/bimanual_ws_ros2/install/minibe/share/ament_index
creating /home/ubuntu/bimanual_ws_ros2/install/minibe/share/ament_index/resource_index
creating /home/ubuntu/bimanual_ws_ros2/install/minibe/share/ament_index/resource_index/packages
copying resource/minibe -> /home/ubuntu/bimanual_ws_ros2/install/minibe/share/ament_index/resource_index/packages
copying package.xml -> /home/ubuntu/bimanual_ws_ros2/install/minibe/share/minibe
running install_egg_info
Copying ../../build/minibe/minibe.egg-info to /home/ubuntu/bimanual_ws_ros2/install/minibe/lib/python3.10/site-packages/minibe-0.0.0-py3.10.egg-info
running install_scripts
writing list of installed files to '/home/ubuntu/bimanual_ws_ros2/build/minibe/install.log'
