[0.595s] Invoking command in '/home/ubuntu/bimanual_ws_ros2/src/minibe': PYTHONPATH=/home/ubuntu/bimanual_ws_ros2/build/minibe/prefix_override:/usr/lib/python3/dist-packages/colcon_core/task/python/colcon_distutils_commands:/home/ubuntu/bimanual_ws_ros2/install/minibe/lib/python3.10/site-packages:${PYTHONPATH} /usr/bin/python3 -W ignore:setup.py install is deprecated setup.py egg_info --egg-base ../../build/minibe build --build-base /home/ubuntu/bimanual_ws_ros2/build/minibe/build install --record /home/ubuntu/bimanual_ws_ros2/build/minibe/install.log --single-version-externally-managed install_data
[0.773s] running egg_info
[0.773s] creating ../../build/minibe/minibe.egg-info
[0.773s] writing ../../build/minibe/minibe.egg-info/PKG-INFO
[0.774s] writing dependency_links to ../../build/minibe/minibe.egg-info/dependency_links.txt
[0.774s] writing entry points to ../../build/minibe/minibe.egg-info/entry_points.txt
[0.774s] writing requirements to ../../build/minibe/minibe.egg-info/requires.txt
[0.774s] writing top-level names to ../../build/minibe/minibe.egg-info/top_level.txt
[0.774s] writing manifest file '../../build/minibe/minibe.egg-info/SOURCES.txt'
[0.775s] reading manifest file '../../build/minibe/minibe.egg-info/SOURCES.txt'
[0.776s] writing manifest file '../../build/minibe/minibe.egg-info/SOURCES.txt'
[0.776s] running build
[0.776s] running build_py
[0.776s] creating /home/ubuntu/bimanual_ws_ros2/build/minibe/build
[0.776s] creating /home/ubuntu/bimanual_ws_ros2/build/minibe/build/lib
[0.776s] creating /home/ubuntu/bimanual_ws_ros2/build/minibe/build/lib/minibe
[0.776s] copying minibe/__init__.py -> /home/ubuntu/bimanual_ws_ros2/build/minibe/build/lib/minibe
[0.776s] running install
[0.777s] running install_lib
[0.777s] creating /home/ubuntu/bimanual_ws_ros2/install/minibe/lib/python3.10/site-packages/minibe
[0.777s] copying /home/ubuntu/bimanual_ws_ros2/build/minibe/build/lib/minibe/__init__.py -> /home/ubuntu/bimanual_ws_ros2/install/minibe/lib/python3.10/site-packages/minibe
[0.777s] byte-compiling /home/ubuntu/bimanual_ws_ros2/install/minibe/lib/python3.10/site-packages/minibe/__init__.py to __init__.cpython-310.pyc
[0.778s] running install_data
[0.778s] creating /home/ubuntu/bimanual_ws_ros2/install/minibe/share/ament_index
[0.778s] creating /home/ubuntu/bimanual_ws_ros2/install/minibe/share/ament_index/resource_index
[0.778s] creating /home/ubuntu/bimanual_ws_ros2/install/minibe/share/ament_index/resource_index/packages
[0.778s] copying resource/minibe -> /home/ubuntu/bimanual_ws_ros2/install/minibe/share/ament_index/resource_index/packages
[0.778s] copying package.xml -> /home/ubuntu/bimanual_ws_ros2/install/minibe/share/minibe
[0.778s] running install_egg_info
[0.779s] Copying ../../build/minibe/minibe.egg-info to /home/ubuntu/bimanual_ws_ros2/install/minibe/lib/python3.10/site-packages/minibe-0.0.0-py3.10.egg-info
[0.780s] running install_scripts
[0.795s] writing list of installed files to '/home/ubuntu/bimanual_ws_ros2/build/minibe/install.log'
[0.815s] Invoked command in '/home/ubuntu/bimanual_ws_ros2/src/minibe' returned '0': PYTHONPATH=/home/ubuntu/bimanual_ws_ros2/build/minibe/prefix_override:/usr/lib/python3/dist-packages/colcon_core/task/python/colcon_distutils_commands:/home/ubuntu/bimanual_ws_ros2/install/minibe/lib/python3.10/site-packages:${PYTHONPATH} /usr/bin/python3 -W ignore:setup.py install is deprecated setup.py egg_info --egg-base ../../build/minibe build --build-base /home/ubuntu/bimanual_ws_ros2/build/minibe/build install --record /home/ubuntu/bimanual_ws_ros2/build/minibe/install.log --single-version-externally-managed install_data
