[0.215s] Invoking command in '/home/ubuntu/bimanual_ws_ros2/build/moveit_resources_panda_description': CMAKE_PREFIX_PATH=/opt/ros/humble /usr/bin/cmake --build /home/ubuntu/bimanual_ws_ros2/build/moveit_resources_panda_description -- -j4 -l4
[0.621s] Invoked command in '/home/ubuntu/bimanual_ws_ros2/build/moveit_resources_panda_description' returned '0': CMAKE_PREFIX_PATH=/opt/ros/humble /usr/bin/cmake --build /home/ubuntu/bimanual_ws_ros2/build/moveit_resources_panda_description -- -j4 -l4
[0.647s] Invoking command in '/home/ubuntu/bimanual_ws_ros2/build/moveit_resources_panda_description': CMAKE_PREFIX_PATH=/opt/ros/humble /usr/bin/cmake --install /home/ubuntu/bimanual_ws_ros2/build/moveit_resources_panda_description
[0.657s] -- Install configuration: ""
[0.665s] -- Up-to-date: /home/ubuntu/bimanual_ws_ros2/install/moveit_resources_panda_description/share/ament_index/resource_index/package_run_dependencies/moveit_resources_panda_description
[0.665s] -- Up-to-date: /home/ubuntu/bimanual_ws_ros2/install/moveit_resources_panda_description/share/ament_index/resource_index/parent_prefix_path/moveit_resources_panda_description
[0.669s] -- Up-to-date: /home/ubuntu/bimanual_ws_ros2/install/moveit_resources_panda_description/share/moveit_resources_panda_description/environment/ament_prefix_path.sh
[0.670s] -- Up-to-date: /home/ubuntu/bimanual_ws_ros2/install/moveit_resources_panda_description/share/moveit_resources_panda_description/environment/ament_prefix_path.dsv
[0.670s] -- Up-to-date: /home/ubuntu/bimanual_ws_ros2/install/moveit_resources_panda_description/share/moveit_resources_panda_description/environment/path.sh
[0.670s] -- Up-to-date: /home/ubuntu/bimanual_ws_ros2/install/moveit_resources_panda_description/share/moveit_resources_panda_description/environment/path.dsv
[0.670s] -- Up-to-date: /home/ubuntu/bimanual_ws_ros2/install/moveit_resources_panda_description/share/moveit_resources_panda_description/local_setup.bash
[0.670s] -- Up-to-date: /home/ubuntu/bimanual_ws_ros2/install/moveit_resources_panda_description/share/moveit_resources_panda_description/local_setup.sh
[0.670s] -- Up-to-date: /home/ubuntu/bimanual_ws_ros2/install/moveit_resources_panda_description/share/moveit_resources_panda_description/local_setup.zsh
[0.671s] -- Up-to-date: /home/ubuntu/bimanual_ws_ros2/install/moveit_resources_panda_description/share/moveit_resources_panda_description/local_setup.dsv
[0.671s] -- Installing: /home/ubuntu/bimanual_ws_ros2/install/moveit_resources_panda_description/share/moveit_resources_panda_description/package.dsv
[0.676s] -- Up-to-date: /home/ubuntu/bimanual_ws_ros2/install/moveit_resources_panda_description/share/ament_index/resource_index/packages/moveit_resources_panda_description
[0.677s] -- Up-to-date: /home/ubuntu/bimanual_ws_ros2/install/moveit_resources_panda_description/share/moveit_resources_panda_description/cmake/moveit_resources_panda_descriptionConfig.cmake
[0.677s] -- Up-to-date: /home/ubuntu/bimanual_ws_ros2/install/moveit_resources_panda_description/share/moveit_resources_panda_description/cmake/moveit_resources_panda_descriptionConfig-version.cmake
[0.677s] -- Up-to-date: /home/ubuntu/bimanual_ws_ros2/install/moveit_resources_panda_description/share/moveit_resources_panda_description/package.xml
[0.677s] -- Up-to-date: /home/ubuntu/bimanual_ws_ros2/install/moveit_resources_panda_description/share/moveit_resources_panda_description/meshes
[0.678s] -- Up-to-date: /home/ubuntu/bimanual_ws_ros2/install/moveit_resources_panda_description/share/moveit_resources_panda_description/meshes/collision
[0.679s] -- Up-to-date: /home/ubuntu/bimanual_ws_ros2/install/moveit_resources_panda_description/share/moveit_resources_panda_description/meshes/collision/link3.stl
[0.679s] -- Up-to-date: /home/ubuntu/bimanual_ws_ros2/install/moveit_resources_panda_description/share/moveit_resources_panda_description/meshes/collision/link7.stl
[0.679s] -- Up-to-date: /home/ubuntu/bimanual_ws_ros2/install/moveit_resources_panda_description/share/moveit_resources_panda_description/meshes/collision/link2.stl
[0.679s] -- Up-to-date: /home/ubuntu/bimanual_ws_ros2/install/moveit_resources_panda_description/share/moveit_resources_panda_description/meshes/collision/link1.stl
[0.679s] -- Up-to-date: /home/ubuntu/bimanual_ws_ros2/install/moveit_resources_panda_description/share/moveit_resources_panda_description/meshes/collision/link0.stl
[0.679s] -- Up-to-date: /home/ubuntu/bimanual_ws_ros2/install/moveit_resources_panda_description/share/moveit_resources_panda_description/meshes/collision/link4.stl
[0.680s] -- Up-to-date: /home/ubuntu/bimanual_ws_ros2/install/moveit_resources_panda_description/share/moveit_resources_panda_description/meshes/collision/link5.stl
[0.680s] -- Up-to-date: /home/ubuntu/bimanual_ws_ros2/install/moveit_resources_panda_description/share/moveit_resources_panda_description/meshes/collision/link6.stl
[0.680s] -- Up-to-date: /home/ubuntu/bimanual_ws_ros2/install/moveit_resources_panda_description/share/moveit_resources_panda_description/meshes/collision/hand.stl
[0.680s] -- Up-to-date: /home/ubuntu/bimanual_ws_ros2/install/moveit_resources_panda_description/share/moveit_resources_panda_description/meshes/collision/finger.stl
[0.680s] -- Up-to-date: /home/ubuntu/bimanual_ws_ros2/install/moveit_resources_panda_description/share/moveit_resources_panda_description/meshes/visual
[0.681s] -- Up-to-date: /home/ubuntu/bimanual_ws_ros2/install/moveit_resources_panda_description/share/moveit_resources_panda_description/meshes/visual/link5.dae
[0.681s] -- Up-to-date: /home/ubuntu/bimanual_ws_ros2/install/moveit_resources_panda_description/share/moveit_resources_panda_description/meshes/visual/link0.dae
[0.681s] -- Up-to-date: /home/ubuntu/bimanual_ws_ros2/install/moveit_resources_panda_description/share/moveit_resources_panda_description/meshes/visual/link4.dae
[0.682s] -- Up-to-date: /home/ubuntu/bimanual_ws_ros2/install/moveit_resources_panda_description/share/moveit_resources_panda_description/meshes/visual/link1.dae
[0.682s] -- Up-to-date: /home/ubuntu/bimanual_ws_ros2/install/moveit_resources_panda_description/share/moveit_resources_panda_description/meshes/visual/link6.dae
[0.682s] -- Up-to-date: /home/ubuntu/bimanual_ws_ros2/install/moveit_resources_panda_description/share/moveit_resources_panda_description/meshes/visual/link7.dae
[0.682s] -- Up-to-date: /home/ubuntu/bimanual_ws_ros2/install/moveit_resources_panda_description/share/moveit_resources_panda_description/meshes/visual/finger.dae
[0.682s] -- Up-to-date: /home/ubuntu/bimanual_ws_ros2/install/moveit_resources_panda_description/share/moveit_resources_panda_description/meshes/visual/link3.dae
[0.682s] -- Up-to-date: /home/ubuntu/bimanual_ws_ros2/install/moveit_resources_panda_description/share/moveit_resources_panda_description/meshes/visual/link2.dae
[0.683s] -- Up-to-date: /home/ubuntu/bimanual_ws_ros2/install/moveit_resources_panda_description/share/moveit_resources_panda_description/meshes/visual/hand.dae
[0.683s] -- Up-to-date: /home/ubuntu/bimanual_ws_ros2/install/moveit_resources_panda_description/share/moveit_resources_panda_description/urdf
[0.684s] -- Up-to-date: /home/ubuntu/bimanual_ws_ros2/install/moveit_resources_panda_description/share/moveit_resources_panda_description/urdf/panda.urdf
[0.687s] Invoked command in '/home/ubuntu/bimanual_ws_ros2/build/moveit_resources_panda_description' returned '0': CMAKE_PREFIX_PATH=/opt/ros/humble /usr/bin/cmake --install /home/ubuntu/bimanual_ws_ros2/build/moveit_resources_panda_description
