running egg_info
writing ../../build/minibe/minibe.egg-info/PKG-INFO
writing dependency_links to ../../build/minibe/minibe.egg-info/dependency_links.txt
writing entry points to ../../build/minibe/minibe.egg-info/entry_points.txt
writing requirements to ../../build/minibe/minibe.egg-info/requires.txt
writing top-level names to ../../build/minibe/minibe.egg-info/top_level.txt
reading manifest file '../../build/minibe/minibe.egg-info/SOURCES.txt'
writing manifest file '../../build/minibe/minibe.egg-info/SOURCES.txt'
running build
running build_py
copying minibe/ik.py -> /home/ubuntu/bimanual_ws_ros2/build/minibe/build/lib/minibe
running install
running install_lib
copying /home/ubuntu/bimanual_ws_ros2/build/minibe/build/lib/minibe/ik.py -> /home/ubuntu/bimanual_ws_ros2/install/minibe/lib/python3.10/site-packages/minibe
byte-compiling /home/ubuntu/bimanual_ws_ros2/install/minibe/lib/python3.10/site-packages/minibe/ik.py to ik.cpython-310.pyc
running install_data
running install_egg_info
removing '/home/ubuntu/bimanual_ws_ros2/install/minibe/lib/python3.10/site-packages/minibe-0.0.0-py3.10.egg-info' (and everything under it)
Copying ../../build/minibe/minibe.egg-info to /home/ubuntu/bimanual_ws_ros2/install/minibe/lib/python3.10/site-packages/minibe-0.0.0-py3.10.egg-info
running install_scripts
Installing ccik script to /home/ubuntu/bimanual_ws_ros2/install/minibe/lib/minibe
writing list of installed files to '/home/ubuntu/bimanual_ws_ros2/build/minibe/install.log'
