[0.011s] Invoking command in '/home/ubuntu/bimanual_ws_ros2/build/minibe_description': CMAKE_PREFIX_PATH=${CMAKE_PREFIX_PATH}:/home/ubuntu/bimanual_ws_ros2/install/minibe:/opt/ros/humble /usr/bin/cmake --build /home/ubuntu/bimanual_ws_ros2/build/minibe_description -- -j4 -l4
[0.196s] Invoked command in '/home/ubuntu/bimanual_ws_ros2/build/minibe_description' returned '0': CMAKE_PREFIX_PATH=${CMAKE_PREFIX_PATH}:/home/ubuntu/bimanual_ws_ros2/install/minibe:/opt/ros/humble /usr/bin/cmake --build /home/ubuntu/bimanual_ws_ros2/build/minibe_description -- -j4 -l4
[0.218s] Invoking command in '/home/ubuntu/bimanual_ws_ros2/build/minibe_description': CMAKE_PREFIX_PATH=${CMAKE_PREFIX_PATH}:/home/ubuntu/bimanual_ws_ros2/install/minibe:/opt/ros/humble /usr/bin/cmake --install /home/ubuntu/bimanual_ws_ros2/build/minibe_description
[0.222s] -- Install configuration: "Release"
[0.223s] -- Up-to-date: /home/ubuntu/bimanual_ws_ros2/install/minibe_description/share/ament_index/resource_index/package_run_dependencies/minibe_description
[0.223s] -- Up-to-date: /home/ubuntu/bimanual_ws_ros2/install/minibe_description/share/ament_index/resource_index/parent_prefix_path/minibe_description
[0.223s] -- Up-to-date: /home/ubuntu/bimanual_ws_ros2/install/minibe_description/share/minibe_description/environment/ament_prefix_path.sh
[0.223s] -- Up-to-date: /home/ubuntu/bimanual_ws_ros2/install/minibe_description/share/minibe_description/environment/ament_prefix_path.dsv
[0.223s] -- Up-to-date: /home/ubuntu/bimanual_ws_ros2/install/minibe_description/share/minibe_description/environment/path.sh
[0.223s] -- Up-to-date: /home/ubuntu/bimanual_ws_ros2/install/minibe_description/share/minibe_description/environment/path.dsv
[0.223s] -- Up-to-date: /home/ubuntu/bimanual_ws_ros2/install/minibe_description/share/minibe_description/local_setup.bash
[0.223s] -- Up-to-date: /home/ubuntu/bimanual_ws_ros2/install/minibe_description/share/minibe_description/local_setup.sh
[0.223s] -- Up-to-date: /home/ubuntu/bimanual_ws_ros2/install/minibe_description/share/minibe_description/local_setup.zsh
[0.223s] -- Up-to-date: /home/ubuntu/bimanual_ws_ros2/install/minibe_description/share/minibe_description/local_setup.dsv
[0.223s] -- Up-to-date: /home/ubuntu/bimanual_ws_ros2/install/minibe_description/share/minibe_description/package.dsv
[0.223s] -- Up-to-date: /home/ubuntu/bimanual_ws_ros2/install/minibe_description/share/ament_index/resource_index/packages/minibe_description
[0.223s] -- Up-to-date: /home/ubuntu/bimanual_ws_ros2/install/minibe_description/share/minibe_description/cmake/minibe_descriptionConfig.cmake
[0.223s] -- Up-to-date: /home/ubuntu/bimanual_ws_ros2/install/minibe_description/share/minibe_description/cmake/minibe_descriptionConfig-version.cmake
[0.224s] -- Up-to-date: /home/ubuntu/bimanual_ws_ros2/install/minibe_description/share/minibe_description/package.xml
[0.225s] Invoked command in '/home/ubuntu/bimanual_ws_ros2/build/minibe_description' returned '0': CMAKE_PREFIX_PATH=${CMAKE_PREFIX_PATH}:/home/ubuntu/bimanual_ws_ros2/install/minibe:/opt/ros/humble /usr/bin/cmake --install /home/ubuntu/bimanual_ws_ros2/build/minibe_description
