[0.464s] Invoking command in '/home/ubuntu/bimanual_ws_ros2/src/minibe': PYTHONPATH=/home/ubuntu/bimanual_ws_ros2/build/minibe/prefix_override:/usr/lib/python3/dist-packages/colcon_core/task/python/colcon_distutils_commands:/home/ubuntu/bimanual_ws_ros2/install/minibe/lib/python3.10/site-packages:${PYTHONPATH} /usr/bin/python3 -W ignore:setup.py install is deprecated setup.py egg_info --egg-base ../../build/minibe build --build-base /home/ubuntu/bimanual_ws_ros2/build/minibe/build install --record /home/ubuntu/bimanual_ws_ros2/build/minibe/install.log --single-version-externally-managed install_data
[0.646s] running egg_info
[0.646s] writing ../../build/minibe/minibe.egg-info/PKG-INFO
[0.646s] writing dependency_links to ../../build/minibe/minibe.egg-info/dependency_links.txt
[0.646s] writing entry points to ../../build/minibe/minibe.egg-info/entry_points.txt
[0.647s] writing requirements to ../../build/minibe/minibe.egg-info/requires.txt
[0.647s] writing top-level names to ../../build/minibe/minibe.egg-info/top_level.txt
[0.648s] reading manifest file '../../build/minibe/minibe.egg-info/SOURCES.txt'
[0.649s] writing manifest file '../../build/minibe/minibe.egg-info/SOURCES.txt'
[0.649s] running build
[0.649s] running build_py
[0.649s] running install
[0.649s] running install_lib
[0.650s] running install_data
[0.650s] running install_egg_info
[0.651s] removing '/home/ubuntu/bimanual_ws_ros2/install/minibe/lib/python3.10/site-packages/minibe-0.0.0-py3.10.egg-info' (and everything under it)
[0.652s] Copying ../../build/minibe/minibe.egg-info to /home/ubuntu/bimanual_ws_ros2/install/minibe/lib/python3.10/site-packages/minibe-0.0.0-py3.10.egg-info
[0.652s] running install_scripts
[0.667s] writing list of installed files to '/home/ubuntu/bimanual_ws_ros2/build/minibe/install.log'
[0.687s] Invoked command in '/home/ubuntu/bimanual_ws_ros2/src/minibe' returned '0': PYTHONPATH=/home/ubuntu/bimanual_ws_ros2/build/minibe/prefix_override:/usr/lib/python3/dist-packages/colcon_core/task/python/colcon_distutils_commands:/home/ubuntu/bimanual_ws_ros2/install/minibe/lib/python3.10/site-packages:${PYTHONPATH} /usr/bin/python3 -W ignore:setup.py install is deprecated setup.py egg_info --egg-base ../../build/minibe build --build-base /home/ubuntu/bimanual_ws_ros2/build/minibe/build install --record /home/ubuntu/bimanual_ws_ros2/build/minibe/install.log --single-version-externally-managed install_data
