[1.007s] Invoking command in '/home/ubuntu/bimanual_ws_ros2/src/minibe': PYTHONPATH=/home/ubuntu/bimanual_ws_ros2/build/minibe/prefix_override:/usr/lib/python3/dist-packages/colcon_core/task/python/colcon_distutils_commands:/home/ubuntu/bimanual_ws_ros2/install/minibe/lib/python3.10/site-packages:${PYTHONPATH} /usr/bin/python3 -W ignore:setup.py install is deprecated setup.py egg_info --egg-base ../../build/minibe build --build-base /home/ubuntu/bimanual_ws_ros2/build/minibe/build install --record /home/ubuntu/bimanual_ws_ros2/build/minibe/install.log --single-version-externally-managed install_data
[1.266s] running egg_info
[1.266s] writing ../../build/minibe/minibe.egg-info/PKG-INFO
[1.266s] writing dependency_links to ../../build/minibe/minibe.egg-info/dependency_links.txt
[1.267s] writing entry points to ../../build/minibe/minibe.egg-info/entry_points.txt
[1.267s] writing requirements to ../../build/minibe/minibe.egg-info/requires.txt
[1.267s] writing top-level names to ../../build/minibe/minibe.egg-info/top_level.txt
[1.269s] reading manifest file '../../build/minibe/minibe.egg-info/SOURCES.txt'
[1.270s] writing manifest file '../../build/minibe/minibe.egg-info/SOURCES.txt'
[1.270s] running build
[1.270s] running build_py
[1.270s] copying minibe/ik.py -> /home/ubuntu/bimanual_ws_ros2/build/minibe/build/lib/minibe
[1.271s] running install
[1.271s] running install_lib
[1.272s] copying /home/ubuntu/bimanual_ws_ros2/build/minibe/build/lib/minibe/ik.py -> /home/ubuntu/bimanual_ws_ros2/install/minibe/lib/python3.10/site-packages/minibe
[1.274s] byte-compiling /home/ubuntu/bimanual_ws_ros2/install/minibe/lib/python3.10/site-packages/minibe/ik.py to ik.cpython-310.pyc
[1.275s] running install_data
[1.275s] running install_egg_info
[1.277s] removing '/home/ubuntu/bimanual_ws_ros2/install/minibe/lib/python3.10/site-packages/minibe-0.0.0-py3.10.egg-info' (and everything under it)
[1.277s] Copying ../../build/minibe/minibe.egg-info to /home/ubuntu/bimanual_ws_ros2/install/minibe/lib/python3.10/site-packages/minibe-0.0.0-py3.10.egg-info
[1.279s] running install_scripts
[1.293s] Installing ik script to /home/ubuntu/bimanual_ws_ros2/install/minibe/lib/minibe
[1.294s] writing list of installed files to '/home/ubuntu/bimanual_ws_ros2/build/minibe/install.log'
[1.317s] Invoked command in '/home/ubuntu/bimanual_ws_ros2/src/minibe' returned '0': PYTHONPATH=/home/ubuntu/bimanual_ws_ros2/build/minibe/prefix_override:/usr/lib/python3/dist-packages/colcon_core/task/python/colcon_distutils_commands:/home/ubuntu/bimanual_ws_ros2/install/minibe/lib/python3.10/site-packages:${PYTHONPATH} /usr/bin/python3 -W ignore:setup.py install is deprecated setup.py egg_info --egg-base ../../build/minibe build --build-base /home/ubuntu/bimanual_ws_ros2/build/minibe/build install --record /home/ubuntu/bimanual_ws_ros2/build/minibe/install.log --single-version-externally-managed install_data
