[0.087s] DEBUG:colcon:Command line arguments: ['/usr/bin/colcon', 'build']
[0.087s] DEBUG:colcon:Parsed command line arguments: Namespace(log_base=None, log_level=None, verb_name='build', build_base='build', install_base='install', merge_install=False, symlink_install=False, test_result_base=None, continue_on_error=False, executor='parallel', parallel_workers=4, event_handlers=None, ignore_user_meta=False, metas=['./colcon.meta'], base_paths=['.'], packages_ignore=None, packages_ignore_regex=None, paths=None, packages_up_to=None, packages_up_to_regex=None, packages_above=None, packages_above_and_dependencies=None, packages_above_depth=None, packages_select_by_dep=None, packages_skip_by_dep=None, packages_skip_up_to=None, packages_select_build_failed=False, packages_skip_build_finished=False, packages_select_test_failures=False, packages_skip_test_passed=False, packages_select=None, packages_skip=None, packages_select_regex=None, packages_skip_regex=None, packages_start=None, packages_end=None, allow_overriding=[], cmake_args=None, cmake_target=None, cmake_target_skip_unavailable=False, cmake_clean_cache=False, cmake_clean_first=False, cmake_force_configure=False, ament_cmake_args=None, catkin_cmake_args=None, catkin_skip_building_tests=False, mixin_files=None, mixin=None, verb_parser=<colcon_mixin.mixin.mixin_argument.MixinArgumentDecorator object at 0x764251c7f2e0>, verb_extension=<colcon_core.verb.build.BuildVerb object at 0x764251d57a00>, main=<bound method BuildVerb.main of <colcon_core.verb.build.BuildVerb object at 0x764251d57a00>>, mixin_verb=('build',))
[0.216s] Level 1:colcon.colcon_core.package_discovery:discover_packages(colcon_meta) check parameters
[0.216s] Level 1:colcon.colcon_core.package_discovery:discover_packages(recursive) check parameters
[0.216s] Level 1:colcon.colcon_core.package_discovery:discover_packages(ignore) check parameters
[0.216s] Level 1:colcon.colcon_core.package_discovery:discover_packages(path) check parameters
[0.216s] Level 1:colcon.colcon_core.package_discovery:discover_packages(colcon_meta) discover
[0.216s] Level 1:colcon.colcon_core.package_discovery:discover_packages(recursive) discover
[0.216s] INFO:colcon.colcon_core.package_discovery:Crawling recursively for packages in '/home/ubuntu/bimanual_ws_ros2'
[0.216s] Level 1:colcon.colcon_core.package_identification:_identify(.) by extensions ['ignore', 'ignore_ament_install']
[0.217s] Level 1:colcon.colcon_core.package_identification:_identify(.) by extension 'ignore'
[0.217s] Level 1:colcon.colcon_core.package_identification:_identify(.) by extension 'ignore_ament_install'
[0.217s] Level 1:colcon.colcon_core.package_identification:_identify(.) by extensions ['colcon_pkg']
[0.217s] Level 1:colcon.colcon_core.package_identification:_identify(.) by extension 'colcon_pkg'
[0.217s] Level 1:colcon.colcon_core.package_identification:_identify(.) by extensions ['colcon_meta']
[0.217s] Level 1:colcon.colcon_core.package_identification:_identify(.) by extension 'colcon_meta'
[0.217s] Level 1:colcon.colcon_core.package_identification:_identify(.) by extensions ['ros']
[0.217s] Level 1:colcon.colcon_core.package_identification:_identify(.) by extension 'ros'
[0.224s] Level 1:colcon.colcon_core.package_identification:_identify(.) by extensions ['cmake', 'python']
[0.224s] Level 1:colcon.colcon_core.package_identification:_identify(.) by extension 'cmake'
[0.224s] Level 1:colcon.colcon_core.package_identification:_identify(.) by extension 'python'
[0.224s] Level 1:colcon.colcon_core.package_identification:_identify(.) by extensions ['python_setup_py']
[0.224s] Level 1:colcon.colcon_core.package_identification:_identify(.) by extension 'python_setup_py'
[0.225s] Level 1:colcon.colcon_core.package_identification:_identify(build) by extensions ['ignore', 'ignore_ament_install']
[0.225s] Level 1:colcon.colcon_core.package_identification:_identify(build) by extension 'ignore'
[0.225s] Level 1:colcon.colcon_core.package_identification:_identify(build) ignored
[0.225s] Level 1:colcon.colcon_core.package_identification:_identify(install) by extensions ['ignore', 'ignore_ament_install']
[0.225s] Level 1:colcon.colcon_core.package_identification:_identify(install) by extension 'ignore'
[0.225s] Level 1:colcon.colcon_core.package_identification:_identify(install) ignored
[0.225s] Level 1:colcon.colcon_core.package_identification:_identify(log) by extensions ['ignore', 'ignore_ament_install']
[0.225s] Level 1:colcon.colcon_core.package_identification:_identify(log) by extension 'ignore'
[0.225s] Level 1:colcon.colcon_core.package_identification:_identify(log) ignored
[0.225s] Level 1:colcon.colcon_core.package_identification:_identify(src) by extensions ['ignore', 'ignore_ament_install']
[0.225s] Level 1:colcon.colcon_core.package_identification:_identify(src) by extension 'ignore'
[0.225s] Level 1:colcon.colcon_core.package_identification:_identify(src) by extension 'ignore_ament_install'
[0.225s] Level 1:colcon.colcon_core.package_identification:_identify(src) by extensions ['colcon_pkg']
[0.225s] Level 1:colcon.colcon_core.package_identification:_identify(src) by extension 'colcon_pkg'
[0.225s] Level 1:colcon.colcon_core.package_identification:_identify(src) by extensions ['colcon_meta']
[0.225s] Level 1:colcon.colcon_core.package_identification:_identify(src) by extension 'colcon_meta'
[0.225s] Level 1:colcon.colcon_core.package_identification:_identify(src) by extensions ['ros']
[0.225s] Level 1:colcon.colcon_core.package_identification:_identify(src) by extension 'ros'
[0.225s] Level 1:colcon.colcon_core.package_identification:_identify(src) by extensions ['cmake', 'python']
[0.225s] Level 1:colcon.colcon_core.package_identification:_identify(src) by extension 'cmake'
[0.225s] Level 1:colcon.colcon_core.package_identification:_identify(src) by extension 'python'
[0.225s] Level 1:colcon.colcon_core.package_identification:_identify(src) by extensions ['python_setup_py']
[0.225s] Level 1:colcon.colcon_core.package_identification:_identify(src) by extension 'python_setup_py'
[0.225s] Level 1:colcon.colcon_core.package_identification:_identify(src/minibe) by extensions ['ignore', 'ignore_ament_install']
[0.226s] Level 1:colcon.colcon_core.package_identification:_identify(src/minibe) by extension 'ignore'
[0.226s] Level 1:colcon.colcon_core.package_identification:_identify(src/minibe) by extension 'ignore_ament_install'
[0.226s] Level 1:colcon.colcon_core.package_identification:_identify(src/minibe) by extensions ['colcon_pkg']
[0.226s] Level 1:colcon.colcon_core.package_identification:_identify(src/minibe) by extension 'colcon_pkg'
[0.226s] Level 1:colcon.colcon_core.package_identification:_identify(src/minibe) by extensions ['colcon_meta']
[0.226s] Level 1:colcon.colcon_core.package_identification:_identify(src/minibe) by extension 'colcon_meta'
[0.226s] Level 1:colcon.colcon_core.package_identification:_identify(src/minibe) by extensions ['ros']
[0.226s] Level 1:colcon.colcon_core.package_identification:_identify(src/minibe) by extension 'ros'
[0.227s] DEBUG:colcon.colcon_core.package_identification:Package 'src/minibe' with type 'ros.ament_python' and name 'minibe'
[0.227s] Level 1:colcon.colcon_core.package_identification:_identify(src/moveit_resources) by extensions ['ignore', 'ignore_ament_install']
[0.227s] Level 1:colcon.colcon_core.package_identification:_identify(src/moveit_resources) by extension 'ignore'
[0.228s] Level 1:colcon.colcon_core.package_identification:_identify(src/moveit_resources) by extension 'ignore_ament_install'
[0.228s] Level 1:colcon.colcon_core.package_identification:_identify(src/moveit_resources) by extensions ['colcon_pkg']
[0.228s] Level 1:colcon.colcon_core.package_identification:_identify(src/moveit_resources) by extension 'colcon_pkg'
[0.228s] Level 1:colcon.colcon_core.package_identification:_identify(src/moveit_resources) by extensions ['colcon_meta']
[0.228s] Level 1:colcon.colcon_core.package_identification:_identify(src/moveit_resources) by extension 'colcon_meta'
[0.228s] Level 1:colcon.colcon_core.package_identification:_identify(src/moveit_resources) by extensions ['ros']
[0.228s] Level 1:colcon.colcon_core.package_identification:_identify(src/moveit_resources) by extension 'ros'
[0.228s] Level 1:colcon.colcon_core.package_identification:_identify(src/moveit_resources) by extensions ['cmake', 'python']
[0.228s] Level 1:colcon.colcon_core.package_identification:_identify(src/moveit_resources) by extension 'cmake'
[0.228s] Level 1:colcon.colcon_core.package_identification:_identify(src/moveit_resources) by extension 'python'
[0.228s] Level 1:colcon.colcon_core.package_identification:_identify(src/moveit_resources) by extensions ['python_setup_py']
[0.228s] Level 1:colcon.colcon_core.package_identification:_identify(src/moveit_resources) by extension 'python_setup_py'
[0.228s] Level 1:colcon.colcon_core.package_identification:_identify(src/moveit_resources/minibe_description) by extensions ['ignore', 'ignore_ament_install']
[0.228s] Level 1:colcon.colcon_core.package_identification:_identify(src/moveit_resources/minibe_description) by extension 'ignore'
[0.228s] Level 1:colcon.colcon_core.package_identification:_identify(src/moveit_resources/minibe_description) by extension 'ignore_ament_install'
[0.228s] Level 1:colcon.colcon_core.package_identification:_identify(src/moveit_resources/minibe_description) by extensions ['colcon_pkg']
[0.228s] Level 1:colcon.colcon_core.package_identification:_identify(src/moveit_resources/minibe_description) by extension 'colcon_pkg'
[0.228s] Level 1:colcon.colcon_core.package_identification:_identify(src/moveit_resources/minibe_description) by extensions ['colcon_meta']
[0.228s] Level 1:colcon.colcon_core.package_identification:_identify(src/moveit_resources/minibe_description) by extension 'colcon_meta'
[0.228s] Level 1:colcon.colcon_core.package_identification:_identify(src/moveit_resources/minibe_description) by extensions ['ros']
[0.228s] Level 1:colcon.colcon_core.package_identification:_identify(src/moveit_resources/minibe_description) by extension 'ros'
[0.228s] DEBUG:colcon.colcon_core.package_identification:Package 'src/moveit_resources/minibe_description' with type 'ros.ament_python' and name 'minibe_description'
[0.228s] Level 1:colcon.colcon_core.package_identification:_identify(src/moveit_resources/minibe_moveit_config) by extensions ['ignore', 'ignore_ament_install']
[0.229s] Level 1:colcon.colcon_core.package_identification:_identify(src/moveit_resources/minibe_moveit_config) by extension 'ignore'
[0.229s] Level 1:colcon.colcon_core.package_identification:_identify(src/moveit_resources/minibe_moveit_config) by extension 'ignore_ament_install'
[0.229s] Level 1:colcon.colcon_core.package_identification:_identify(src/moveit_resources/minibe_moveit_config) by extensions ['colcon_pkg']
[0.229s] Level 1:colcon.colcon_core.package_identification:_identify(src/moveit_resources/minibe_moveit_config) by extension 'colcon_pkg'
[0.229s] Level 1:colcon.colcon_core.package_identification:_identify(src/moveit_resources/minibe_moveit_config) by extensions ['colcon_meta']
[0.229s] Level 1:colcon.colcon_core.package_identification:_identify(src/moveit_resources/minibe_moveit_config) by extension 'colcon_meta'
[0.229s] Level 1:colcon.colcon_core.package_identification:_identify(src/moveit_resources/minibe_moveit_config) by extensions ['ros']
[0.229s] Level 1:colcon.colcon_core.package_identification:_identify(src/moveit_resources/minibe_moveit_config) by extension 'ros'
[0.229s] DEBUG:colcon.colcon_core.package_identification:Package 'src/moveit_resources/minibe_moveit_config' with type 'ros.ament_cmake' and name 'minibe_moveit_config'
[0.229s] Level 1:colcon.colcon_core.package_identification:_identify(src/moveit_resources/panda_description) by extensions ['ignore', 'ignore_ament_install']
[0.229s] Level 1:colcon.colcon_core.package_identification:_identify(src/moveit_resources/panda_description) by extension 'ignore'
[0.229s] Level 1:colcon.colcon_core.package_identification:_identify(src/moveit_resources/panda_description) by extension 'ignore_ament_install'
[0.229s] Level 1:colcon.colcon_core.package_identification:_identify(src/moveit_resources/panda_description) by extensions ['colcon_pkg']
[0.229s] Level 1:colcon.colcon_core.package_identification:_identify(src/moveit_resources/panda_description) by extension 'colcon_pkg'
[0.229s] Level 1:colcon.colcon_core.package_identification:_identify(src/moveit_resources/panda_description) by extensions ['colcon_meta']
[0.230s] Level 1:colcon.colcon_core.package_identification:_identify(src/moveit_resources/panda_description) by extension 'colcon_meta'
[0.230s] Level 1:colcon.colcon_core.package_identification:_identify(src/moveit_resources/panda_description) by extensions ['ros']
[0.230s] Level 1:colcon.colcon_core.package_identification:_identify(src/moveit_resources/panda_description) by extension 'ros'
[0.230s] DEBUG:colcon.colcon_core.package_identification:Package 'src/moveit_resources/panda_description' with type 'ros.ament_cmake' and name 'moveit_resources_panda_description'
[0.230s] Level 1:colcon.colcon_core.package_identification:_identify(src/moveit_resources/panda_moveit_config) by extensions ['ignore', 'ignore_ament_install']
[0.230s] Level 1:colcon.colcon_core.package_identification:_identify(src/moveit_resources/panda_moveit_config) by extension 'ignore'
[0.230s] Level 1:colcon.colcon_core.package_identification:_identify(src/moveit_resources/panda_moveit_config) by extension 'ignore_ament_install'
[0.230s] Level 1:colcon.colcon_core.package_identification:_identify(src/moveit_resources/panda_moveit_config) by extensions ['colcon_pkg']
[0.230s] Level 1:colcon.colcon_core.package_identification:_identify(src/moveit_resources/panda_moveit_config) by extension 'colcon_pkg'
[0.230s] Level 1:colcon.colcon_core.package_identification:_identify(src/moveit_resources/panda_moveit_config) by extensions ['colcon_meta']
[0.230s] Level 1:colcon.colcon_core.package_identification:_identify(src/moveit_resources/panda_moveit_config) by extension 'colcon_meta'
[0.230s] Level 1:colcon.colcon_core.package_identification:_identify(src/moveit_resources/panda_moveit_config) by extensions ['ros']
[0.230s] Level 1:colcon.colcon_core.package_identification:_identify(src/moveit_resources/panda_moveit_config) by extension 'ros'
[0.231s] DEBUG:colcon.colcon_core.package_identification:Package 'src/moveit_resources/panda_moveit_config' with type 'ros.ament_cmake' and name 'panda_moveit_config'
[0.231s] Level 1:colcon.colcon_core.package_identification:_identify(src/urdf_parser_py) by extensions ['ignore', 'ignore_ament_install']
[0.231s] Level 1:colcon.colcon_core.package_identification:_identify(src/urdf_parser_py) by extension 'ignore'
[0.231s] Level 1:colcon.colcon_core.package_identification:_identify(src/urdf_parser_py) by extension 'ignore_ament_install'
[0.231s] Level 1:colcon.colcon_core.package_identification:_identify(src/urdf_parser_py) by extensions ['colcon_pkg']
[0.231s] Level 1:colcon.colcon_core.package_identification:_identify(src/urdf_parser_py) by extension 'colcon_pkg'
[0.231s] Level 1:colcon.colcon_core.package_identification:_identify(src/urdf_parser_py) by extensions ['colcon_meta']
[0.231s] Level 1:colcon.colcon_core.package_identification:_identify(src/urdf_parser_py) by extension 'colcon_meta'
[0.231s] Level 1:colcon.colcon_core.package_identification:_identify(src/urdf_parser_py) by extensions ['ros']
[0.231s] Level 1:colcon.colcon_core.package_identification:_identify(src/urdf_parser_py) by extension 'ros'
[0.231s] DEBUG:colcon.colcon_core.package_identification:Package 'src/urdf_parser_py' with type 'ros.ament_python' and name 'urdfdom_py'
[0.231s] Level 1:colcon.colcon_core.package_discovery:discover_packages(recursive) using defaults
[0.232s] Level 1:colcon.colcon_core.package_discovery:discover_packages(ignore) discover
[0.232s] Level 1:colcon.colcon_core.package_discovery:discover_packages(ignore) using defaults
[0.232s] Level 1:colcon.colcon_core.package_discovery:discover_packages(path) discover
[0.232s] Level 1:colcon.colcon_core.package_discovery:discover_packages(path) using defaults
[0.255s] Level 1:colcon.colcon_core.package_discovery:discover_packages(prefix_path) check parameters
[0.256s] Level 1:colcon.colcon_core.package_discovery:discover_packages(prefix_path) discover
[0.257s] DEBUG:colcon.colcon_installed_package_information.package_discovery:Found 5 installed packages in /home/ubuntu/bimanual_ws_ros2/install
[0.258s] DEBUG:colcon.colcon_installed_package_information.package_discovery:Found 341 installed packages in /opt/ros/humble
[0.259s] Level 1:colcon.colcon_core.package_discovery:discover_packages(prefix_path) using defaults
[0.287s] WARNING:colcon.colcon_core.package_selection:Some selected packages are already built in one or more underlay workspaces:
	'urdfdom_py' is in: /home/ubuntu/bimanual_ws_ros2/install/urdfdom_py, /opt/ros/humble
	'moveit_resources_panda_description' is in: /home/ubuntu/bimanual_ws_ros2/install/moveit_resources_panda_description
If a package in a merged underlay workspace is overridden and it installs headers, then all packages in the overlay must sort their include directories by workspace order. Failure to do so may result in build failures or undefined behavior at run time.
If the overridden package is used by another package in any underlay, then the overriding package in the overlay must be API and ABI compatible or undefined behavior at run time may occur.

If you understand the risks and want to override a package anyways, add the following to the command line:
	--allow-overriding moveit_resources_panda_description urdfdom_py

This may be promoted to an error in a future release of colcon-override-check.
[0.288s] Level 5:colcon.colcon_core.verb:set package 'minibe' build argument 'cmake_args' from command line to 'None'
[0.288s] Level 5:colcon.colcon_core.verb:set package 'minibe' build argument 'cmake_target' from command line to 'None'
[0.288s] Level 5:colcon.colcon_core.verb:set package 'minibe' build argument 'cmake_target_skip_unavailable' from command line to 'False'
[0.288s] Level 5:colcon.colcon_core.verb:set package 'minibe' build argument 'cmake_clean_cache' from command line to 'False'
[0.288s] Level 5:colcon.colcon_core.verb:set package 'minibe' build argument 'cmake_clean_first' from command line to 'False'
[0.288s] Level 5:colcon.colcon_core.verb:set package 'minibe' build argument 'cmake_force_configure' from command line to 'False'
[0.288s] Level 5:colcon.colcon_core.verb:set package 'minibe' build argument 'ament_cmake_args' from command line to 'None'
[0.288s] Level 5:colcon.colcon_core.verb:set package 'minibe' build argument 'catkin_cmake_args' from command line to 'None'
[0.288s] Level 5:colcon.colcon_core.verb:set package 'minibe' build argument 'catkin_skip_building_tests' from command line to 'False'
[0.288s] DEBUG:colcon.colcon_core.verb:Building package 'minibe' with the following arguments: {'ament_cmake_args': None, 'build_base': '/home/ubuntu/bimanual_ws_ros2/build/minibe', 'catkin_cmake_args': None, 'catkin_skip_building_tests': False, 'cmake_args': None, 'cmake_clean_cache': False, 'cmake_clean_first': False, 'cmake_force_configure': False, 'cmake_target': None, 'cmake_target_skip_unavailable': False, 'install_base': '/home/ubuntu/bimanual_ws_ros2/install/minibe', 'merge_install': False, 'path': '/home/ubuntu/bimanual_ws_ros2/src/minibe', 'symlink_install': False, 'test_result_base': None}
[0.289s] Level 5:colcon.colcon_core.verb:set package 'minibe_description' build argument 'cmake_args' from command line to 'None'
[0.289s] Level 5:colcon.colcon_core.verb:set package 'minibe_description' build argument 'cmake_target' from command line to 'None'
[0.289s] Level 5:colcon.colcon_core.verb:set package 'minibe_description' build argument 'cmake_target_skip_unavailable' from command line to 'False'
[0.289s] Level 5:colcon.colcon_core.verb:set package 'minibe_description' build argument 'cmake_clean_cache' from command line to 'False'
[0.289s] Level 5:colcon.colcon_core.verb:set package 'minibe_description' build argument 'cmake_clean_first' from command line to 'False'
[0.289s] Level 5:colcon.colcon_core.verb:set package 'minibe_description' build argument 'cmake_force_configure' from command line to 'False'
[0.289s] Level 5:colcon.colcon_core.verb:set package 'minibe_description' build argument 'ament_cmake_args' from command line to 'None'
[0.289s] Level 5:colcon.colcon_core.verb:set package 'minibe_description' build argument 'catkin_cmake_args' from command line to 'None'
[0.289s] Level 5:colcon.colcon_core.verb:set package 'minibe_description' build argument 'catkin_skip_building_tests' from command line to 'False'
[0.289s] DEBUG:colcon.colcon_core.verb:Building package 'minibe_description' with the following arguments: {'ament_cmake_args': None, 'build_base': '/home/ubuntu/bimanual_ws_ros2/build/minibe_description', 'catkin_cmake_args': None, 'catkin_skip_building_tests': False, 'cmake_args': None, 'cmake_clean_cache': False, 'cmake_clean_first': False, 'cmake_force_configure': False, 'cmake_target': None, 'cmake_target_skip_unavailable': False, 'install_base': '/home/ubuntu/bimanual_ws_ros2/install/minibe_description', 'merge_install': False, 'path': '/home/ubuntu/bimanual_ws_ros2/src/moveit_resources/minibe_description', 'symlink_install': False, 'test_result_base': None}
[0.289s] Level 5:colcon.colcon_core.verb:set package 'moveit_resources_panda_description' build argument 'cmake_args' from command line to 'None'
[0.289s] Level 5:colcon.colcon_core.verb:set package 'moveit_resources_panda_description' build argument 'cmake_target' from command line to 'None'
[0.289s] Level 5:colcon.colcon_core.verb:set package 'moveit_resources_panda_description' build argument 'cmake_target_skip_unavailable' from command line to 'False'
[0.289s] Level 5:colcon.colcon_core.verb:set package 'moveit_resources_panda_description' build argument 'cmake_clean_cache' from command line to 'False'
[0.289s] Level 5:colcon.colcon_core.verb:set package 'moveit_resources_panda_description' build argument 'cmake_clean_first' from command line to 'False'
[0.289s] Level 5:colcon.colcon_core.verb:set package 'moveit_resources_panda_description' build argument 'cmake_force_configure' from command line to 'False'
[0.289s] Level 5:colcon.colcon_core.verb:set package 'moveit_resources_panda_description' build argument 'ament_cmake_args' from command line to 'None'
[0.289s] Level 5:colcon.colcon_core.verb:set package 'moveit_resources_panda_description' build argument 'catkin_cmake_args' from command line to 'None'
[0.289s] Level 5:colcon.colcon_core.verb:set package 'moveit_resources_panda_description' build argument 'catkin_skip_building_tests' from command line to 'False'
[0.289s] DEBUG:colcon.colcon_core.verb:Building package 'moveit_resources_panda_description' with the following arguments: {'ament_cmake_args': None, 'build_base': '/home/ubuntu/bimanual_ws_ros2/build/moveit_resources_panda_description', 'catkin_cmake_args': None, 'catkin_skip_building_tests': False, 'cmake_args': None, 'cmake_clean_cache': False, 'cmake_clean_first': False, 'cmake_force_configure': False, 'cmake_target': None, 'cmake_target_skip_unavailable': False, 'install_base': '/home/ubuntu/bimanual_ws_ros2/install/moveit_resources_panda_description', 'merge_install': False, 'path': '/home/ubuntu/bimanual_ws_ros2/src/moveit_resources/panda_description', 'symlink_install': False, 'test_result_base': None}
[0.289s] Level 5:colcon.colcon_core.verb:set package 'urdfdom_py' build argument 'cmake_args' from command line to 'None'
[0.289s] Level 5:colcon.colcon_core.verb:set package 'urdfdom_py' build argument 'cmake_target' from command line to 'None'
[0.289s] Level 5:colcon.colcon_core.verb:set package 'urdfdom_py' build argument 'cmake_target_skip_unavailable' from command line to 'False'
[0.289s] Level 5:colcon.colcon_core.verb:set package 'urdfdom_py' build argument 'cmake_clean_cache' from command line to 'False'
[0.289s] Level 5:colcon.colcon_core.verb:set package 'urdfdom_py' build argument 'cmake_clean_first' from command line to 'False'
[0.289s] Level 5:colcon.colcon_core.verb:set package 'urdfdom_py' build argument 'cmake_force_configure' from command line to 'False'
[0.289s] Level 5:colcon.colcon_core.verb:set package 'urdfdom_py' build argument 'ament_cmake_args' from command line to 'None'
[0.289s] Level 5:colcon.colcon_core.verb:set package 'urdfdom_py' build argument 'catkin_cmake_args' from command line to 'None'
[0.289s] Level 5:colcon.colcon_core.verb:set package 'urdfdom_py' build argument 'catkin_skip_building_tests' from command line to 'False'
[0.289s] DEBUG:colcon.colcon_core.verb:Building package 'urdfdom_py' with the following arguments: {'ament_cmake_args': None, 'build_base': '/home/ubuntu/bimanual_ws_ros2/build/urdfdom_py', 'catkin_cmake_args': None, 'catkin_skip_building_tests': False, 'cmake_args': None, 'cmake_clean_cache': False, 'cmake_clean_first': False, 'cmake_force_configure': False, 'cmake_target': None, 'cmake_target_skip_unavailable': False, 'install_base': '/home/ubuntu/bimanual_ws_ros2/install/urdfdom_py', 'merge_install': False, 'path': '/home/ubuntu/bimanual_ws_ros2/src/urdf_parser_py', 'symlink_install': False, 'test_result_base': None}
[0.290s] Level 5:colcon.colcon_core.verb:set package 'minibe_moveit_config' build argument 'cmake_args' from command line to 'None'
[0.290s] Level 5:colcon.colcon_core.verb:set package 'minibe_moveit_config' build argument 'cmake_target' from command line to 'None'
[0.290s] Level 5:colcon.colcon_core.verb:set package 'minibe_moveit_config' build argument 'cmake_target_skip_unavailable' from command line to 'False'
[0.290s] Level 5:colcon.colcon_core.verb:set package 'minibe_moveit_config' build argument 'cmake_clean_cache' from command line to 'False'
[0.290s] Level 5:colcon.colcon_core.verb:set package 'minibe_moveit_config' build argument 'cmake_clean_first' from command line to 'False'
[0.290s] Level 5:colcon.colcon_core.verb:set package 'minibe_moveit_config' build argument 'cmake_force_configure' from command line to 'False'
[0.290s] Level 5:colcon.colcon_core.verb:set package 'minibe_moveit_config' build argument 'ament_cmake_args' from command line to 'None'
[0.290s] Level 5:colcon.colcon_core.verb:set package 'minibe_moveit_config' build argument 'catkin_cmake_args' from command line to 'None'
[0.290s] Level 5:colcon.colcon_core.verb:set package 'minibe_moveit_config' build argument 'catkin_skip_building_tests' from command line to 'False'
[0.290s] DEBUG:colcon.colcon_core.verb:Building package 'minibe_moveit_config' with the following arguments: {'ament_cmake_args': None, 'build_base': '/home/ubuntu/bimanual_ws_ros2/build/minibe_moveit_config', 'catkin_cmake_args': None, 'catkin_skip_building_tests': False, 'cmake_args': None, 'cmake_clean_cache': False, 'cmake_clean_first': False, 'cmake_force_configure': False, 'cmake_target': None, 'cmake_target_skip_unavailable': False, 'install_base': '/home/ubuntu/bimanual_ws_ros2/install/minibe_moveit_config', 'merge_install': False, 'path': '/home/ubuntu/bimanual_ws_ros2/src/moveit_resources/minibe_moveit_config', 'symlink_install': False, 'test_result_base': None}
[0.290s] Level 5:colcon.colcon_core.verb:set package 'panda_moveit_config' build argument 'cmake_args' from command line to 'None'
[0.290s] Level 5:colcon.colcon_core.verb:set package 'panda_moveit_config' build argument 'cmake_target' from command line to 'None'
[0.290s] Level 5:colcon.colcon_core.verb:set package 'panda_moveit_config' build argument 'cmake_target_skip_unavailable' from command line to 'False'
[0.290s] Level 5:colcon.colcon_core.verb:set package 'panda_moveit_config' build argument 'cmake_clean_cache' from command line to 'False'
[0.290s] Level 5:colcon.colcon_core.verb:set package 'panda_moveit_config' build argument 'cmake_clean_first' from command line to 'False'
[0.290s] Level 5:colcon.colcon_core.verb:set package 'panda_moveit_config' build argument 'cmake_force_configure' from command line to 'False'
[0.290s] Level 5:colcon.colcon_core.verb:set package 'panda_moveit_config' build argument 'ament_cmake_args' from command line to 'None'
[0.290s] Level 5:colcon.colcon_core.verb:set package 'panda_moveit_config' build argument 'catkin_cmake_args' from command line to 'None'
[0.290s] Level 5:colcon.colcon_core.verb:set package 'panda_moveit_config' build argument 'catkin_skip_building_tests' from command line to 'False'
[0.290s] DEBUG:colcon.colcon_core.verb:Building package 'panda_moveit_config' with the following arguments: {'ament_cmake_args': None, 'build_base': '/home/ubuntu/bimanual_ws_ros2/build/panda_moveit_config', 'catkin_cmake_args': None, 'catkin_skip_building_tests': False, 'cmake_args': None, 'cmake_clean_cache': False, 'cmake_clean_first': False, 'cmake_force_configure': False, 'cmake_target': None, 'cmake_target_skip_unavailable': False, 'install_base': '/home/ubuntu/bimanual_ws_ros2/install/panda_moveit_config', 'merge_install': False, 'path': '/home/ubuntu/bimanual_ws_ros2/src/moveit_resources/panda_moveit_config', 'symlink_install': False, 'test_result_base': None}
[0.290s] INFO:colcon.colcon_core.executor:Executing jobs using 'parallel' executor
[0.291s] DEBUG:colcon.colcon_parallel_executor.executor.parallel:run_until_complete
[0.291s] INFO:colcon.colcon_ros.task.ament_python.build:Building ROS package in '/home/ubuntu/bimanual_ws_ros2/src/moveit_resources/minibe_description' with build type 'ament_python'
[0.291s] Level 1:colcon.colcon_core.shell:create_environment_hook('minibe_description', 'ament_prefix_path')
[0.293s] INFO:colcon.colcon_core.plugin_system:Skipping extension 'colcon_core.shell.bat': Not used on non-Windows systems
[0.293s] INFO:colcon.colcon_core.shell:Creating environment hook '/home/ubuntu/bimanual_ws_ros2/install/minibe_description/share/minibe_description/hook/ament_prefix_path.ps1'
[0.293s] INFO:colcon.colcon_core.shell:Creating environment descriptor '/home/ubuntu/bimanual_ws_ros2/install/minibe_description/share/minibe_description/hook/ament_prefix_path.dsv'
[0.293s] INFO:colcon.colcon_core.shell:Creating environment hook '/home/ubuntu/bimanual_ws_ros2/install/minibe_description/share/minibe_description/hook/ament_prefix_path.sh'
[0.294s] INFO:colcon.colcon_core.shell:Skip shell extension 'powershell' for command environment: Not usable outside of PowerShell
[0.294s] DEBUG:colcon.colcon_core.shell:Skip shell extension 'dsv' for command environment
[0.296s] INFO:colcon.colcon_ros.task.ament_cmake.build:Building ROS package in '/home/ubuntu/bimanual_ws_ros2/src/moveit_resources/panda_description' with build type 'ament_cmake'
[0.296s] INFO:colcon.colcon_cmake.task.cmake.build:Building CMake package in '/home/ubuntu/bimanual_ws_ros2/src/moveit_resources/panda_description'
[0.297s] INFO:colcon.colcon_core.shell:Skip shell extension 'powershell' for command environment: Not usable outside of PowerShell
[0.297s] DEBUG:colcon.colcon_core.shell:Skip shell extension 'dsv' for command environment
[0.299s] INFO:colcon.colcon_ros.task.ament_python.build:Building ROS package in '/home/ubuntu/bimanual_ws_ros2/src/minibe' with build type 'ament_python'
[0.299s] Level 1:colcon.colcon_core.shell:create_environment_hook('minibe', 'ament_prefix_path')
[0.299s] INFO:colcon.colcon_core.shell:Creating environment hook '/home/ubuntu/bimanual_ws_ros2/install/minibe/share/minibe/hook/ament_prefix_path.ps1'
[0.300s] INFO:colcon.colcon_core.shell:Creating environment descriptor '/home/ubuntu/bimanual_ws_ros2/install/minibe/share/minibe/hook/ament_prefix_path.dsv'
[0.300s] INFO:colcon.colcon_core.shell:Creating environment hook '/home/ubuntu/bimanual_ws_ros2/install/minibe/share/minibe/hook/ament_prefix_path.sh'
[0.301s] INFO:colcon.colcon_core.shell:Skip shell extension 'powershell' for command environment: Not usable outside of PowerShell
[0.301s] DEBUG:colcon.colcon_core.shell:Skip shell extension 'dsv' for command environment
[0.305s] INFO:colcon.colcon_ros.task.ament_python.build:Building ROS package in '/home/ubuntu/bimanual_ws_ros2/src/urdf_parser_py' with build type 'ament_python'
[0.305s] Level 1:colcon.colcon_core.shell:create_environment_hook('urdfdom_py', 'ament_prefix_path')
[0.305s] INFO:colcon.colcon_core.shell:Creating environment hook '/home/ubuntu/bimanual_ws_ros2/install/urdfdom_py/share/urdfdom_py/hook/ament_prefix_path.ps1'
[0.306s] INFO:colcon.colcon_core.shell:Creating environment descriptor '/home/ubuntu/bimanual_ws_ros2/install/urdfdom_py/share/urdfdom_py/hook/ament_prefix_path.dsv'
[0.306s] INFO:colcon.colcon_core.shell:Creating environment hook '/home/ubuntu/bimanual_ws_ros2/install/urdfdom_py/share/urdfdom_py/hook/ament_prefix_path.sh'
[0.306s] INFO:colcon.colcon_core.shell:Skip shell extension 'powershell' for command environment: Not usable outside of PowerShell
[0.306s] DEBUG:colcon.colcon_core.shell:Skip shell extension 'dsv' for command environment
[0.499s] INFO:colcon.colcon_core.task.python.build:Building Python package in '/home/ubuntu/bimanual_ws_ros2/src/moveit_resources/minibe_description'
[0.499s] INFO:colcon.colcon_core.shell:Skip shell extension 'powershell' for command environment: Not usable outside of PowerShell
[0.499s] DEBUG:colcon.colcon_core.shell:Skip shell extension 'dsv' for command environment
[0.503s] DEBUG:colcon.colcon_core.event_handler.log_command:Invoking command in '/home/ubuntu/bimanual_ws_ros2/build/moveit_resources_panda_description': CMAKE_PREFIX_PATH=${CMAKE_PREFIX_PATH}:/home/ubuntu/bimanual_ws_ros2/install/urdfdom_py:/home/ubuntu/bimanual_ws_ros2/install/minibe:/opt/ros/humble /usr/bin/cmake --build /home/ubuntu/bimanual_ws_ros2/build/moveit_resources_panda_description -- -j4 -l4
[0.697s] INFO:colcon.colcon_core.task.python.build:Building Python package in '/home/ubuntu/bimanual_ws_ros2/src/minibe'
[0.697s] INFO:colcon.colcon_core.shell:Skip shell extension 'powershell' for command environment: Not usable outside of PowerShell
[0.697s] DEBUG:colcon.colcon_core.shell:Skip shell extension 'dsv' for command environment
[0.890s] INFO:colcon.colcon_core.task.python.build:Building Python package in '/home/ubuntu/bimanual_ws_ros2/src/urdf_parser_py'
[0.890s] INFO:colcon.colcon_core.shell:Skip shell extension 'powershell' for command environment: Not usable outside of PowerShell
[0.890s] DEBUG:colcon.colcon_core.shell:Skip shell extension 'dsv' for command environment
[0.894s] DEBUG:colcon.colcon_core.event_handler.log_command:Invoked command in '/home/ubuntu/bimanual_ws_ros2/build/moveit_resources_panda_description' returned '0': CMAKE_PREFIX_PATH=${CMAKE_PREFIX_PATH}:/home/ubuntu/bimanual_ws_ros2/install/urdfdom_py:/home/ubuntu/bimanual_ws_ros2/install/minibe:/opt/ros/humble /usr/bin/cmake --build /home/ubuntu/bimanual_ws_ros2/build/moveit_resources_panda_description -- -j4 -l4
[0.926s] DEBUG:colcon.colcon_core.event_handler.log_command:Invoking command in '/home/ubuntu/bimanual_ws_ros2/build/moveit_resources_panda_description': CMAKE_PREFIX_PATH=${CMAKE_PREFIX_PATH}:/home/ubuntu/bimanual_ws_ros2/install/urdfdom_py:/home/ubuntu/bimanual_ws_ros2/install/minibe:/opt/ros/humble /usr/bin/cmake --install /home/ubuntu/bimanual_ws_ros2/build/moveit_resources_panda_description
[0.941s] Level 1:colcon.colcon_core.environment:create_environment_scripts_only(moveit_resources_panda_description)
[0.943s] Level 1:colcon.colcon_core.environment:checking '/home/ubuntu/bimanual_ws_ros2/install/moveit_resources_panda_description' for CMake module files
[0.945s] Level 1:colcon.colcon_core.environment:checking '/home/ubuntu/bimanual_ws_ros2/install/moveit_resources_panda_description' for CMake config files
[0.945s] Level 1:colcon.colcon_core.shell:create_environment_hook('moveit_resources_panda_description', 'cmake_prefix_path')
[0.946s] INFO:colcon.colcon_core.shell:Creating environment hook '/home/ubuntu/bimanual_ws_ros2/install/moveit_resources_panda_description/share/moveit_resources_panda_description/hook/cmake_prefix_path.ps1'
[0.946s] INFO:colcon.colcon_core.shell:Creating environment descriptor '/home/ubuntu/bimanual_ws_ros2/install/moveit_resources_panda_description/share/moveit_resources_panda_description/hook/cmake_prefix_path.dsv'
[0.947s] INFO:colcon.colcon_core.shell:Creating environment hook '/home/ubuntu/bimanual_ws_ros2/install/moveit_resources_panda_description/share/moveit_resources_panda_description/hook/cmake_prefix_path.sh'
[0.944s] DEBUG:colcon.colcon_core.event_handler.log_command:Invoked command in '/home/ubuntu/bimanual_ws_ros2/build/moveit_resources_panda_description' returned '0': CMAKE_PREFIX_PATH=${CMAKE_PREFIX_PATH}:/home/ubuntu/bimanual_ws_ros2/install/urdfdom_py:/home/ubuntu/bimanual_ws_ros2/install/minibe:/opt/ros/humble /usr/bin/cmake --install /home/ubuntu/bimanual_ws_ros2/build/moveit_resources_panda_description
[0.947s] Level 1:colcon.colcon_core.environment:checking '/home/ubuntu/bimanual_ws_ros2/install/moveit_resources_panda_description/bin'
[0.947s] Level 1:colcon.colcon_core.environment:checking '/home/ubuntu/bimanual_ws_ros2/install/moveit_resources_panda_description/lib/pkgconfig/moveit_resources_panda_description.pc'
[0.948s] Level 1:colcon.colcon_core.environment:checking '/home/ubuntu/bimanual_ws_ros2/install/moveit_resources_panda_description/lib/python3.10/site-packages'
[0.948s] Level 1:colcon.colcon_core.environment:checking '/home/ubuntu/bimanual_ws_ros2/install/moveit_resources_panda_description/bin'
[0.948s] INFO:colcon.colcon_core.shell:Creating package script '/home/ubuntu/bimanual_ws_ros2/install/moveit_resources_panda_description/share/moveit_resources_panda_description/package.ps1'
[0.949s] INFO:colcon.colcon_core.shell:Creating package descriptor '/home/ubuntu/bimanual_ws_ros2/install/moveit_resources_panda_description/share/moveit_resources_panda_description/package.dsv'
[0.950s] INFO:colcon.colcon_core.shell:Creating package script '/home/ubuntu/bimanual_ws_ros2/install/moveit_resources_panda_description/share/moveit_resources_panda_description/package.sh'
[0.951s] INFO:colcon.colcon_core.shell:Creating package script '/home/ubuntu/bimanual_ws_ros2/install/moveit_resources_panda_description/share/moveit_resources_panda_description/package.bash'
[0.951s] INFO:colcon.colcon_core.shell:Creating package script '/home/ubuntu/bimanual_ws_ros2/install/moveit_resources_panda_description/share/moveit_resources_panda_description/package.zsh'
[0.952s] Level 1:colcon.colcon_core.environment:create_file_with_runtime_dependencies(/home/ubuntu/bimanual_ws_ros2/install/moveit_resources_panda_description/share/colcon-core/packages/moveit_resources_panda_description)
[0.975s] Level 1:colcon.colcon_core.environment:create_environment_scripts_only(moveit_resources_panda_description)
[0.975s] Level 1:colcon.colcon_core.environment:checking '/home/ubuntu/bimanual_ws_ros2/install/moveit_resources_panda_description' for CMake module files
[0.976s] Level 1:colcon.colcon_core.environment:checking '/home/ubuntu/bimanual_ws_ros2/install/moveit_resources_panda_description' for CMake config files
[0.976s] Level 1:colcon.colcon_core.shell:create_environment_hook('moveit_resources_panda_description', 'cmake_prefix_path')
[0.976s] INFO:colcon.colcon_core.shell:Creating environment hook '/home/ubuntu/bimanual_ws_ros2/install/moveit_resources_panda_description/share/moveit_resources_panda_description/hook/cmake_prefix_path.ps1'
[0.977s] INFO:colcon.colcon_core.shell:Creating environment descriptor '/home/ubuntu/bimanual_ws_ros2/install/moveit_resources_panda_description/share/moveit_resources_panda_description/hook/cmake_prefix_path.dsv'
[0.977s] INFO:colcon.colcon_core.shell:Creating environment hook '/home/ubuntu/bimanual_ws_ros2/install/moveit_resources_panda_description/share/moveit_resources_panda_description/hook/cmake_prefix_path.sh'
[0.978s] Level 1:colcon.colcon_core.environment:checking '/home/ubuntu/bimanual_ws_ros2/install/moveit_resources_panda_description/bin'
[0.978s] Level 1:colcon.colcon_core.environment:checking '/home/ubuntu/bimanual_ws_ros2/install/moveit_resources_panda_description/lib/pkgconfig/moveit_resources_panda_description.pc'
[0.978s] Level 1:colcon.colcon_core.environment:checking '/home/ubuntu/bimanual_ws_ros2/install/moveit_resources_panda_description/lib/python3.10/site-packages'
[0.978s] Level 1:colcon.colcon_core.environment:checking '/home/ubuntu/bimanual_ws_ros2/install/moveit_resources_panda_description/bin'
[0.979s] INFO:colcon.colcon_core.shell:Creating package script '/home/ubuntu/bimanual_ws_ros2/install/moveit_resources_panda_description/share/moveit_resources_panda_description/package.ps1'
[0.979s] INFO:colcon.colcon_core.shell:Creating package descriptor '/home/ubuntu/bimanual_ws_ros2/install/moveit_resources_panda_description/share/moveit_resources_panda_description/package.dsv'
[0.979s] INFO:colcon.colcon_core.shell:Creating package script '/home/ubuntu/bimanual_ws_ros2/install/moveit_resources_panda_description/share/moveit_resources_panda_description/package.sh'
[0.980s] INFO:colcon.colcon_core.shell:Creating package script '/home/ubuntu/bimanual_ws_ros2/install/moveit_resources_panda_description/share/moveit_resources_panda_description/package.bash'
[0.980s] INFO:colcon.colcon_core.shell:Creating package script '/home/ubuntu/bimanual_ws_ros2/install/moveit_resources_panda_description/share/moveit_resources_panda_description/package.zsh'
[0.981s] Level 1:colcon.colcon_core.environment:create_file_with_runtime_dependencies(/home/ubuntu/bimanual_ws_ros2/install/moveit_resources_panda_description/share/colcon-core/packages/moveit_resources_panda_description)
[0.981s] INFO:colcon.colcon_ros.task.ament_cmake.build:Building ROS package in '/home/ubuntu/bimanual_ws_ros2/src/moveit_resources/panda_moveit_config' with build type 'ament_cmake'
[0.981s] INFO:colcon.colcon_cmake.task.cmake.build:Building CMake package in '/home/ubuntu/bimanual_ws_ros2/src/moveit_resources/panda_moveit_config'
[0.982s] INFO:colcon.colcon_core.shell:Skip shell extension 'powershell' for command environment: Not usable outside of PowerShell
[0.982s] DEBUG:colcon.colcon_core.shell:Skip shell extension 'dsv' for command environment
[0.990s] DEBUG:colcon.colcon_core.event_handler.log_command:Invoking command in '/home/ubuntu/bimanual_ws_ros2/build/panda_moveit_config': CMAKE_PREFIX_PATH=${CMAKE_PREFIX_PATH}:/home/ubuntu/bimanual_ws_ros2/install/urdfdom_py:/home/ubuntu/bimanual_ws_ros2/install/minibe:/opt/ros/humble /usr/bin/cmake /home/ubuntu/bimanual_ws_ros2/src/moveit_resources/panda_moveit_config -DCMAKE_INSTALL_PREFIX=/home/ubuntu/bimanual_ws_ros2/install/panda_moveit_config
[1.335s] DEBUG:colcon.colcon_core.event_handler.log_command:Invoking command in '/home/ubuntu/bimanual_ws_ros2/src/urdf_parser_py': PYTHONPATH=/home/ubuntu/bimanual_ws_ros2/build/urdfdom_py/prefix_override:/usr/lib/python3/dist-packages/colcon_core/task/python/colcon_distutils_commands:/home/ubuntu/bimanual_ws_ros2/install/urdfdom_py/lib/python3.10/site-packages:${PYTHONPATH} /usr/bin/python3 -W ignore:setup.py install is deprecated setup.py egg_info --egg-base ../../build/urdfdom_py build --build-base /home/ubuntu/bimanual_ws_ros2/build/urdfdom_py/build install --record /home/ubuntu/bimanual_ws_ros2/build/urdfdom_py/install.log --single-version-externally-managed install_data
[1.345s] DEBUG:colcon.colcon_core.event_handler.log_command:Invoking command in '/home/ubuntu/bimanual_ws_ros2/src/minibe': PYTHONPATH=/home/ubuntu/bimanual_ws_ros2/build/minibe/prefix_override:/usr/lib/python3/dist-packages/colcon_core/task/python/colcon_distutils_commands:/home/ubuntu/bimanual_ws_ros2/install/minibe/lib/python3.10/site-packages:${PYTHONPATH} /usr/bin/python3 -W ignore:setup.py install is deprecated setup.py egg_info --egg-base ../../build/minibe build --build-base /home/ubuntu/bimanual_ws_ros2/build/minibe/build install --record /home/ubuntu/bimanual_ws_ros2/build/minibe/install.log --single-version-externally-managed install_data
[1.363s] DEBUG:colcon.colcon_core.event_handler.log_command:Invoking command in '/home/ubuntu/bimanual_ws_ros2/src/moveit_resources/minibe_description': PYTHONPATH=/home/ubuntu/bimanual_ws_ros2/build/minibe_description/prefix_override:/usr/lib/python3/dist-packages/colcon_core/task/python/colcon_distutils_commands:/home/ubuntu/bimanual_ws_ros2/install/minibe_description/lib/python3.10/site-packages:${PYTHONPATH} /usr/bin/python3 -W ignore:setup.py install is deprecated setup.py egg_info --egg-base ../../../build/minibe_description build --build-base /home/ubuntu/bimanual_ws_ros2/build/minibe_description/build install --record /home/ubuntu/bimanual_ws_ros2/build/minibe_description/install.log --single-version-externally-managed install_data
[1.696s] DEBUG:colcon.colcon_core.event_handler.log_command:Invoked command in '/home/ubuntu/bimanual_ws_ros2/build/panda_moveit_config' returned '0': CMAKE_PREFIX_PATH=${CMAKE_PREFIX_PATH}:/home/ubuntu/bimanual_ws_ros2/install/urdfdom_py:/home/ubuntu/bimanual_ws_ros2/install/minibe:/opt/ros/humble /usr/bin/cmake /home/ubuntu/bimanual_ws_ros2/src/moveit_resources/panda_moveit_config -DCMAKE_INSTALL_PREFIX=/home/ubuntu/bimanual_ws_ros2/install/panda_moveit_config
[1.696s] DEBUG:colcon.colcon_core.event_handler.log_command:Invoking command in '/home/ubuntu/bimanual_ws_ros2/build/panda_moveit_config': CMAKE_PREFIX_PATH=${CMAKE_PREFIX_PATH}:/home/ubuntu/bimanual_ws_ros2/install/urdfdom_py:/home/ubuntu/bimanual_ws_ros2/install/minibe:/opt/ros/humble /usr/bin/cmake --build /home/ubuntu/bimanual_ws_ros2/build/panda_moveit_config -- -j4 -l4
[1.718s] Level 1:colcon.colcon_core.environment:checking '/home/ubuntu/bimanual_ws_ros2/install/minibe' for CMake module files
[1.719s] DEBUG:colcon.colcon_core.event_handler.log_command:Invoked command in '/home/ubuntu/bimanual_ws_ros2/src/minibe' returned '0': PYTHONPATH=/home/ubuntu/bimanual_ws_ros2/build/minibe/prefix_override:/usr/lib/python3/dist-packages/colcon_core/task/python/colcon_distutils_commands:/home/ubuntu/bimanual_ws_ros2/install/minibe/lib/python3.10/site-packages:${PYTHONPATH} /usr/bin/python3 -W ignore:setup.py install is deprecated setup.py egg_info --egg-base ../../build/minibe build --build-base /home/ubuntu/bimanual_ws_ros2/build/minibe/build install --record /home/ubuntu/bimanual_ws_ros2/build/minibe/install.log --single-version-externally-managed install_data
[1.719s] Level 1:colcon.colcon_core.environment:checking '/home/ubuntu/bimanual_ws_ros2/install/minibe' for CMake config files
[1.721s] Level 1:colcon.colcon_core.environment:checking '/home/ubuntu/bimanual_ws_ros2/install/minibe/lib'
[1.721s] Level 1:colcon.colcon_core.environment:checking '/home/ubuntu/bimanual_ws_ros2/install/minibe/bin'
[1.721s] Level 1:colcon.colcon_core.environment:checking '/home/ubuntu/bimanual_ws_ros2/install/minibe/lib/pkgconfig/minibe.pc'
[1.722s] Level 1:colcon.colcon_core.environment:checking '/home/ubuntu/bimanual_ws_ros2/install/minibe/lib/python3.10/site-packages'
[1.722s] Level 1:colcon.colcon_core.shell:create_environment_hook('minibe', 'pythonpath')
[1.722s] INFO:colcon.colcon_core.shell:Creating environment hook '/home/ubuntu/bimanual_ws_ros2/install/minibe/share/minibe/hook/pythonpath.ps1'
[1.722s] INFO:colcon.colcon_core.shell:Creating environment descriptor '/home/ubuntu/bimanual_ws_ros2/install/minibe/share/minibe/hook/pythonpath.dsv'
[1.723s] INFO:colcon.colcon_core.shell:Creating environment hook '/home/ubuntu/bimanual_ws_ros2/install/minibe/share/minibe/hook/pythonpath.sh'
[1.723s] Level 1:colcon.colcon_core.environment:checking '/home/ubuntu/bimanual_ws_ros2/install/minibe/bin'
[1.723s] Level 1:colcon.colcon_core.environment:create_environment_scripts_only(minibe)
[1.724s] INFO:colcon.colcon_core.shell:Creating package script '/home/ubuntu/bimanual_ws_ros2/install/minibe/share/minibe/package.ps1'
[1.724s] INFO:colcon.colcon_core.shell:Creating package descriptor '/home/ubuntu/bimanual_ws_ros2/install/minibe/share/minibe/package.dsv'
[1.725s] INFO:colcon.colcon_core.shell:Creating package script '/home/ubuntu/bimanual_ws_ros2/install/minibe/share/minibe/package.sh'
[1.725s] INFO:colcon.colcon_core.shell:Creating package script '/home/ubuntu/bimanual_ws_ros2/install/minibe/share/minibe/package.bash'
[1.725s] INFO:colcon.colcon_core.shell:Creating package script '/home/ubuntu/bimanual_ws_ros2/install/minibe/share/minibe/package.zsh'
[1.726s] Level 1:colcon.colcon_core.environment:create_file_with_runtime_dependencies(/home/ubuntu/bimanual_ws_ros2/install/minibe/share/colcon-core/packages/minibe)
[1.726s] Level 1:colcon.colcon_core.environment:checking '/home/ubuntu/bimanual_ws_ros2/install/urdfdom_py' for CMake module files
[1.727s] DEBUG:colcon.colcon_core.event_handler.log_command:Invoked command in '/home/ubuntu/bimanual_ws_ros2/src/urdf_parser_py' returned '0': PYTHONPATH=/home/ubuntu/bimanual_ws_ros2/build/urdfdom_py/prefix_override:/usr/lib/python3/dist-packages/colcon_core/task/python/colcon_distutils_commands:/home/ubuntu/bimanual_ws_ros2/install/urdfdom_py/lib/python3.10/site-packages:${PYTHONPATH} /usr/bin/python3 -W ignore:setup.py install is deprecated setup.py egg_info --egg-base ../../build/urdfdom_py build --build-base /home/ubuntu/bimanual_ws_ros2/build/urdfdom_py/build install --record /home/ubuntu/bimanual_ws_ros2/build/urdfdom_py/install.log --single-version-externally-managed install_data
[1.727s] Level 1:colcon.colcon_core.environment:checking '/home/ubuntu/bimanual_ws_ros2/install/urdfdom_py' for CMake config files
[1.728s] Level 1:colcon.colcon_core.environment:checking '/home/ubuntu/bimanual_ws_ros2/install/urdfdom_py/lib'
[1.728s] Level 1:colcon.colcon_core.environment:checking '/home/ubuntu/bimanual_ws_ros2/install/urdfdom_py/bin'
[1.728s] Level 1:colcon.colcon_core.environment:checking '/home/ubuntu/bimanual_ws_ros2/install/urdfdom_py/lib/pkgconfig/urdfdom_py.pc'
[1.728s] Level 1:colcon.colcon_core.environment:checking '/home/ubuntu/bimanual_ws_ros2/install/urdfdom_py/lib/python3.10/site-packages'
[1.728s] Level 1:colcon.colcon_core.shell:create_environment_hook('urdfdom_py', 'pythonpath')
[1.728s] INFO:colcon.colcon_core.shell:Creating environment hook '/home/ubuntu/bimanual_ws_ros2/install/urdfdom_py/share/urdfdom_py/hook/pythonpath.ps1'
[1.729s] INFO:colcon.colcon_core.shell:Creating environment descriptor '/home/ubuntu/bimanual_ws_ros2/install/urdfdom_py/share/urdfdom_py/hook/pythonpath.dsv'
[1.729s] INFO:colcon.colcon_core.shell:Creating environment hook '/home/ubuntu/bimanual_ws_ros2/install/urdfdom_py/share/urdfdom_py/hook/pythonpath.sh'
[1.729s] Level 1:colcon.colcon_core.environment:checking '/home/ubuntu/bimanual_ws_ros2/install/urdfdom_py/bin'
[1.729s] Level 1:colcon.colcon_core.environment:create_environment_scripts_only(urdfdom_py)
[1.730s] INFO:colcon.colcon_core.shell:Creating package script '/home/ubuntu/bimanual_ws_ros2/install/urdfdom_py/share/urdfdom_py/package.ps1'
[1.730s] INFO:colcon.colcon_core.shell:Creating package descriptor '/home/ubuntu/bimanual_ws_ros2/install/urdfdom_py/share/urdfdom_py/package.dsv'
[1.730s] INFO:colcon.colcon_core.shell:Creating package script '/home/ubuntu/bimanual_ws_ros2/install/urdfdom_py/share/urdfdom_py/package.sh'
[1.730s] INFO:colcon.colcon_core.shell:Creating package script '/home/ubuntu/bimanual_ws_ros2/install/urdfdom_py/share/urdfdom_py/package.bash'
[1.731s] INFO:colcon.colcon_core.shell:Creating package script '/home/ubuntu/bimanual_ws_ros2/install/urdfdom_py/share/urdfdom_py/package.zsh'
[1.731s] Level 1:colcon.colcon_core.environment:create_file_with_runtime_dependencies(/home/ubuntu/bimanual_ws_ros2/install/urdfdom_py/share/colcon-core/packages/urdfdom_py)
[1.736s] DEBUG:colcon.colcon_core.event_handler.log_command:Invoked command in '/home/ubuntu/bimanual_ws_ros2/build/panda_moveit_config' returned '0': CMAKE_PREFIX_PATH=${CMAKE_PREFIX_PATH}:/home/ubuntu/bimanual_ws_ros2/install/urdfdom_py:/home/ubuntu/bimanual_ws_ros2/install/minibe:/opt/ros/humble /usr/bin/cmake --build /home/ubuntu/bimanual_ws_ros2/build/panda_moveit_config -- -j4 -l4
[1.743s] Level 1:colcon.colcon_core.environment:checking '/home/ubuntu/bimanual_ws_ros2/install/minibe_description' for CMake module files
[1.744s] DEBUG:colcon.colcon_core.event_handler.log_command:Invoked command in '/home/ubuntu/bimanual_ws_ros2/src/moveit_resources/minibe_description' returned '0': PYTHONPATH=/home/ubuntu/bimanual_ws_ros2/build/minibe_description/prefix_override:/usr/lib/python3/dist-packages/colcon_core/task/python/colcon_distutils_commands:/home/ubuntu/bimanual_ws_ros2/install/minibe_description/lib/python3.10/site-packages:${PYTHONPATH} /usr/bin/python3 -W ignore:setup.py install is deprecated setup.py egg_info --egg-base ../../../build/minibe_description build --build-base /home/ubuntu/bimanual_ws_ros2/build/minibe_description/build install --record /home/ubuntu/bimanual_ws_ros2/build/minibe_description/install.log --single-version-externally-managed install_data
[1.744s] Level 1:colcon.colcon_core.environment:checking '/home/ubuntu/bimanual_ws_ros2/install/minibe_description' for CMake config files
[1.744s] Level 1:colcon.colcon_core.shell:create_environment_hook('minibe_description', 'cmake_prefix_path')
[1.745s] INFO:colcon.colcon_core.shell:Creating environment hook '/home/ubuntu/bimanual_ws_ros2/install/minibe_description/share/minibe_description/hook/cmake_prefix_path.ps1'
[1.745s] INFO:colcon.colcon_core.shell:Creating environment descriptor '/home/ubuntu/bimanual_ws_ros2/install/minibe_description/share/minibe_description/hook/cmake_prefix_path.dsv'
[1.745s] INFO:colcon.colcon_core.shell:Creating environment hook '/home/ubuntu/bimanual_ws_ros2/install/minibe_description/share/minibe_description/hook/cmake_prefix_path.sh'
[1.745s] Level 1:colcon.colcon_core.environment:checking '/home/ubuntu/bimanual_ws_ros2/install/minibe_description/lib'
[1.746s] Level 1:colcon.colcon_core.environment:checking '/home/ubuntu/bimanual_ws_ros2/install/minibe_description/bin'
[1.746s] Level 1:colcon.colcon_core.environment:checking '/home/ubuntu/bimanual_ws_ros2/install/minibe_description/lib/pkgconfig/minibe_description.pc'
[1.746s] Level 1:colcon.colcon_core.environment:checking '/home/ubuntu/bimanual_ws_ros2/install/minibe_description/lib/python3.10/site-packages'
[1.746s] Level 1:colcon.colcon_core.shell:create_environment_hook('minibe_description', 'pythonpath')
[1.746s] INFO:colcon.colcon_core.shell:Creating environment hook '/home/ubuntu/bimanual_ws_ros2/install/minibe_description/share/minibe_description/hook/pythonpath.ps1'
[1.746s] INFO:colcon.colcon_core.shell:Creating environment descriptor '/home/ubuntu/bimanual_ws_ros2/install/minibe_description/share/minibe_description/hook/pythonpath.dsv'
[1.746s] INFO:colcon.colcon_core.shell:Creating environment hook '/home/ubuntu/bimanual_ws_ros2/install/minibe_description/share/minibe_description/hook/pythonpath.sh'
[1.747s] Level 1:colcon.colcon_core.environment:checking '/home/ubuntu/bimanual_ws_ros2/install/minibe_description/bin'
[1.747s] Level 1:colcon.colcon_core.environment:create_environment_scripts_only(minibe_description)
[1.747s] INFO:colcon.colcon_core.shell:Creating package script '/home/ubuntu/bimanual_ws_ros2/install/minibe_description/share/minibe_description/package.ps1'
[1.747s] INFO:colcon.colcon_core.shell:Creating package descriptor '/home/ubuntu/bimanual_ws_ros2/install/minibe_description/share/minibe_description/package.dsv'
[1.748s] INFO:colcon.colcon_core.shell:Creating package script '/home/ubuntu/bimanual_ws_ros2/install/minibe_description/share/minibe_description/package.sh'
[1.748s] INFO:colcon.colcon_core.shell:Creating package script '/home/ubuntu/bimanual_ws_ros2/install/minibe_description/share/minibe_description/package.bash'
[1.748s] INFO:colcon.colcon_core.shell:Creating package script '/home/ubuntu/bimanual_ws_ros2/install/minibe_description/share/minibe_description/package.zsh'
[1.748s] Level 1:colcon.colcon_core.environment:create_file_with_runtime_dependencies(/home/ubuntu/bimanual_ws_ros2/install/minibe_description/share/colcon-core/packages/minibe_description)
[1.748s] INFO:colcon.colcon_ros.task.ament_cmake.build:Building ROS package in '/home/ubuntu/bimanual_ws_ros2/src/moveit_resources/minibe_moveit_config' with build type 'ament_cmake'
[1.749s] INFO:colcon.colcon_cmake.task.cmake.build:Building CMake package in '/home/ubuntu/bimanual_ws_ros2/src/moveit_resources/minibe_moveit_config'
[1.749s] INFO:colcon.colcon_core.shell:Skip shell extension 'powershell' for command environment: Not usable outside of PowerShell
[1.749s] DEBUG:colcon.colcon_core.shell:Skip shell extension 'dsv' for command environment
[1.753s] DEBUG:colcon.colcon_core.event_handler.log_command:Invoking command in '/home/ubuntu/bimanual_ws_ros2/build/panda_moveit_config': CMAKE_PREFIX_PATH=${CMAKE_PREFIX_PATH}:/home/ubuntu/bimanual_ws_ros2/install/urdfdom_py:/home/ubuntu/bimanual_ws_ros2/install/minibe:/opt/ros/humble /usr/bin/cmake --install /home/ubuntu/bimanual_ws_ros2/build/panda_moveit_config
[1.757s] DEBUG:colcon.colcon_core.event_handler.log_command:Invoking command in '/home/ubuntu/bimanual_ws_ros2/build/minibe_moveit_config': AMENT_PREFIX_PATH=/home/ubuntu/bimanual_ws_ros2/install/minibe_description:/home/ubuntu/bimanual_ws_ros2/install/urdfdom_py:/home/ubuntu/bimanual_ws_ros2/install/moveit_resources_panda_description:/home/ubuntu/bimanual_ws_ros2/install/minibe_moveit_config:/home/ubuntu/bimanual_ws_ros2/install/minibe:/opt/ros/humble CMAKE_PREFIX_PATH=/home/ubuntu/bimanual_ws_ros2/install/minibe_description:/home/ubuntu/bimanual_ws_ros2/install/moveit_resources_panda_description:/home/ubuntu/bimanual_ws_ros2/install/minibe_moveit_config:/home/ubuntu/bimanual_ws_ros2/install/urdfdom_py:/home/ubuntu/bimanual_ws_ros2/install/minibe:/opt/ros/humble PYTHONPATH=/home/ubuntu/bimanual_ws_ros2/install/minibe_description/lib/python3.10/site-packages:/home/ubuntu/bimanual_ws_ros2/install/urdfdom_py/lib/python3.10/site-packages:/home/ubuntu/bimanual_ws_ros2/install/minibe/lib/python3.10/site-packages:/opt/ros/humble/lib/python3.10/site-packages:/opt/ros/humble/local/lib/python3.10/dist-packages /usr/bin/cmake --build /home/ubuntu/bimanual_ws_ros2/build/minibe_moveit_config -- -j4 -l4
[1.764s] Level 1:colcon.colcon_core.environment:create_environment_scripts_only(panda_moveit_config)
[1.765s] Level 1:colcon.colcon_core.environment:checking '/home/ubuntu/bimanual_ws_ros2/install/panda_moveit_config' for CMake module files
[1.765s] DEBUG:colcon.colcon_core.event_handler.log_command:Invoked command in '/home/ubuntu/bimanual_ws_ros2/build/panda_moveit_config' returned '0': CMAKE_PREFIX_PATH=${CMAKE_PREFIX_PATH}:/home/ubuntu/bimanual_ws_ros2/install/urdfdom_py:/home/ubuntu/bimanual_ws_ros2/install/minibe:/opt/ros/humble /usr/bin/cmake --install /home/ubuntu/bimanual_ws_ros2/build/panda_moveit_config
[1.765s] Level 1:colcon.colcon_core.environment:checking '/home/ubuntu/bimanual_ws_ros2/install/panda_moveit_config' for CMake config files
[1.765s] Level 1:colcon.colcon_core.shell:create_environment_hook('panda_moveit_config', 'cmake_prefix_path')
[1.766s] INFO:colcon.colcon_core.shell:Creating environment hook '/home/ubuntu/bimanual_ws_ros2/install/panda_moveit_config/share/panda_moveit_config/hook/cmake_prefix_path.ps1'
[1.766s] INFO:colcon.colcon_core.shell:Creating environment descriptor '/home/ubuntu/bimanual_ws_ros2/install/panda_moveit_config/share/panda_moveit_config/hook/cmake_prefix_path.dsv'
[1.766s] INFO:colcon.colcon_core.shell:Creating environment hook '/home/ubuntu/bimanual_ws_ros2/install/panda_moveit_config/share/panda_moveit_config/hook/cmake_prefix_path.sh'
[1.767s] Level 1:colcon.colcon_core.environment:checking '/home/ubuntu/bimanual_ws_ros2/install/panda_moveit_config/bin'
[1.767s] Level 1:colcon.colcon_core.environment:checking '/home/ubuntu/bimanual_ws_ros2/install/panda_moveit_config/lib/pkgconfig/panda_moveit_config.pc'
[1.767s] Level 1:colcon.colcon_core.environment:checking '/home/ubuntu/bimanual_ws_ros2/install/panda_moveit_config/lib/python3.10/site-packages'
[1.767s] Level 1:colcon.colcon_core.environment:checking '/home/ubuntu/bimanual_ws_ros2/install/panda_moveit_config/bin'
[1.767s] INFO:colcon.colcon_core.shell:Creating package script '/home/ubuntu/bimanual_ws_ros2/install/panda_moveit_config/share/panda_moveit_config/package.ps1'
[1.767s] INFO:colcon.colcon_core.shell:Creating package descriptor '/home/ubuntu/bimanual_ws_ros2/install/panda_moveit_config/share/panda_moveit_config/package.dsv'
[1.768s] INFO:colcon.colcon_core.shell:Creating package script '/home/ubuntu/bimanual_ws_ros2/install/panda_moveit_config/share/panda_moveit_config/package.sh'
[1.768s] INFO:colcon.colcon_core.shell:Creating package script '/home/ubuntu/bimanual_ws_ros2/install/panda_moveit_config/share/panda_moveit_config/package.bash'
[1.768s] INFO:colcon.colcon_core.shell:Creating package script '/home/ubuntu/bimanual_ws_ros2/install/panda_moveit_config/share/panda_moveit_config/package.zsh'
[1.768s] Level 1:colcon.colcon_core.environment:create_file_with_runtime_dependencies(/home/ubuntu/bimanual_ws_ros2/install/panda_moveit_config/share/colcon-core/packages/panda_moveit_config)
[1.782s] Level 1:colcon.colcon_core.environment:create_environment_scripts_only(panda_moveit_config)
[1.782s] Level 1:colcon.colcon_core.environment:checking '/home/ubuntu/bimanual_ws_ros2/install/panda_moveit_config' for CMake module files
[1.783s] Level 1:colcon.colcon_core.environment:checking '/home/ubuntu/bimanual_ws_ros2/install/panda_moveit_config' for CMake config files
[1.783s] Level 1:colcon.colcon_core.shell:create_environment_hook('panda_moveit_config', 'cmake_prefix_path')
[1.783s] INFO:colcon.colcon_core.shell:Creating environment hook '/home/ubuntu/bimanual_ws_ros2/install/panda_moveit_config/share/panda_moveit_config/hook/cmake_prefix_path.ps1'
[1.783s] INFO:colcon.colcon_core.shell:Creating environment descriptor '/home/ubuntu/bimanual_ws_ros2/install/panda_moveit_config/share/panda_moveit_config/hook/cmake_prefix_path.dsv'
[1.783s] INFO:colcon.colcon_core.shell:Creating environment hook '/home/ubuntu/bimanual_ws_ros2/install/panda_moveit_config/share/panda_moveit_config/hook/cmake_prefix_path.sh'
[1.784s] Level 1:colcon.colcon_core.environment:checking '/home/ubuntu/bimanual_ws_ros2/install/panda_moveit_config/bin'
[1.784s] Level 1:colcon.colcon_core.environment:checking '/home/ubuntu/bimanual_ws_ros2/install/panda_moveit_config/lib/pkgconfig/panda_moveit_config.pc'
[1.784s] Level 1:colcon.colcon_core.environment:checking '/home/ubuntu/bimanual_ws_ros2/install/panda_moveit_config/lib/python3.10/site-packages'
[1.784s] Level 1:colcon.colcon_core.environment:checking '/home/ubuntu/bimanual_ws_ros2/install/panda_moveit_config/bin'
[1.784s] INFO:colcon.colcon_core.shell:Creating package script '/home/ubuntu/bimanual_ws_ros2/install/panda_moveit_config/share/panda_moveit_config/package.ps1'
[1.784s] INFO:colcon.colcon_core.shell:Creating package descriptor '/home/ubuntu/bimanual_ws_ros2/install/panda_moveit_config/share/panda_moveit_config/package.dsv'
[1.785s] INFO:colcon.colcon_core.shell:Creating package script '/home/ubuntu/bimanual_ws_ros2/install/panda_moveit_config/share/panda_moveit_config/package.sh'
[1.785s] INFO:colcon.colcon_core.shell:Creating package script '/home/ubuntu/bimanual_ws_ros2/install/panda_moveit_config/share/panda_moveit_config/package.bash'
[1.785s] INFO:colcon.colcon_core.shell:Creating package script '/home/ubuntu/bimanual_ws_ros2/install/panda_moveit_config/share/panda_moveit_config/package.zsh'
[1.785s] Level 1:colcon.colcon_core.environment:create_file_with_runtime_dependencies(/home/ubuntu/bimanual_ws_ros2/install/panda_moveit_config/share/colcon-core/packages/panda_moveit_config)
[1.787s] DEBUG:colcon.colcon_core.event_handler.log_command:Invoked command in '/home/ubuntu/bimanual_ws_ros2/build/minibe_moveit_config' returned '0': AMENT_PREFIX_PATH=/home/ubuntu/bimanual_ws_ros2/install/minibe_description:/home/ubuntu/bimanual_ws_ros2/install/urdfdom_py:/home/ubuntu/bimanual_ws_ros2/install/moveit_resources_panda_description:/home/ubuntu/bimanual_ws_ros2/install/minibe_moveit_config:/home/ubuntu/bimanual_ws_ros2/install/minibe:/opt/ros/humble CMAKE_PREFIX_PATH=/home/ubuntu/bimanual_ws_ros2/install/minibe_description:/home/ubuntu/bimanual_ws_ros2/install/moveit_resources_panda_description:/home/ubuntu/bimanual_ws_ros2/install/minibe_moveit_config:/home/ubuntu/bimanual_ws_ros2/install/urdfdom_py:/home/ubuntu/bimanual_ws_ros2/install/minibe:/opt/ros/humble PYTHONPATH=/home/ubuntu/bimanual_ws_ros2/install/minibe_description/lib/python3.10/site-packages:/home/ubuntu/bimanual_ws_ros2/install/urdfdom_py/lib/python3.10/site-packages:/home/ubuntu/bimanual_ws_ros2/install/minibe/lib/python3.10/site-packages:/opt/ros/humble/lib/python3.10/site-packages:/opt/ros/humble/local/lib/python3.10/dist-packages /usr/bin/cmake --build /home/ubuntu/bimanual_ws_ros2/build/minibe_moveit_config -- -j4 -l4
[1.801s] DEBUG:colcon.colcon_core.event_handler.log_command:Invoking command in '/home/ubuntu/bimanual_ws_ros2/build/minibe_moveit_config': AMENT_PREFIX_PATH=/home/ubuntu/bimanual_ws_ros2/install/minibe_description:/home/ubuntu/bimanual_ws_ros2/install/urdfdom_py:/home/ubuntu/bimanual_ws_ros2/install/moveit_resources_panda_description:/home/ubuntu/bimanual_ws_ros2/install/minibe_moveit_config:/home/ubuntu/bimanual_ws_ros2/install/minibe:/opt/ros/humble CMAKE_PREFIX_PATH=/home/ubuntu/bimanual_ws_ros2/install/minibe_description:/home/ubuntu/bimanual_ws_ros2/install/moveit_resources_panda_description:/home/ubuntu/bimanual_ws_ros2/install/minibe_moveit_config:/home/ubuntu/bimanual_ws_ros2/install/urdfdom_py:/home/ubuntu/bimanual_ws_ros2/install/minibe:/opt/ros/humble PYTHONPATH=/home/ubuntu/bimanual_ws_ros2/install/minibe_description/lib/python3.10/site-packages:/home/ubuntu/bimanual_ws_ros2/install/urdfdom_py/lib/python3.10/site-packages:/home/ubuntu/bimanual_ws_ros2/install/minibe/lib/python3.10/site-packages:/opt/ros/humble/lib/python3.10/site-packages:/opt/ros/humble/local/lib/python3.10/dist-packages /usr/bin/cmake --install /home/ubuntu/bimanual_ws_ros2/build/minibe_moveit_config
[1.809s] Level 1:colcon.colcon_core.environment:create_environment_scripts_only(minibe_moveit_config)
[1.809s] Level 1:colcon.colcon_core.environment:checking '/home/ubuntu/bimanual_ws_ros2/install/minibe_moveit_config' for CMake module files
[1.809s] DEBUG:colcon.colcon_core.event_handler.log_command:Invoked command in '/home/ubuntu/bimanual_ws_ros2/build/minibe_moveit_config' returned '0': AMENT_PREFIX_PATH=/home/ubuntu/bimanual_ws_ros2/install/minibe_description:/home/ubuntu/bimanual_ws_ros2/install/urdfdom_py:/home/ubuntu/bimanual_ws_ros2/install/moveit_resources_panda_description:/home/ubuntu/bimanual_ws_ros2/install/minibe_moveit_config:/home/ubuntu/bimanual_ws_ros2/install/minibe:/opt/ros/humble CMAKE_PREFIX_PATH=/home/ubuntu/bimanual_ws_ros2/install/minibe_description:/home/ubuntu/bimanual_ws_ros2/install/moveit_resources_panda_description:/home/ubuntu/bimanual_ws_ros2/install/minibe_moveit_config:/home/ubuntu/bimanual_ws_ros2/install/urdfdom_py:/home/ubuntu/bimanual_ws_ros2/install/minibe:/opt/ros/humble PYTHONPATH=/home/ubuntu/bimanual_ws_ros2/install/minibe_description/lib/python3.10/site-packages:/home/ubuntu/bimanual_ws_ros2/install/urdfdom_py/lib/python3.10/site-packages:/home/ubuntu/bimanual_ws_ros2/install/minibe/lib/python3.10/site-packages:/opt/ros/humble/lib/python3.10/site-packages:/opt/ros/humble/local/lib/python3.10/dist-packages /usr/bin/cmake --install /home/ubuntu/bimanual_ws_ros2/build/minibe_moveit_config
[1.809s] Level 1:colcon.colcon_core.environment:checking '/home/ubuntu/bimanual_ws_ros2/install/minibe_moveit_config' for CMake config files
[1.810s] Level 1:colcon.colcon_core.shell:create_environment_hook('minibe_moveit_config', 'cmake_prefix_path')
[1.810s] INFO:colcon.colcon_core.shell:Creating environment hook '/home/ubuntu/bimanual_ws_ros2/install/minibe_moveit_config/share/minibe_moveit_config/hook/cmake_prefix_path.ps1'
[1.810s] INFO:colcon.colcon_core.shell:Creating environment descriptor '/home/ubuntu/bimanual_ws_ros2/install/minibe_moveit_config/share/minibe_moveit_config/hook/cmake_prefix_path.dsv'
[1.810s] INFO:colcon.colcon_core.shell:Creating environment hook '/home/ubuntu/bimanual_ws_ros2/install/minibe_moveit_config/share/minibe_moveit_config/hook/cmake_prefix_path.sh'
[1.811s] Level 1:colcon.colcon_core.environment:checking '/home/ubuntu/bimanual_ws_ros2/install/minibe_moveit_config/bin'
[1.811s] Level 1:colcon.colcon_core.environment:checking '/home/ubuntu/bimanual_ws_ros2/install/minibe_moveit_config/lib/pkgconfig/minibe_moveit_config.pc'
[1.811s] Level 1:colcon.colcon_core.environment:checking '/home/ubuntu/bimanual_ws_ros2/install/minibe_moveit_config/lib/python3.10/site-packages'
[1.811s] Level 1:colcon.colcon_core.environment:checking '/home/ubuntu/bimanual_ws_ros2/install/minibe_moveit_config/bin'
[1.811s] INFO:colcon.colcon_core.shell:Creating package script '/home/ubuntu/bimanual_ws_ros2/install/minibe_moveit_config/share/minibe_moveit_config/package.ps1'
[1.811s] INFO:colcon.colcon_core.shell:Creating package descriptor '/home/ubuntu/bimanual_ws_ros2/install/minibe_moveit_config/share/minibe_moveit_config/package.dsv'
[1.812s] INFO:colcon.colcon_core.shell:Creating package script '/home/ubuntu/bimanual_ws_ros2/install/minibe_moveit_config/share/minibe_moveit_config/package.sh'
[1.812s] INFO:colcon.colcon_core.shell:Creating package script '/home/ubuntu/bimanual_ws_ros2/install/minibe_moveit_config/share/minibe_moveit_config/package.bash'
[1.812s] INFO:colcon.colcon_core.shell:Creating package script '/home/ubuntu/bimanual_ws_ros2/install/minibe_moveit_config/share/minibe_moveit_config/package.zsh'
[1.813s] Level 1:colcon.colcon_core.environment:create_file_with_runtime_dependencies(/home/ubuntu/bimanual_ws_ros2/install/minibe_moveit_config/share/colcon-core/packages/minibe_moveit_config)
[1.827s] Level 1:colcon.colcon_core.environment:create_environment_scripts_only(minibe_moveit_config)
[1.827s] Level 1:colcon.colcon_core.environment:checking '/home/ubuntu/bimanual_ws_ros2/install/minibe_moveit_config' for CMake module files
[1.828s] Level 1:colcon.colcon_core.environment:checking '/home/ubuntu/bimanual_ws_ros2/install/minibe_moveit_config' for CMake config files
[1.828s] Level 1:colcon.colcon_core.shell:create_environment_hook('minibe_moveit_config', 'cmake_prefix_path')
[1.828s] INFO:colcon.colcon_core.shell:Creating environment hook '/home/ubuntu/bimanual_ws_ros2/install/minibe_moveit_config/share/minibe_moveit_config/hook/cmake_prefix_path.ps1'
[1.828s] INFO:colcon.colcon_core.shell:Creating environment descriptor '/home/ubuntu/bimanual_ws_ros2/install/minibe_moveit_config/share/minibe_moveit_config/hook/cmake_prefix_path.dsv'
[1.829s] INFO:colcon.colcon_core.shell:Creating environment hook '/home/ubuntu/bimanual_ws_ros2/install/minibe_moveit_config/share/minibe_moveit_config/hook/cmake_prefix_path.sh'
[1.829s] Level 1:colcon.colcon_core.environment:checking '/home/ubuntu/bimanual_ws_ros2/install/minibe_moveit_config/bin'
[1.829s] Level 1:colcon.colcon_core.environment:checking '/home/ubuntu/bimanual_ws_ros2/install/minibe_moveit_config/lib/pkgconfig/minibe_moveit_config.pc'
[1.829s] Level 1:colcon.colcon_core.environment:checking '/home/ubuntu/bimanual_ws_ros2/install/minibe_moveit_config/lib/python3.10/site-packages'
[1.829s] Level 1:colcon.colcon_core.environment:checking '/home/ubuntu/bimanual_ws_ros2/install/minibe_moveit_config/bin'
[1.829s] INFO:colcon.colcon_core.shell:Creating package script '/home/ubuntu/bimanual_ws_ros2/install/minibe_moveit_config/share/minibe_moveit_config/package.ps1'
[1.830s] INFO:colcon.colcon_core.shell:Creating package descriptor '/home/ubuntu/bimanual_ws_ros2/install/minibe_moveit_config/share/minibe_moveit_config/package.dsv'
[1.830s] INFO:colcon.colcon_core.shell:Creating package script '/home/ubuntu/bimanual_ws_ros2/install/minibe_moveit_config/share/minibe_moveit_config/package.sh'
[1.830s] INFO:colcon.colcon_core.shell:Creating package script '/home/ubuntu/bimanual_ws_ros2/install/minibe_moveit_config/share/minibe_moveit_config/package.bash'
[1.831s] INFO:colcon.colcon_core.shell:Creating package script '/home/ubuntu/bimanual_ws_ros2/install/minibe_moveit_config/share/minibe_moveit_config/package.zsh'
[1.831s] Level 1:colcon.colcon_core.environment:create_file_with_runtime_dependencies(/home/ubuntu/bimanual_ws_ros2/install/minibe_moveit_config/share/colcon-core/packages/minibe_moveit_config)
[1.831s] DEBUG:colcon.colcon_parallel_executor.executor.parallel:closing loop
[1.831s] DEBUG:colcon.colcon_parallel_executor.executor.parallel:loop closed
[1.831s] DEBUG:colcon.colcon_parallel_executor.executor.parallel:run_until_complete finished with '0'
[1.831s] DEBUG:colcon.colcon_core.event_reactor:joining thread
[1.835s] INFO:colcon.colcon_core.plugin_system:Skipping extension 'colcon_notification.desktop_notification.terminal_notifier': Not used on non-Darwin systems
[1.835s] INFO:colcon.colcon_core.plugin_system:Skipping extension 'colcon_notification.desktop_notification.win32': Not used on non-Windows systems
[1.835s] INFO:colcon.colcon_notification.desktop_notification:Sending desktop notification using 'notify2'
[1.844s] DEBUG:colcon.colcon_core.event_reactor:joined thread
[1.844s] INFO:colcon.colcon_core.shell:Creating prefix script '/home/ubuntu/bimanual_ws_ros2/install/local_setup.ps1'
[1.845s] INFO:colcon.colcon_core.shell:Creating prefix util module '/home/ubuntu/bimanual_ws_ros2/install/_local_setup_util_ps1.py'
[1.846s] INFO:colcon.colcon_core.shell:Creating prefix chain script '/home/ubuntu/bimanual_ws_ros2/install/setup.ps1'
[1.848s] INFO:colcon.colcon_core.shell:Creating prefix script '/home/ubuntu/bimanual_ws_ros2/install/local_setup.sh'
[1.849s] INFO:colcon.colcon_core.shell:Creating prefix util module '/home/ubuntu/bimanual_ws_ros2/install/_local_setup_util_sh.py'
[1.849s] INFO:colcon.colcon_core.shell:Creating prefix chain script '/home/ubuntu/bimanual_ws_ros2/install/setup.sh'
[1.850s] INFO:colcon.colcon_core.shell:Creating prefix script '/home/ubuntu/bimanual_ws_ros2/install/local_setup.bash'
[1.851s] INFO:colcon.colcon_core.shell:Creating prefix chain script '/home/ubuntu/bimanual_ws_ros2/install/setup.bash'
[1.852s] INFO:colcon.colcon_core.shell:Creating prefix script '/home/ubuntu/bimanual_ws_ros2/install/local_setup.zsh'
[1.852s] INFO:colcon.colcon_core.shell:Creating prefix chain script '/home/ubuntu/bimanual_ws_ros2/install/setup.zsh'
