[0.094s] DEBUG:colcon:Command line arguments: ['/usr/bin/colcon', 'build', '--mixin', 'release']
[0.094s] DEBUG:colcon:Parsed command line arguments: Namespace(log_base=None, log_level=None, verb_name='build', build_base='build', install_base='install', merge_install=False, symlink_install=False, test_result_base=None, continue_on_error=False, executor='parallel', parallel_workers=4, event_handlers=None, ignore_user_meta=False, metas=['./colcon.meta'], base_paths=['.'], packages_ignore=None, packages_ignore_regex=None, paths=None, packages_up_to=None, packages_up_to_regex=None, packages_above=None, packages_above_and_dependencies=None, packages_above_depth=None, packages_select_by_dep=None, packages_skip_by_dep=None, packages_skip_up_to=None, packages_select_build_failed=False, packages_skip_build_finished=False, packages_select_test_failures=False, packages_skip_test_passed=False, packages_select=None, packages_skip=None, packages_select_regex=None, packages_skip_regex=None, packages_start=None, packages_end=None, allow_overriding=[], cmake_args=['-DCMAKE_BUILD_TYPE=Release'], cmake_target=None, cmake_target_skip_unavailable=False, cmake_clean_cache=False, cmake_clean_first=False, cmake_force_configure=False, ament_cmake_args=None, catkin_cmake_args=None, catkin_skip_building_tests=False, mixin_files=None, mixin=['release'], verb_parser=<colcon_mixin.mixin.mixin_argument.MixinArgumentDecorator object at 0x7dd12e972650>, verb_extension=<colcon_core.verb.build.BuildVerb object at 0x7dd12ea62ce0>, main=<bound method BuildVerb.main of <colcon_core.verb.build.BuildVerb object at 0x7dd12ea62ce0>>, mixin_verb=('build',))
[0.215s] Level 1:colcon.colcon_core.package_discovery:discover_packages(colcon_meta) check parameters
[0.215s] Level 1:colcon.colcon_core.package_discovery:discover_packages(recursive) check parameters
[0.215s] Level 1:colcon.colcon_core.package_discovery:discover_packages(ignore) check parameters
[0.215s] Level 1:colcon.colcon_core.package_discovery:discover_packages(path) check parameters
[0.215s] Level 1:colcon.colcon_core.package_discovery:discover_packages(colcon_meta) discover
[0.215s] Level 1:colcon.colcon_core.package_discovery:discover_packages(recursive) discover
[0.215s] INFO:colcon.colcon_core.package_discovery:Crawling recursively for packages in '/home/ubuntu/bimanual_ws_ros2'
[0.215s] Level 1:colcon.colcon_core.package_identification:_identify(.) by extensions ['ignore', 'ignore_ament_install']
[0.215s] Level 1:colcon.colcon_core.package_identification:_identify(.) by extension 'ignore'
[0.215s] Level 1:colcon.colcon_core.package_identification:_identify(.) by extension 'ignore_ament_install'
[0.215s] Level 1:colcon.colcon_core.package_identification:_identify(.) by extensions ['colcon_pkg']
[0.215s] Level 1:colcon.colcon_core.package_identification:_identify(.) by extension 'colcon_pkg'
[0.215s] Level 1:colcon.colcon_core.package_identification:_identify(.) by extensions ['colcon_meta']
[0.215s] Level 1:colcon.colcon_core.package_identification:_identify(.) by extension 'colcon_meta'
[0.215s] Level 1:colcon.colcon_core.package_identification:_identify(.) by extensions ['ros']
[0.215s] Level 1:colcon.colcon_core.package_identification:_identify(.) by extension 'ros'
[0.223s] Level 1:colcon.colcon_core.package_identification:_identify(.) by extensions ['cmake', 'python']
[0.223s] Level 1:colcon.colcon_core.package_identification:_identify(.) by extension 'cmake'
[0.223s] Level 1:colcon.colcon_core.package_identification:_identify(.) by extension 'python'
[0.223s] Level 1:colcon.colcon_core.package_identification:_identify(.) by extensions ['python_setup_py']
[0.223s] Level 1:colcon.colcon_core.package_identification:_identify(.) by extension 'python_setup_py'
[0.223s] Level 1:colcon.colcon_core.package_identification:_identify(build) by extensions ['ignore', 'ignore_ament_install']
[0.223s] Level 1:colcon.colcon_core.package_identification:_identify(build) by extension 'ignore'
[0.223s] Level 1:colcon.colcon_core.package_identification:_identify(build) ignored
[0.224s] Level 1:colcon.colcon_core.package_identification:_identify(install) by extensions ['ignore', 'ignore_ament_install']
[0.224s] Level 1:colcon.colcon_core.package_identification:_identify(install) by extension 'ignore'
[0.224s] Level 1:colcon.colcon_core.package_identification:_identify(install) ignored
[0.224s] Level 1:colcon.colcon_core.package_identification:_identify(log) by extensions ['ignore', 'ignore_ament_install']
[0.224s] Level 1:colcon.colcon_core.package_identification:_identify(log) by extension 'ignore'
[0.224s] Level 1:colcon.colcon_core.package_identification:_identify(log) ignored
[0.224s] Level 1:colcon.colcon_core.package_identification:_identify(src) by extensions ['ignore', 'ignore_ament_install']
[0.224s] Level 1:colcon.colcon_core.package_identification:_identify(src) by extension 'ignore'
[0.224s] Level 1:colcon.colcon_core.package_identification:_identify(src) by extension 'ignore_ament_install'
[0.224s] Level 1:colcon.colcon_core.package_identification:_identify(src) by extensions ['colcon_pkg']
[0.224s] Level 1:colcon.colcon_core.package_identification:_identify(src) by extension 'colcon_pkg'
[0.224s] Level 1:colcon.colcon_core.package_identification:_identify(src) by extensions ['colcon_meta']
[0.224s] Level 1:colcon.colcon_core.package_identification:_identify(src) by extension 'colcon_meta'
[0.224s] Level 1:colcon.colcon_core.package_identification:_identify(src) by extensions ['ros']
[0.224s] Level 1:colcon.colcon_core.package_identification:_identify(src) by extension 'ros'
[0.224s] Level 1:colcon.colcon_core.package_identification:_identify(src) by extensions ['cmake', 'python']
[0.224s] Level 1:colcon.colcon_core.package_identification:_identify(src) by extension 'cmake'
[0.224s] Level 1:colcon.colcon_core.package_identification:_identify(src) by extension 'python'
[0.224s] Level 1:colcon.colcon_core.package_identification:_identify(src) by extensions ['python_setup_py']
[0.224s] Level 1:colcon.colcon_core.package_identification:_identify(src) by extension 'python_setup_py'
[0.224s] Level 1:colcon.colcon_core.package_identification:_identify(src/minibe) by extensions ['ignore', 'ignore_ament_install']
[0.224s] Level 1:colcon.colcon_core.package_identification:_identify(src/minibe) by extension 'ignore'
[0.224s] Level 1:colcon.colcon_core.package_identification:_identify(src/minibe) by extension 'ignore_ament_install'
[0.224s] Level 1:colcon.colcon_core.package_identification:_identify(src/minibe) by extensions ['colcon_pkg']
[0.224s] Level 1:colcon.colcon_core.package_identification:_identify(src/minibe) by extension 'colcon_pkg'
[0.224s] Level 1:colcon.colcon_core.package_identification:_identify(src/minibe) by extensions ['colcon_meta']
[0.224s] Level 1:colcon.colcon_core.package_identification:_identify(src/minibe) by extension 'colcon_meta'
[0.224s] Level 1:colcon.colcon_core.package_identification:_identify(src/minibe) by extensions ['ros']
[0.224s] Level 1:colcon.colcon_core.package_identification:_identify(src/minibe) by extension 'ros'
[0.226s] DEBUG:colcon.colcon_core.package_identification:Package 'src/minibe' with type 'ros.ament_python' and name 'minibe'
[0.226s] Level 1:colcon.colcon_core.package_identification:_identify(src/moveit_resources) by extensions ['ignore', 'ignore_ament_install']
[0.226s] Level 1:colcon.colcon_core.package_identification:_identify(src/moveit_resources) by extension 'ignore'
[0.226s] Level 1:colcon.colcon_core.package_identification:_identify(src/moveit_resources) by extension 'ignore_ament_install'
[0.226s] Level 1:colcon.colcon_core.package_identification:_identify(src/moveit_resources) by extensions ['colcon_pkg']
[0.226s] Level 1:colcon.colcon_core.package_identification:_identify(src/moveit_resources) by extension 'colcon_pkg'
[0.226s] Level 1:colcon.colcon_core.package_identification:_identify(src/moveit_resources) by extensions ['colcon_meta']
[0.226s] Level 1:colcon.colcon_core.package_identification:_identify(src/moveit_resources) by extension 'colcon_meta'
[0.226s] Level 1:colcon.colcon_core.package_identification:_identify(src/moveit_resources) by extensions ['ros']
[0.226s] Level 1:colcon.colcon_core.package_identification:_identify(src/moveit_resources) by extension 'ros'
[0.227s] Level 1:colcon.colcon_core.package_identification:_identify(src/moveit_resources) by extensions ['cmake', 'python']
[0.227s] Level 1:colcon.colcon_core.package_identification:_identify(src/moveit_resources) by extension 'cmake'
[0.227s] Level 1:colcon.colcon_core.package_identification:_identify(src/moveit_resources) by extension 'python'
[0.227s] Level 1:colcon.colcon_core.package_identification:_identify(src/moveit_resources) by extensions ['python_setup_py']
[0.227s] Level 1:colcon.colcon_core.package_identification:_identify(src/moveit_resources) by extension 'python_setup_py'
[0.227s] Level 1:colcon.colcon_core.package_identification:_identify(src/moveit_resources/minibe_description) by extensions ['ignore', 'ignore_ament_install']
[0.227s] Level 1:colcon.colcon_core.package_identification:_identify(src/moveit_resources/minibe_description) by extension 'ignore'
[0.227s] Level 1:colcon.colcon_core.package_identification:_identify(src/moveit_resources/minibe_description) by extension 'ignore_ament_install'
[0.227s] Level 1:colcon.colcon_core.package_identification:_identify(src/moveit_resources/minibe_description) by extensions ['colcon_pkg']
[0.227s] Level 1:colcon.colcon_core.package_identification:_identify(src/moveit_resources/minibe_description) by extension 'colcon_pkg'
[0.227s] Level 1:colcon.colcon_core.package_identification:_identify(src/moveit_resources/minibe_description) by extensions ['colcon_meta']
[0.227s] Level 1:colcon.colcon_core.package_identification:_identify(src/moveit_resources/minibe_description) by extension 'colcon_meta'
[0.227s] Level 1:colcon.colcon_core.package_identification:_identify(src/moveit_resources/minibe_description) by extensions ['ros']
[0.227s] Level 1:colcon.colcon_core.package_identification:_identify(src/moveit_resources/minibe_description) by extension 'ros'
[0.227s] DEBUG:colcon.colcon_core.package_identification:Package 'src/moveit_resources/minibe_description' with type 'ros.ament_cmake' and name 'minibe_description'
[0.227s] Level 1:colcon.colcon_core.package_identification:_identify(src/moveit_resources/minibe_moveit_config) by extensions ['ignore', 'ignore_ament_install']
[0.227s] Level 1:colcon.colcon_core.package_identification:_identify(src/moveit_resources/minibe_moveit_config) by extension 'ignore'
[0.227s] Level 1:colcon.colcon_core.package_identification:_identify(src/moveit_resources/minibe_moveit_config) by extension 'ignore_ament_install'
[0.227s] Level 1:colcon.colcon_core.package_identification:_identify(src/moveit_resources/minibe_moveit_config) by extensions ['colcon_pkg']
[0.227s] Level 1:colcon.colcon_core.package_identification:_identify(src/moveit_resources/minibe_moveit_config) by extension 'colcon_pkg'
[0.227s] Level 1:colcon.colcon_core.package_identification:_identify(src/moveit_resources/minibe_moveit_config) by extensions ['colcon_meta']
[0.227s] Level 1:colcon.colcon_core.package_identification:_identify(src/moveit_resources/minibe_moveit_config) by extension 'colcon_meta'
[0.228s] Level 1:colcon.colcon_core.package_identification:_identify(src/moveit_resources/minibe_moveit_config) by extensions ['ros']
[0.228s] Level 1:colcon.colcon_core.package_identification:_identify(src/moveit_resources/minibe_moveit_config) by extension 'ros'
[0.228s] Level 1:colcon.colcon_core.package_identification:_identify(src/moveit_resources/minibe_moveit_config) by extensions ['cmake', 'python']
[0.228s] Level 1:colcon.colcon_core.package_identification:_identify(src/moveit_resources/minibe_moveit_config) by extension 'cmake'
[0.228s] Level 1:colcon.colcon_core.package_identification:_identify(src/moveit_resources/minibe_moveit_config) by extension 'python'
[0.228s] Level 1:colcon.colcon_core.package_identification:_identify(src/moveit_resources/minibe_moveit_config) by extensions ['python_setup_py']
[0.228s] Level 1:colcon.colcon_core.package_identification:_identify(src/moveit_resources/minibe_moveit_config) by extension 'python_setup_py'
[0.228s] Level 1:colcon.colcon_core.package_discovery:discover_packages(recursive) using defaults
[0.228s] Level 1:colcon.colcon_core.package_discovery:discover_packages(ignore) discover
[0.228s] Level 1:colcon.colcon_core.package_discovery:discover_packages(ignore) using defaults
[0.228s] Level 1:colcon.colcon_core.package_discovery:discover_packages(path) discover
[0.228s] Level 1:colcon.colcon_core.package_discovery:discover_packages(path) using defaults
[0.251s] Level 1:colcon.colcon_core.package_discovery:discover_packages(prefix_path) check parameters
[0.251s] Level 1:colcon.colcon_core.package_discovery:discover_packages(prefix_path) discover
[0.253s] DEBUG:colcon.colcon_installed_package_information.package_discovery:Found 315 installed packages in /opt/ros/humble
[0.254s] Level 1:colcon.colcon_core.package_discovery:discover_packages(prefix_path) using defaults
[0.281s] Level 5:colcon.colcon_core.verb:set package 'minibe' build argument 'cmake_args' from command line to '['-DCMAKE_BUILD_TYPE=Release']'
[0.281s] Level 5:colcon.colcon_core.verb:set package 'minibe' build argument 'cmake_target' from command line to 'None'
[0.281s] Level 5:colcon.colcon_core.verb:set package 'minibe' build argument 'cmake_target_skip_unavailable' from command line to 'False'
[0.281s] Level 5:colcon.colcon_core.verb:set package 'minibe' build argument 'cmake_clean_cache' from command line to 'False'
[0.281s] Level 5:colcon.colcon_core.verb:set package 'minibe' build argument 'cmake_clean_first' from command line to 'False'
[0.281s] Level 5:colcon.colcon_core.verb:set package 'minibe' build argument 'cmake_force_configure' from command line to 'False'
[0.281s] Level 5:colcon.colcon_core.verb:set package 'minibe' build argument 'ament_cmake_args' from command line to 'None'
[0.281s] Level 5:colcon.colcon_core.verb:set package 'minibe' build argument 'catkin_cmake_args' from command line to 'None'
[0.281s] Level 5:colcon.colcon_core.verb:set package 'minibe' build argument 'catkin_skip_building_tests' from command line to 'False'
[0.281s] DEBUG:colcon.colcon_core.verb:Building package 'minibe' with the following arguments: {'ament_cmake_args': None, 'build_base': '/home/ubuntu/bimanual_ws_ros2/build/minibe', 'catkin_cmake_args': None, 'catkin_skip_building_tests': False, 'cmake_args': ['-DCMAKE_BUILD_TYPE=Release'], 'cmake_clean_cache': False, 'cmake_clean_first': False, 'cmake_force_configure': False, 'cmake_target': None, 'cmake_target_skip_unavailable': False, 'install_base': '/home/ubuntu/bimanual_ws_ros2/install/minibe', 'merge_install': False, 'path': '/home/ubuntu/bimanual_ws_ros2/src/minibe', 'symlink_install': False, 'test_result_base': None}
[0.282s] Level 5:colcon.colcon_core.verb:set package 'minibe_description' build argument 'cmake_args' from command line to '['-DCMAKE_BUILD_TYPE=Release']'
[0.282s] Level 5:colcon.colcon_core.verb:set package 'minibe_description' build argument 'cmake_target' from command line to 'None'
[0.282s] Level 5:colcon.colcon_core.verb:set package 'minibe_description' build argument 'cmake_target_skip_unavailable' from command line to 'False'
[0.282s] Level 5:colcon.colcon_core.verb:set package 'minibe_description' build argument 'cmake_clean_cache' from command line to 'False'
[0.282s] Level 5:colcon.colcon_core.verb:set package 'minibe_description' build argument 'cmake_clean_first' from command line to 'False'
[0.282s] Level 5:colcon.colcon_core.verb:set package 'minibe_description' build argument 'cmake_force_configure' from command line to 'False'
[0.282s] Level 5:colcon.colcon_core.verb:set package 'minibe_description' build argument 'ament_cmake_args' from command line to 'None'
[0.282s] Level 5:colcon.colcon_core.verb:set package 'minibe_description' build argument 'catkin_cmake_args' from command line to 'None'
[0.282s] Level 5:colcon.colcon_core.verb:set package 'minibe_description' build argument 'catkin_skip_building_tests' from command line to 'False'
[0.282s] DEBUG:colcon.colcon_core.verb:Building package 'minibe_description' with the following arguments: {'ament_cmake_args': None, 'build_base': '/home/ubuntu/bimanual_ws_ros2/build/minibe_description', 'catkin_cmake_args': None, 'catkin_skip_building_tests': False, 'cmake_args': ['-DCMAKE_BUILD_TYPE=Release'], 'cmake_clean_cache': False, 'cmake_clean_first': False, 'cmake_force_configure': False, 'cmake_target': None, 'cmake_target_skip_unavailable': False, 'install_base': '/home/ubuntu/bimanual_ws_ros2/install/minibe_description', 'merge_install': False, 'path': '/home/ubuntu/bimanual_ws_ros2/src/moveit_resources/minibe_description', 'symlink_install': False, 'test_result_base': None}
[0.282s] INFO:colcon.colcon_core.executor:Executing jobs using 'parallel' executor
[0.283s] DEBUG:colcon.colcon_parallel_executor.executor.parallel:run_until_complete
[0.283s] INFO:colcon.colcon_ros.task.ament_python.build:Building ROS package in '/home/ubuntu/bimanual_ws_ros2/src/minibe' with build type 'ament_python'
[0.283s] Level 1:colcon.colcon_core.shell:create_environment_hook('minibe', 'ament_prefix_path')
[0.289s] INFO:colcon.colcon_core.plugin_system:Skipping extension 'colcon_core.shell.bat': Not used on non-Windows systems
[0.289s] INFO:colcon.colcon_core.shell:Creating environment hook '/home/ubuntu/bimanual_ws_ros2/install/minibe/share/minibe/hook/ament_prefix_path.ps1'
[0.290s] INFO:colcon.colcon_core.shell:Creating environment descriptor '/home/ubuntu/bimanual_ws_ros2/install/minibe/share/minibe/hook/ament_prefix_path.dsv'
[0.291s] INFO:colcon.colcon_core.shell:Creating environment hook '/home/ubuntu/bimanual_ws_ros2/install/minibe/share/minibe/hook/ament_prefix_path.sh'
[0.292s] INFO:colcon.colcon_core.shell:Skip shell extension 'powershell' for command environment: Not usable outside of PowerShell
[0.292s] DEBUG:colcon.colcon_core.shell:Skip shell extension 'dsv' for command environment
[0.295s] INFO:colcon.colcon_ros.task.ament_cmake.build:Building ROS package in '/home/ubuntu/bimanual_ws_ros2/src/moveit_resources/minibe_description' with build type 'ament_cmake'
[0.295s] INFO:colcon.colcon_cmake.task.cmake.build:Building CMake package in '/home/ubuntu/bimanual_ws_ros2/src/moveit_resources/minibe_description'
[0.295s] INFO:colcon.colcon_core.shell:Skip shell extension 'powershell' for command environment: Not usable outside of PowerShell
[0.295s] DEBUG:colcon.colcon_core.shell:Skip shell extension 'dsv' for command environment
[0.476s] INFO:colcon.colcon_core.task.python.build:Building Python package in '/home/ubuntu/bimanual_ws_ros2/src/minibe'
[0.476s] INFO:colcon.colcon_core.shell:Skip shell extension 'powershell' for command environment: Not usable outside of PowerShell
[0.476s] DEBUG:colcon.colcon_core.shell:Skip shell extension 'dsv' for command environment
[0.479s] DEBUG:colcon.colcon_core.event_handler.log_command:Invoking command in '/home/ubuntu/bimanual_ws_ros2/build/minibe_description': CMAKE_PREFIX_PATH=/opt/ros/humble /usr/bin/cmake /home/ubuntu/bimanual_ws_ros2/src/moveit_resources/minibe_description -DCMAKE_BUILD_TYPE=Release -DCMAKE_INSTALL_PREFIX=/home/ubuntu/bimanual_ws_ros2/install/minibe_description
[0.878s] DEBUG:colcon.colcon_core.event_handler.log_command:Invoking command in '/home/ubuntu/bimanual_ws_ros2/src/minibe': PYTHONPATH=/home/ubuntu/bimanual_ws_ros2/build/minibe/prefix_override:/usr/lib/python3/dist-packages/colcon_core/task/python/colcon_distutils_commands:/home/ubuntu/bimanual_ws_ros2/install/minibe/lib/python3.10/site-packages:${PYTHONPATH} /usr/bin/python3 -W ignore:setup.py install is deprecated setup.py egg_info --egg-base ../../build/minibe build --build-base /home/ubuntu/bimanual_ws_ros2/build/minibe/build install --record /home/ubuntu/bimanual_ws_ros2/build/minibe/install.log --single-version-externally-managed install_data
[1.088s] DEBUG:colcon.colcon_core.event_handler.log_command:Invoked command in '/home/ubuntu/bimanual_ws_ros2/build/minibe_description' returned '0': CMAKE_PREFIX_PATH=/opt/ros/humble /usr/bin/cmake /home/ubuntu/bimanual_ws_ros2/src/moveit_resources/minibe_description -DCMAKE_BUILD_TYPE=Release -DCMAKE_INSTALL_PREFIX=/home/ubuntu/bimanual_ws_ros2/install/minibe_description
[1.090s] DEBUG:colcon.colcon_core.event_handler.log_command:Invoking command in '/home/ubuntu/bimanual_ws_ros2/build/minibe_description': CMAKE_PREFIX_PATH=/opt/ros/humble /usr/bin/cmake --build /home/ubuntu/bimanual_ws_ros2/build/minibe_description -- -j4 -l4
[1.098s] DEBUG:colcon.colcon_core.event_handler.log_command:Invoked command in '/home/ubuntu/bimanual_ws_ros2/src/minibe' returned '0': PYTHONPATH=/home/ubuntu/bimanual_ws_ros2/build/minibe/prefix_override:/usr/lib/python3/dist-packages/colcon_core/task/python/colcon_distutils_commands:/home/ubuntu/bimanual_ws_ros2/install/minibe/lib/python3.10/site-packages:${PYTHONPATH} /usr/bin/python3 -W ignore:setup.py install is deprecated setup.py egg_info --egg-base ../../build/minibe build --build-base /home/ubuntu/bimanual_ws_ros2/build/minibe/build install --record /home/ubuntu/bimanual_ws_ros2/build/minibe/install.log --single-version-externally-managed install_data
[1.106s] Level 1:colcon.colcon_core.environment:checking '/home/ubuntu/bimanual_ws_ros2/install/minibe' for CMake module files
[1.107s] Level 1:colcon.colcon_core.environment:checking '/home/ubuntu/bimanual_ws_ros2/install/minibe' for CMake config files
[1.107s] Level 1:colcon.colcon_core.environment:checking '/home/ubuntu/bimanual_ws_ros2/install/minibe/lib'
[1.108s] Level 1:colcon.colcon_core.environment:checking '/home/ubuntu/bimanual_ws_ros2/install/minibe/bin'
[1.108s] Level 1:colcon.colcon_core.environment:checking '/home/ubuntu/bimanual_ws_ros2/install/minibe/lib/pkgconfig/minibe.pc'
[1.108s] Level 1:colcon.colcon_core.environment:checking '/home/ubuntu/bimanual_ws_ros2/install/minibe/lib/python3.10/site-packages'
[1.108s] Level 1:colcon.colcon_core.shell:create_environment_hook('minibe', 'pythonpath')
[1.108s] INFO:colcon.colcon_core.shell:Creating environment hook '/home/ubuntu/bimanual_ws_ros2/install/minibe/share/minibe/hook/pythonpath.ps1'
[1.109s] INFO:colcon.colcon_core.shell:Creating environment descriptor '/home/ubuntu/bimanual_ws_ros2/install/minibe/share/minibe/hook/pythonpath.dsv'
[1.109s] INFO:colcon.colcon_core.shell:Creating environment hook '/home/ubuntu/bimanual_ws_ros2/install/minibe/share/minibe/hook/pythonpath.sh'
[1.109s] Level 1:colcon.colcon_core.environment:checking '/home/ubuntu/bimanual_ws_ros2/install/minibe/bin'
[1.110s] Level 1:colcon.colcon_core.environment:create_environment_scripts_only(minibe)
[1.110s] INFO:colcon.colcon_core.shell:Creating package script '/home/ubuntu/bimanual_ws_ros2/install/minibe/share/minibe/package.ps1'
[1.111s] INFO:colcon.colcon_core.shell:Creating package descriptor '/home/ubuntu/bimanual_ws_ros2/install/minibe/share/minibe/package.dsv'
[1.112s] INFO:colcon.colcon_core.shell:Creating package script '/home/ubuntu/bimanual_ws_ros2/install/minibe/share/minibe/package.sh'
[1.113s] INFO:colcon.colcon_core.shell:Creating package script '/home/ubuntu/bimanual_ws_ros2/install/minibe/share/minibe/package.bash'
[1.114s] INFO:colcon.colcon_core.shell:Creating package script '/home/ubuntu/bimanual_ws_ros2/install/minibe/share/minibe/package.zsh'
[1.115s] Level 1:colcon.colcon_core.environment:create_file_with_runtime_dependencies(/home/ubuntu/bimanual_ws_ros2/install/minibe/share/colcon-core/packages/minibe)
[1.119s] DEBUG:colcon.colcon_core.event_handler.log_command:Invoked command in '/home/ubuntu/bimanual_ws_ros2/build/minibe_description' returned '0': CMAKE_PREFIX_PATH=/opt/ros/humble /usr/bin/cmake --build /home/ubuntu/bimanual_ws_ros2/build/minibe_description -- -j4 -l4
[1.139s] DEBUG:colcon.colcon_core.event_handler.log_command:Invoking command in '/home/ubuntu/bimanual_ws_ros2/build/minibe_description': CMAKE_PREFIX_PATH=/opt/ros/humble /usr/bin/cmake --install /home/ubuntu/bimanual_ws_ros2/build/minibe_description
[1.148s] Level 1:colcon.colcon_core.environment:create_environment_scripts_only(minibe_description)
[1.148s] Level 1:colcon.colcon_core.environment:checking '/home/ubuntu/bimanual_ws_ros2/install/minibe_description' for CMake module files
[1.148s] DEBUG:colcon.colcon_core.event_handler.log_command:Invoked command in '/home/ubuntu/bimanual_ws_ros2/build/minibe_description' returned '0': CMAKE_PREFIX_PATH=/opt/ros/humble /usr/bin/cmake --install /home/ubuntu/bimanual_ws_ros2/build/minibe_description
[1.148s] Level 1:colcon.colcon_core.environment:checking '/home/ubuntu/bimanual_ws_ros2/install/minibe_description' for CMake config files
[1.148s] Level 1:colcon.colcon_core.shell:create_environment_hook('minibe_description', 'cmake_prefix_path')
[1.149s] INFO:colcon.colcon_core.shell:Creating environment hook '/home/ubuntu/bimanual_ws_ros2/install/minibe_description/share/minibe_description/hook/cmake_prefix_path.ps1'
[1.149s] INFO:colcon.colcon_core.shell:Creating environment descriptor '/home/ubuntu/bimanual_ws_ros2/install/minibe_description/share/minibe_description/hook/cmake_prefix_path.dsv'
[1.149s] INFO:colcon.colcon_core.shell:Creating environment hook '/home/ubuntu/bimanual_ws_ros2/install/minibe_description/share/minibe_description/hook/cmake_prefix_path.sh'
[1.149s] Level 1:colcon.colcon_core.environment:checking '/home/ubuntu/bimanual_ws_ros2/install/minibe_description/bin'
[1.150s] Level 1:colcon.colcon_core.environment:checking '/home/ubuntu/bimanual_ws_ros2/install/minibe_description/lib/pkgconfig/minibe_description.pc'
[1.150s] Level 1:colcon.colcon_core.environment:checking '/home/ubuntu/bimanual_ws_ros2/install/minibe_description/lib/python3.10/site-packages'
[1.150s] Level 1:colcon.colcon_core.environment:checking '/home/ubuntu/bimanual_ws_ros2/install/minibe_description/bin'
[1.150s] INFO:colcon.colcon_core.shell:Creating package script '/home/ubuntu/bimanual_ws_ros2/install/minibe_description/share/minibe_description/package.ps1'
[1.150s] INFO:colcon.colcon_core.shell:Creating package descriptor '/home/ubuntu/bimanual_ws_ros2/install/minibe_description/share/minibe_description/package.dsv'
[1.151s] INFO:colcon.colcon_core.shell:Creating package script '/home/ubuntu/bimanual_ws_ros2/install/minibe_description/share/minibe_description/package.sh'
[1.151s] INFO:colcon.colcon_core.shell:Creating package script '/home/ubuntu/bimanual_ws_ros2/install/minibe_description/share/minibe_description/package.bash'
[1.151s] INFO:colcon.colcon_core.shell:Creating package script '/home/ubuntu/bimanual_ws_ros2/install/minibe_description/share/minibe_description/package.zsh'
[1.151s] Level 1:colcon.colcon_core.environment:create_file_with_runtime_dependencies(/home/ubuntu/bimanual_ws_ros2/install/minibe_description/share/colcon-core/packages/minibe_description)
[1.165s] Level 1:colcon.colcon_core.environment:create_environment_scripts_only(minibe_description)
[1.165s] Level 1:colcon.colcon_core.environment:checking '/home/ubuntu/bimanual_ws_ros2/install/minibe_description' for CMake module files
[1.166s] Level 1:colcon.colcon_core.environment:checking '/home/ubuntu/bimanual_ws_ros2/install/minibe_description' for CMake config files
[1.166s] Level 1:colcon.colcon_core.shell:create_environment_hook('minibe_description', 'cmake_prefix_path')
[1.166s] INFO:colcon.colcon_core.shell:Creating environment hook '/home/ubuntu/bimanual_ws_ros2/install/minibe_description/share/minibe_description/hook/cmake_prefix_path.ps1'
[1.166s] INFO:colcon.colcon_core.shell:Creating environment descriptor '/home/ubuntu/bimanual_ws_ros2/install/minibe_description/share/minibe_description/hook/cmake_prefix_path.dsv'
[1.167s] INFO:colcon.colcon_core.shell:Creating environment hook '/home/ubuntu/bimanual_ws_ros2/install/minibe_description/share/minibe_description/hook/cmake_prefix_path.sh'
[1.167s] Level 1:colcon.colcon_core.environment:checking '/home/ubuntu/bimanual_ws_ros2/install/minibe_description/bin'
[1.167s] Level 1:colcon.colcon_core.environment:checking '/home/ubuntu/bimanual_ws_ros2/install/minibe_description/lib/pkgconfig/minibe_description.pc'
[1.167s] Level 1:colcon.colcon_core.environment:checking '/home/ubuntu/bimanual_ws_ros2/install/minibe_description/lib/python3.10/site-packages'
[1.167s] Level 1:colcon.colcon_core.environment:checking '/home/ubuntu/bimanual_ws_ros2/install/minibe_description/bin'
[1.167s] INFO:colcon.colcon_core.shell:Creating package script '/home/ubuntu/bimanual_ws_ros2/install/minibe_description/share/minibe_description/package.ps1'
[1.168s] INFO:colcon.colcon_core.shell:Creating package descriptor '/home/ubuntu/bimanual_ws_ros2/install/minibe_description/share/minibe_description/package.dsv'
[1.168s] INFO:colcon.colcon_core.shell:Creating package script '/home/ubuntu/bimanual_ws_ros2/install/minibe_description/share/minibe_description/package.sh'
[1.169s] INFO:colcon.colcon_core.shell:Creating package script '/home/ubuntu/bimanual_ws_ros2/install/minibe_description/share/minibe_description/package.bash'
[1.169s] INFO:colcon.colcon_core.shell:Creating package script '/home/ubuntu/bimanual_ws_ros2/install/minibe_description/share/minibe_description/package.zsh'
[1.169s] Level 1:colcon.colcon_core.environment:create_file_with_runtime_dependencies(/home/ubuntu/bimanual_ws_ros2/install/minibe_description/share/colcon-core/packages/minibe_description)
[1.169s] DEBUG:colcon.colcon_parallel_executor.executor.parallel:closing loop
[1.169s] DEBUG:colcon.colcon_parallel_executor.executor.parallel:loop closed
[1.169s] DEBUG:colcon.colcon_parallel_executor.executor.parallel:run_until_complete finished with '0'
[1.170s] DEBUG:colcon.colcon_core.event_reactor:joining thread
[1.176s] INFO:colcon.colcon_core.plugin_system:Skipping extension 'colcon_notification.desktop_notification.terminal_notifier': Not used on non-Darwin systems
[1.176s] INFO:colcon.colcon_core.plugin_system:Skipping extension 'colcon_notification.desktop_notification.win32': Not used on non-Windows systems
[1.177s] INFO:colcon.colcon_notification.desktop_notification:Sending desktop notification using 'notify2'
[1.184s] DEBUG:colcon.colcon_core.event_reactor:joined thread
[1.184s] INFO:colcon.colcon_core.shell:Creating prefix script '/home/ubuntu/bimanual_ws_ros2/install/local_setup.ps1'
[1.185s] INFO:colcon.colcon_core.shell:Creating prefix util module '/home/ubuntu/bimanual_ws_ros2/install/_local_setup_util_ps1.py'
[1.187s] INFO:colcon.colcon_core.shell:Creating prefix chain script '/home/ubuntu/bimanual_ws_ros2/install/setup.ps1'
[1.188s] INFO:colcon.colcon_core.shell:Creating prefix script '/home/ubuntu/bimanual_ws_ros2/install/local_setup.sh'
[1.189s] INFO:colcon.colcon_core.shell:Creating prefix util module '/home/ubuntu/bimanual_ws_ros2/install/_local_setup_util_sh.py'
[1.190s] INFO:colcon.colcon_core.shell:Creating prefix chain script '/home/ubuntu/bimanual_ws_ros2/install/setup.sh'
[1.191s] INFO:colcon.colcon_core.shell:Creating prefix script '/home/ubuntu/bimanual_ws_ros2/install/local_setup.bash'
[1.191s] INFO:colcon.colcon_core.shell:Creating prefix chain script '/home/ubuntu/bimanual_ws_ros2/install/setup.bash'
[1.192s] INFO:colcon.colcon_core.shell:Creating prefix script '/home/ubuntu/bimanual_ws_ros2/install/local_setup.zsh'
[1.193s] INFO:colcon.colcon_core.shell:Creating prefix chain script '/home/ubuntu/bimanual_ws_ros2/install/setup.zsh'
