[0.082s] DEBUG:colcon:Command line arguments: ['/usr/bin/colcon', 'build', '--mixin', 'release']
[0.083s] DEBUG:colcon:Parsed command line arguments: Namespace(log_base=None, log_level=None, verb_name='build', build_base='build', install_base='install', merge_install=False, symlink_install=False, test_result_base=None, continue_on_error=False, executor='parallel', parallel_workers=4, event_handlers=None, ignore_user_meta=False, metas=['./colcon.meta'], base_paths=['.'], packages_ignore=None, packages_ignore_regex=None, paths=None, packages_up_to=None, packages_up_to_regex=None, packages_above=None, packages_above_and_dependencies=None, packages_above_depth=None, packages_select_by_dep=None, packages_skip_by_dep=None, packages_skip_up_to=None, packages_select_build_failed=False, packages_skip_build_finished=False, packages_select_test_failures=False, packages_skip_test_passed=False, packages_select=None, packages_skip=None, packages_select_regex=None, packages_skip_regex=None, packages_start=None, packages_end=None, allow_overriding=[], cmake_args=['-DCMAKE_BUILD_TYPE=Release'], cmake_target=None, cmake_target_skip_unavailable=False, cmake_clean_cache=False, cmake_clean_first=False, cmake_force_configure=False, ament_cmake_args=None, catkin_cmake_args=None, catkin_skip_building_tests=False, mixin_files=None, mixin=['release'], verb_parser=<colcon_mixin.mixin.mixin_argument.MixinArgumentDecorator object at 0x7ddf9819e860>, verb_extension=<colcon_core.verb.build.BuildVerb object at 0x7ddf98286ef0>, main=<bound method BuildVerb.main of <colcon_core.verb.build.BuildVerb object at 0x7ddf98286ef0>>, mixin_verb=('build',))
[0.201s] Level 1:colcon.colcon_core.package_discovery:discover_packages(colcon_meta) check parameters
[0.201s] Level 1:colcon.colcon_core.package_discovery:discover_packages(recursive) check parameters
[0.201s] Level 1:colcon.colcon_core.package_discovery:discover_packages(ignore) check parameters
[0.201s] Level 1:colcon.colcon_core.package_discovery:discover_packages(path) check parameters
[0.201s] Level 1:colcon.colcon_core.package_discovery:discover_packages(colcon_meta) discover
[0.201s] Level 1:colcon.colcon_core.package_discovery:discover_packages(recursive) discover
[0.201s] INFO:colcon.colcon_core.package_discovery:Crawling recursively for packages in '/home/ubuntu/bimanual_ws_ros2'
[0.202s] Level 1:colcon.colcon_core.package_identification:_identify(.) by extensions ['ignore', 'ignore_ament_install']
[0.202s] Level 1:colcon.colcon_core.package_identification:_identify(.) by extension 'ignore'
[0.202s] Level 1:colcon.colcon_core.package_identification:_identify(.) by extension 'ignore_ament_install'
[0.202s] Level 1:colcon.colcon_core.package_identification:_identify(.) by extensions ['colcon_pkg']
[0.202s] Level 1:colcon.colcon_core.package_identification:_identify(.) by extension 'colcon_pkg'
[0.202s] Level 1:colcon.colcon_core.package_identification:_identify(.) by extensions ['colcon_meta']
[0.202s] Level 1:colcon.colcon_core.package_identification:_identify(.) by extension 'colcon_meta'
[0.202s] Level 1:colcon.colcon_core.package_identification:_identify(.) by extensions ['ros']
[0.202s] Level 1:colcon.colcon_core.package_identification:_identify(.) by extension 'ros'
[0.209s] Level 1:colcon.colcon_core.package_identification:_identify(.) by extensions ['cmake', 'python']
[0.209s] Level 1:colcon.colcon_core.package_identification:_identify(.) by extension 'cmake'
[0.209s] Level 1:colcon.colcon_core.package_identification:_identify(.) by extension 'python'
[0.209s] Level 1:colcon.colcon_core.package_identification:_identify(.) by extensions ['python_setup_py']
[0.209s] Level 1:colcon.colcon_core.package_identification:_identify(.) by extension 'python_setup_py'
[0.209s] Level 1:colcon.colcon_core.package_identification:_identify(build) by extensions ['ignore', 'ignore_ament_install']
[0.210s] Level 1:colcon.colcon_core.package_identification:_identify(build) by extension 'ignore'
[0.210s] Level 1:colcon.colcon_core.package_identification:_identify(build) ignored
[0.210s] Level 1:colcon.colcon_core.package_identification:_identify(install) by extensions ['ignore', 'ignore_ament_install']
[0.210s] Level 1:colcon.colcon_core.package_identification:_identify(install) by extension 'ignore'
[0.210s] Level 1:colcon.colcon_core.package_identification:_identify(install) ignored
[0.210s] Level 1:colcon.colcon_core.package_identification:_identify(log) by extensions ['ignore', 'ignore_ament_install']
[0.210s] Level 1:colcon.colcon_core.package_identification:_identify(log) by extension 'ignore'
[0.210s] Level 1:colcon.colcon_core.package_identification:_identify(log) ignored
[0.210s] Level 1:colcon.colcon_core.package_identification:_identify(src) by extensions ['ignore', 'ignore_ament_install']
[0.210s] Level 1:colcon.colcon_core.package_identification:_identify(src) by extension 'ignore'
[0.210s] Level 1:colcon.colcon_core.package_identification:_identify(src) by extension 'ignore_ament_install'
[0.210s] Level 1:colcon.colcon_core.package_identification:_identify(src) by extensions ['colcon_pkg']
[0.210s] Level 1:colcon.colcon_core.package_identification:_identify(src) by extension 'colcon_pkg'
[0.210s] Level 1:colcon.colcon_core.package_identification:_identify(src) by extensions ['colcon_meta']
[0.210s] Level 1:colcon.colcon_core.package_identification:_identify(src) by extension 'colcon_meta'
[0.210s] Level 1:colcon.colcon_core.package_identification:_identify(src) by extensions ['ros']
[0.210s] Level 1:colcon.colcon_core.package_identification:_identify(src) by extension 'ros'
[0.210s] Level 1:colcon.colcon_core.package_identification:_identify(src) by extensions ['cmake', 'python']
[0.210s] Level 1:colcon.colcon_core.package_identification:_identify(src) by extension 'cmake'
[0.210s] Level 1:colcon.colcon_core.package_identification:_identify(src) by extension 'python'
[0.210s] Level 1:colcon.colcon_core.package_identification:_identify(src) by extensions ['python_setup_py']
[0.210s] Level 1:colcon.colcon_core.package_identification:_identify(src) by extension 'python_setup_py'
[0.210s] Level 1:colcon.colcon_core.package_identification:_identify(src/minibe) by extensions ['ignore', 'ignore_ament_install']
[0.210s] Level 1:colcon.colcon_core.package_identification:_identify(src/minibe) by extension 'ignore'
[0.210s] Level 1:colcon.colcon_core.package_identification:_identify(src/minibe) by extension 'ignore_ament_install'
[0.210s] Level 1:colcon.colcon_core.package_identification:_identify(src/minibe) by extensions ['colcon_pkg']
[0.211s] Level 1:colcon.colcon_core.package_identification:_identify(src/minibe) by extension 'colcon_pkg'
[0.211s] Level 1:colcon.colcon_core.package_identification:_identify(src/minibe) by extensions ['colcon_meta']
[0.211s] Level 1:colcon.colcon_core.package_identification:_identify(src/minibe) by extension 'colcon_meta'
[0.211s] Level 1:colcon.colcon_core.package_identification:_identify(src/minibe) by extensions ['ros']
[0.211s] Level 1:colcon.colcon_core.package_identification:_identify(src/minibe) by extension 'ros'
[0.212s] DEBUG:colcon.colcon_core.package_identification:Package 'src/minibe' with type 'ros.ament_python' and name 'minibe'
[0.212s] Level 1:colcon.colcon_core.package_identification:_identify(src/moveit_resources) by extensions ['ignore', 'ignore_ament_install']
[0.212s] Level 1:colcon.colcon_core.package_identification:_identify(src/moveit_resources) by extension 'ignore'
[0.212s] Level 1:colcon.colcon_core.package_identification:_identify(src/moveit_resources) by extension 'ignore_ament_install'
[0.212s] Level 1:colcon.colcon_core.package_identification:_identify(src/moveit_resources) by extensions ['colcon_pkg']
[0.212s] Level 1:colcon.colcon_core.package_identification:_identify(src/moveit_resources) by extension 'colcon_pkg'
[0.213s] Level 1:colcon.colcon_core.package_identification:_identify(src/moveit_resources) by extensions ['colcon_meta']
[0.213s] Level 1:colcon.colcon_core.package_identification:_identify(src/moveit_resources) by extension 'colcon_meta'
[0.213s] Level 1:colcon.colcon_core.package_identification:_identify(src/moveit_resources) by extensions ['ros']
[0.213s] Level 1:colcon.colcon_core.package_identification:_identify(src/moveit_resources) by extension 'ros'
[0.213s] Level 1:colcon.colcon_core.package_identification:_identify(src/moveit_resources) by extensions ['cmake', 'python']
[0.213s] Level 1:colcon.colcon_core.package_identification:_identify(src/moveit_resources) by extension 'cmake'
[0.213s] Level 1:colcon.colcon_core.package_identification:_identify(src/moveit_resources) by extension 'python'
[0.213s] Level 1:colcon.colcon_core.package_identification:_identify(src/moveit_resources) by extensions ['python_setup_py']
[0.213s] Level 1:colcon.colcon_core.package_identification:_identify(src/moveit_resources) by extension 'python_setup_py'
[0.213s] Level 1:colcon.colcon_core.package_identification:_identify(src/moveit_resources/minibe_description) by extensions ['ignore', 'ignore_ament_install']
[0.213s] Level 1:colcon.colcon_core.package_identification:_identify(src/moveit_resources/minibe_description) by extension 'ignore'
[0.213s] Level 1:colcon.colcon_core.package_identification:_identify(src/moveit_resources/minibe_description) by extension 'ignore_ament_install'
[0.213s] Level 1:colcon.colcon_core.package_identification:_identify(src/moveit_resources/minibe_description) by extensions ['colcon_pkg']
[0.213s] Level 1:colcon.colcon_core.package_identification:_identify(src/moveit_resources/minibe_description) by extension 'colcon_pkg'
[0.213s] Level 1:colcon.colcon_core.package_identification:_identify(src/moveit_resources/minibe_description) by extensions ['colcon_meta']
[0.213s] Level 1:colcon.colcon_core.package_identification:_identify(src/moveit_resources/minibe_description) by extension 'colcon_meta'
[0.213s] Level 1:colcon.colcon_core.package_identification:_identify(src/moveit_resources/minibe_description) by extensions ['ros']
[0.213s] Level 1:colcon.colcon_core.package_identification:_identify(src/moveit_resources/minibe_description) by extension 'ros'
[0.213s] DEBUG:colcon.colcon_core.package_identification:Package 'src/moveit_resources/minibe_description' with type 'ros.ament_python' and name 'minibe_description'
[0.213s] Level 1:colcon.colcon_core.package_discovery:discover_packages(recursive) using defaults
[0.213s] Level 1:colcon.colcon_core.package_discovery:discover_packages(ignore) discover
[0.213s] Level 1:colcon.colcon_core.package_discovery:discover_packages(ignore) using defaults
[0.213s] Level 1:colcon.colcon_core.package_discovery:discover_packages(path) discover
[0.213s] Level 1:colcon.colcon_core.package_discovery:discover_packages(path) using defaults
[0.237s] Level 1:colcon.colcon_core.package_discovery:discover_packages(prefix_path) check parameters
[0.237s] Level 1:colcon.colcon_core.package_discovery:discover_packages(prefix_path) discover
[0.238s] DEBUG:colcon.colcon_installed_package_information.package_discovery:Found 3 installed packages in /home/ubuntu/bimanual_ws_ros2/install
[0.239s] DEBUG:colcon.colcon_installed_package_information.package_discovery:Found 341 installed packages in /opt/ros/humble
[0.240s] Level 1:colcon.colcon_core.package_discovery:discover_packages(prefix_path) using defaults
[0.269s] WARNING:colcon.colcon_core.package_selection:Some selected packages are already built in one or more underlay workspaces:
	'minibe_description' is in: /home/ubuntu/bimanual_ws_ros2/install/minibe_description
If a package in a merged underlay workspace is overridden and it installs headers, then all packages in the overlay must sort their include directories by workspace order. Failure to do so may result in build failures or undefined behavior at run time.
If the overridden package is used by another package in any underlay, then the overriding package in the overlay must be API and ABI compatible or undefined behavior at run time may occur.

If you understand the risks and want to override a package anyways, add the following to the command line:
	--allow-overriding minibe_description

This may be promoted to an error in a future release of colcon-override-check.
[0.269s] Level 5:colcon.colcon_core.verb:set package 'minibe' build argument 'cmake_args' from command line to '['-DCMAKE_BUILD_TYPE=Release']'
[0.269s] Level 5:colcon.colcon_core.verb:set package 'minibe' build argument 'cmake_target' from command line to 'None'
[0.269s] Level 5:colcon.colcon_core.verb:set package 'minibe' build argument 'cmake_target_skip_unavailable' from command line to 'False'
[0.269s] Level 5:colcon.colcon_core.verb:set package 'minibe' build argument 'cmake_clean_cache' from command line to 'False'
[0.269s] Level 5:colcon.colcon_core.verb:set package 'minibe' build argument 'cmake_clean_first' from command line to 'False'
[0.269s] Level 5:colcon.colcon_core.verb:set package 'minibe' build argument 'cmake_force_configure' from command line to 'False'
[0.269s] Level 5:colcon.colcon_core.verb:set package 'minibe' build argument 'ament_cmake_args' from command line to 'None'
[0.269s] Level 5:colcon.colcon_core.verb:set package 'minibe' build argument 'catkin_cmake_args' from command line to 'None'
[0.270s] Level 5:colcon.colcon_core.verb:set package 'minibe' build argument 'catkin_skip_building_tests' from command line to 'False'
[0.270s] DEBUG:colcon.colcon_core.verb:Building package 'minibe' with the following arguments: {'ament_cmake_args': None, 'build_base': '/home/ubuntu/bimanual_ws_ros2/build/minibe', 'catkin_cmake_args': None, 'catkin_skip_building_tests': False, 'cmake_args': ['-DCMAKE_BUILD_TYPE=Release'], 'cmake_clean_cache': False, 'cmake_clean_first': False, 'cmake_force_configure': False, 'cmake_target': None, 'cmake_target_skip_unavailable': False, 'install_base': '/home/ubuntu/bimanual_ws_ros2/install/minibe', 'merge_install': False, 'path': '/home/ubuntu/bimanual_ws_ros2/src/minibe', 'symlink_install': False, 'test_result_base': None}
[0.270s] Level 5:colcon.colcon_core.verb:set package 'minibe_description' build argument 'cmake_args' from command line to '['-DCMAKE_BUILD_TYPE=Release']'
[0.270s] Level 5:colcon.colcon_core.verb:set package 'minibe_description' build argument 'cmake_target' from command line to 'None'
[0.270s] Level 5:colcon.colcon_core.verb:set package 'minibe_description' build argument 'cmake_target_skip_unavailable' from command line to 'False'
[0.270s] Level 5:colcon.colcon_core.verb:set package 'minibe_description' build argument 'cmake_clean_cache' from command line to 'False'
[0.270s] Level 5:colcon.colcon_core.verb:set package 'minibe_description' build argument 'cmake_clean_first' from command line to 'False'
[0.270s] Level 5:colcon.colcon_core.verb:set package 'minibe_description' build argument 'cmake_force_configure' from command line to 'False'
[0.270s] Level 5:colcon.colcon_core.verb:set package 'minibe_description' build argument 'ament_cmake_args' from command line to 'None'
[0.270s] Level 5:colcon.colcon_core.verb:set package 'minibe_description' build argument 'catkin_cmake_args' from command line to 'None'
[0.270s] Level 5:colcon.colcon_core.verb:set package 'minibe_description' build argument 'catkin_skip_building_tests' from command line to 'False'
[0.270s] DEBUG:colcon.colcon_core.verb:Building package 'minibe_description' with the following arguments: {'ament_cmake_args': None, 'build_base': '/home/ubuntu/bimanual_ws_ros2/build/minibe_description', 'catkin_cmake_args': None, 'catkin_skip_building_tests': False, 'cmake_args': ['-DCMAKE_BUILD_TYPE=Release'], 'cmake_clean_cache': False, 'cmake_clean_first': False, 'cmake_force_configure': False, 'cmake_target': None, 'cmake_target_skip_unavailable': False, 'install_base': '/home/ubuntu/bimanual_ws_ros2/install/minibe_description', 'merge_install': False, 'path': '/home/ubuntu/bimanual_ws_ros2/src/moveit_resources/minibe_description', 'symlink_install': False, 'test_result_base': None}
[0.270s] INFO:colcon.colcon_core.executor:Executing jobs using 'parallel' executor
[0.271s] DEBUG:colcon.colcon_parallel_executor.executor.parallel:run_until_complete
[0.271s] INFO:colcon.colcon_ros.task.ament_python.build:Building ROS package in '/home/ubuntu/bimanual_ws_ros2/src/minibe' with build type 'ament_python'
[0.271s] Level 1:colcon.colcon_core.shell:create_environment_hook('minibe', 'ament_prefix_path')
[0.272s] INFO:colcon.colcon_core.plugin_system:Skipping extension 'colcon_core.shell.bat': Not used on non-Windows systems
[0.272s] INFO:colcon.colcon_core.shell:Creating environment hook '/home/ubuntu/bimanual_ws_ros2/install/minibe/share/minibe/hook/ament_prefix_path.ps1'
[0.273s] INFO:colcon.colcon_core.shell:Creating environment descriptor '/home/ubuntu/bimanual_ws_ros2/install/minibe/share/minibe/hook/ament_prefix_path.dsv'
[0.273s] INFO:colcon.colcon_core.shell:Creating environment hook '/home/ubuntu/bimanual_ws_ros2/install/minibe/share/minibe/hook/ament_prefix_path.sh'
[0.274s] INFO:colcon.colcon_core.shell:Skip shell extension 'powershell' for command environment: Not usable outside of PowerShell
[0.274s] DEBUG:colcon.colcon_core.shell:Skip shell extension 'dsv' for command environment
[0.276s] INFO:colcon.colcon_ros.task.ament_python.build:Building ROS package in '/home/ubuntu/bimanual_ws_ros2/src/moveit_resources/minibe_description' with build type 'ament_python'
[0.276s] Level 1:colcon.colcon_core.shell:create_environment_hook('minibe_description', 'ament_prefix_path')
[0.276s] INFO:colcon.colcon_core.shell:Creating environment hook '/home/ubuntu/bimanual_ws_ros2/install/minibe_description/share/minibe_description/hook/ament_prefix_path.ps1'
[0.276s] INFO:colcon.colcon_core.shell:Creating environment descriptor '/home/ubuntu/bimanual_ws_ros2/install/minibe_description/share/minibe_description/hook/ament_prefix_path.dsv'
[0.277s] INFO:colcon.colcon_core.shell:Creating environment hook '/home/ubuntu/bimanual_ws_ros2/install/minibe_description/share/minibe_description/hook/ament_prefix_path.sh'
[0.277s] INFO:colcon.colcon_core.shell:Skip shell extension 'powershell' for command environment: Not usable outside of PowerShell
[0.277s] DEBUG:colcon.colcon_core.shell:Skip shell extension 'dsv' for command environment
[0.458s] INFO:colcon.colcon_core.task.python.build:Building Python package in '/home/ubuntu/bimanual_ws_ros2/src/minibe'
[0.458s] INFO:colcon.colcon_core.shell:Skip shell extension 'powershell' for command environment: Not usable outside of PowerShell
[0.459s] DEBUG:colcon.colcon_core.shell:Skip shell extension 'dsv' for command environment
[0.638s] INFO:colcon.colcon_core.task.python.build:Building Python package in '/home/ubuntu/bimanual_ws_ros2/src/moveit_resources/minibe_description'
[0.638s] INFO:colcon.colcon_core.shell:Skip shell extension 'powershell' for command environment: Not usable outside of PowerShell
[0.638s] DEBUG:colcon.colcon_core.shell:Skip shell extension 'dsv' for command environment
[1.013s] DEBUG:colcon.colcon_core.event_handler.log_command:Invoking command in '/home/ubuntu/bimanual_ws_ros2/src/minibe': PYTHONPATH=/home/ubuntu/bimanual_ws_ros2/build/minibe/prefix_override:/usr/lib/python3/dist-packages/colcon_core/task/python/colcon_distutils_commands:/home/ubuntu/bimanual_ws_ros2/install/minibe/lib/python3.10/site-packages:${PYTHONPATH} /usr/bin/python3 -W ignore:setup.py install is deprecated setup.py egg_info --egg-base ../../build/minibe build --build-base /home/ubuntu/bimanual_ws_ros2/build/minibe/build install --record /home/ubuntu/bimanual_ws_ros2/build/minibe/install.log --single-version-externally-managed install_data
[1.017s] DEBUG:colcon.colcon_core.event_handler.log_command:Invoking command in '/home/ubuntu/bimanual_ws_ros2/src/moveit_resources/minibe_description': PYTHONPATH=/home/ubuntu/bimanual_ws_ros2/build/minibe_description/prefix_override:/usr/lib/python3/dist-packages/colcon_core/task/python/colcon_distutils_commands:/home/ubuntu/bimanual_ws_ros2/install/minibe_description/lib/python3.10/site-packages:${PYTHONPATH} /usr/bin/python3 -W ignore:setup.py install is deprecated setup.py egg_info --egg-base ../../../build/minibe_description build --build-base /home/ubuntu/bimanual_ws_ros2/build/minibe_description/build install --record /home/ubuntu/bimanual_ws_ros2/build/minibe_description/install.log --single-version-externally-managed install_data
[1.232s] DEBUG:colcon.colcon_core.event_handler.log_command:Invoked command in '/home/ubuntu/bimanual_ws_ros2/src/minibe' returned '0': PYTHONPATH=/home/ubuntu/bimanual_ws_ros2/build/minibe/prefix_override:/usr/lib/python3/dist-packages/colcon_core/task/python/colcon_distutils_commands:/home/ubuntu/bimanual_ws_ros2/install/minibe/lib/python3.10/site-packages:${PYTHONPATH} /usr/bin/python3 -W ignore:setup.py install is deprecated setup.py egg_info --egg-base ../../build/minibe build --build-base /home/ubuntu/bimanual_ws_ros2/build/minibe/build install --record /home/ubuntu/bimanual_ws_ros2/build/minibe/install.log --single-version-externally-managed install_data
[1.237s] Level 1:colcon.colcon_core.environment:checking '/home/ubuntu/bimanual_ws_ros2/install/minibe' for CMake module files
[1.238s] Level 1:colcon.colcon_core.environment:checking '/home/ubuntu/bimanual_ws_ros2/install/minibe' for CMake config files
[1.238s] Level 1:colcon.colcon_core.environment:checking '/home/ubuntu/bimanual_ws_ros2/install/minibe/lib'
[1.238s] Level 1:colcon.colcon_core.environment:checking '/home/ubuntu/bimanual_ws_ros2/install/minibe/bin'
[1.238s] Level 1:colcon.colcon_core.environment:checking '/home/ubuntu/bimanual_ws_ros2/install/minibe/lib/pkgconfig/minibe.pc'
[1.239s] Level 1:colcon.colcon_core.environment:checking '/home/ubuntu/bimanual_ws_ros2/install/minibe/lib/python3.10/site-packages'
[1.239s] Level 1:colcon.colcon_core.shell:create_environment_hook('minibe', 'pythonpath')
[1.239s] INFO:colcon.colcon_core.shell:Creating environment hook '/home/ubuntu/bimanual_ws_ros2/install/minibe/share/minibe/hook/pythonpath.ps1'
[1.239s] INFO:colcon.colcon_core.shell:Creating environment descriptor '/home/ubuntu/bimanual_ws_ros2/install/minibe/share/minibe/hook/pythonpath.dsv'
[1.239s] INFO:colcon.colcon_core.shell:Creating environment hook '/home/ubuntu/bimanual_ws_ros2/install/minibe/share/minibe/hook/pythonpath.sh'
[1.240s] Level 1:colcon.colcon_core.environment:checking '/home/ubuntu/bimanual_ws_ros2/install/minibe/bin'
[1.240s] Level 1:colcon.colcon_core.environment:create_environment_scripts_only(minibe)
[1.240s] INFO:colcon.colcon_core.shell:Creating package script '/home/ubuntu/bimanual_ws_ros2/install/minibe/share/minibe/package.ps1'
[1.240s] INFO:colcon.colcon_core.shell:Creating package descriptor '/home/ubuntu/bimanual_ws_ros2/install/minibe/share/minibe/package.dsv'
[1.241s] INFO:colcon.colcon_core.shell:Creating package script '/home/ubuntu/bimanual_ws_ros2/install/minibe/share/minibe/package.sh'
[1.241s] INFO:colcon.colcon_core.shell:Creating package script '/home/ubuntu/bimanual_ws_ros2/install/minibe/share/minibe/package.bash'
[1.242s] INFO:colcon.colcon_core.shell:Creating package script '/home/ubuntu/bimanual_ws_ros2/install/minibe/share/minibe/package.zsh'
[1.242s] Level 1:colcon.colcon_core.environment:create_file_with_runtime_dependencies(/home/ubuntu/bimanual_ws_ros2/install/minibe/share/colcon-core/packages/minibe)
[1.242s] Level 1:colcon.colcon_core.environment:checking '/home/ubuntu/bimanual_ws_ros2/install/minibe_description' for CMake module files
[1.243s] DEBUG:colcon.colcon_core.event_handler.log_command:Invoked command in '/home/ubuntu/bimanual_ws_ros2/src/moveit_resources/minibe_description' returned '0': PYTHONPATH=/home/ubuntu/bimanual_ws_ros2/build/minibe_description/prefix_override:/usr/lib/python3/dist-packages/colcon_core/task/python/colcon_distutils_commands:/home/ubuntu/bimanual_ws_ros2/install/minibe_description/lib/python3.10/site-packages:${PYTHONPATH} /usr/bin/python3 -W ignore:setup.py install is deprecated setup.py egg_info --egg-base ../../../build/minibe_description build --build-base /home/ubuntu/bimanual_ws_ros2/build/minibe_description/build install --record /home/ubuntu/bimanual_ws_ros2/build/minibe_description/install.log --single-version-externally-managed install_data
[1.243s] Level 1:colcon.colcon_core.environment:checking '/home/ubuntu/bimanual_ws_ros2/install/minibe_description' for CMake config files
[1.243s] Level 1:colcon.colcon_core.shell:create_environment_hook('minibe_description', 'cmake_prefix_path')
[1.243s] INFO:colcon.colcon_core.shell:Creating environment hook '/home/ubuntu/bimanual_ws_ros2/install/minibe_description/share/minibe_description/hook/cmake_prefix_path.ps1'
[1.244s] INFO:colcon.colcon_core.shell:Creating environment descriptor '/home/ubuntu/bimanual_ws_ros2/install/minibe_description/share/minibe_description/hook/cmake_prefix_path.dsv'
[1.244s] INFO:colcon.colcon_core.shell:Creating environment hook '/home/ubuntu/bimanual_ws_ros2/install/minibe_description/share/minibe_description/hook/cmake_prefix_path.sh'
[1.244s] Level 1:colcon.colcon_core.environment:checking '/home/ubuntu/bimanual_ws_ros2/install/minibe_description/lib'
[1.244s] Level 1:colcon.colcon_core.environment:checking '/home/ubuntu/bimanual_ws_ros2/install/minibe_description/bin'
[1.244s] Level 1:colcon.colcon_core.environment:checking '/home/ubuntu/bimanual_ws_ros2/install/minibe_description/lib/pkgconfig/minibe_description.pc'
[1.244s] Level 1:colcon.colcon_core.environment:checking '/home/ubuntu/bimanual_ws_ros2/install/minibe_description/lib/python3.10/site-packages'
[1.244s] Level 1:colcon.colcon_core.shell:create_environment_hook('minibe_description', 'pythonpath')
[1.245s] INFO:colcon.colcon_core.shell:Creating environment hook '/home/ubuntu/bimanual_ws_ros2/install/minibe_description/share/minibe_description/hook/pythonpath.ps1'
[1.245s] INFO:colcon.colcon_core.shell:Creating environment descriptor '/home/ubuntu/bimanual_ws_ros2/install/minibe_description/share/minibe_description/hook/pythonpath.dsv'
[1.245s] INFO:colcon.colcon_core.shell:Creating environment hook '/home/ubuntu/bimanual_ws_ros2/install/minibe_description/share/minibe_description/hook/pythonpath.sh'
[1.245s] Level 1:colcon.colcon_core.environment:checking '/home/ubuntu/bimanual_ws_ros2/install/minibe_description/bin'
[1.245s] Level 1:colcon.colcon_core.environment:create_environment_scripts_only(minibe_description)
[1.246s] INFO:colcon.colcon_core.shell:Creating package script '/home/ubuntu/bimanual_ws_ros2/install/minibe_description/share/minibe_description/package.ps1'
[1.246s] INFO:colcon.colcon_core.shell:Creating package descriptor '/home/ubuntu/bimanual_ws_ros2/install/minibe_description/share/minibe_description/package.dsv'
[1.246s] INFO:colcon.colcon_core.shell:Creating package script '/home/ubuntu/bimanual_ws_ros2/install/minibe_description/share/minibe_description/package.sh'
[1.247s] INFO:colcon.colcon_core.shell:Creating package script '/home/ubuntu/bimanual_ws_ros2/install/minibe_description/share/minibe_description/package.bash'
[1.247s] INFO:colcon.colcon_core.shell:Creating package script '/home/ubuntu/bimanual_ws_ros2/install/minibe_description/share/minibe_description/package.zsh'
[1.247s] Level 1:colcon.colcon_core.environment:create_file_with_runtime_dependencies(/home/ubuntu/bimanual_ws_ros2/install/minibe_description/share/colcon-core/packages/minibe_description)
[1.247s] DEBUG:colcon.colcon_parallel_executor.executor.parallel:closing loop
[1.247s] DEBUG:colcon.colcon_parallel_executor.executor.parallel:loop closed
[1.247s] DEBUG:colcon.colcon_parallel_executor.executor.parallel:run_until_complete finished with '0'
[1.247s] DEBUG:colcon.colcon_core.event_reactor:joining thread
[1.251s] INFO:colcon.colcon_core.plugin_system:Skipping extension 'colcon_notification.desktop_notification.terminal_notifier': Not used on non-Darwin systems
[1.251s] INFO:colcon.colcon_core.plugin_system:Skipping extension 'colcon_notification.desktop_notification.win32': Not used on non-Windows systems
[1.251s] INFO:colcon.colcon_notification.desktop_notification:Sending desktop notification using 'notify2'
[1.259s] DEBUG:colcon.colcon_core.event_reactor:joined thread
[1.260s] INFO:colcon.colcon_core.shell:Creating prefix script '/home/ubuntu/bimanual_ws_ros2/install/local_setup.ps1'
[1.260s] INFO:colcon.colcon_core.shell:Creating prefix util module '/home/ubuntu/bimanual_ws_ros2/install/_local_setup_util_ps1.py'
[1.261s] INFO:colcon.colcon_core.shell:Creating prefix chain script '/home/ubuntu/bimanual_ws_ros2/install/setup.ps1'
[1.262s] INFO:colcon.colcon_core.shell:Creating prefix script '/home/ubuntu/bimanual_ws_ros2/install/local_setup.sh'
[1.262s] INFO:colcon.colcon_core.shell:Creating prefix util module '/home/ubuntu/bimanual_ws_ros2/install/_local_setup_util_sh.py'
[1.263s] INFO:colcon.colcon_core.shell:Creating prefix chain script '/home/ubuntu/bimanual_ws_ros2/install/setup.sh'
[1.263s] INFO:colcon.colcon_core.shell:Creating prefix script '/home/ubuntu/bimanual_ws_ros2/install/local_setup.bash'
[1.264s] INFO:colcon.colcon_core.shell:Creating prefix chain script '/home/ubuntu/bimanual_ws_ros2/install/setup.bash'
[1.264s] INFO:colcon.colcon_core.shell:Creating prefix script '/home/ubuntu/bimanual_ws_ros2/install/local_setup.zsh'
[1.264s] INFO:colcon.colcon_core.shell:Creating prefix chain script '/home/ubuntu/bimanual_ws_ros2/install/setup.zsh'
