[1.040s] Invoking command in '/home/ubuntu/bimanual_ws_ros2/src/minibe': PYTHONPATH=/home/ubuntu/bimanual_ws_ros2/build/minibe/prefix_override:/usr/lib/python3/dist-packages/colcon_core/task/python/colcon_distutils_commands:/home/ubuntu/bimanual_ws_ros2/install/minibe/lib/python3.10/site-packages:${PYTHONPATH} /usr/bin/python3 -W ignore:setup.py install is deprecated setup.py egg_info --egg-base ../../build/minibe build --build-base /home/ubuntu/bimanual_ws_ros2/build/minibe/build install --record /home/ubuntu/bimanual_ws_ros2/build/minibe/install.log --single-version-externally-managed install_data
[1.318s] running egg_info
[1.318s] writing ../../build/minibe/minibe.egg-info/PKG-INFO
[1.319s] writing dependency_links to ../../build/minibe/minibe.egg-info/dependency_links.txt
[1.319s] writing entry points to ../../build/minibe/minibe.egg-info/entry_points.txt
[1.319s] writing requirements to ../../build/minibe/minibe.egg-info/requires.txt
[1.319s] writing top-level names to ../../build/minibe/minibe.egg-info/top_level.txt
[1.320s] reading manifest file '../../build/minibe/minibe.egg-info/SOURCES.txt'
[1.322s] writing manifest file '../../build/minibe/minibe.egg-info/SOURCES.txt'
[1.322s] running build
[1.322s] running build_py
[1.322s] running install
[1.322s] running install_lib
[1.323s] running install_data
[1.323s] creating /home/ubuntu/bimanual_ws_ros2/install/minibe/share/minibe/launch
[1.323s] copying launch/minibe_launch.py -> /home/ubuntu/bimanual_ws_ros2/install/minibe/share/minibe/launch
[1.323s] running install_egg_info
[1.325s] removing '/home/ubuntu/bimanual_ws_ros2/install/minibe/lib/python3.10/site-packages/minibe-0.0.0-py3.10.egg-info' (and everything under it)
[1.325s] Copying ../../build/minibe/minibe.egg-info to /home/ubuntu/bimanual_ws_ros2/install/minibe/lib/python3.10/site-packages/minibe-0.0.0-py3.10.egg-info
[1.326s] running install_scripts
[1.341s] Installing ik script to /home/ubuntu/bimanual_ws_ros2/install/minibe/lib/minibe
[1.341s] writing list of installed files to '/home/ubuntu/bimanual_ws_ros2/build/minibe/install.log'
[1.364s] Invoked command in '/home/ubuntu/bimanual_ws_ros2/src/minibe' returned '0': PYTHONPATH=/home/ubuntu/bimanual_ws_ros2/build/minibe/prefix_override:/usr/lib/python3/dist-packages/colcon_core/task/python/colcon_distutils_commands:/home/ubuntu/bimanual_ws_ros2/install/minibe/lib/python3.10/site-packages:${PYTHONPATH} /usr/bin/python3 -W ignore:setup.py install is deprecated setup.py egg_info --egg-base ../../build/minibe build --build-base /home/ubuntu/bimanual_ws_ros2/build/minibe/build install --record /home/ubuntu/bimanual_ws_ros2/build/minibe/install.log --single-version-externally-managed install_data
