[1.035s] Invoking command in '/home/ubuntu/bimanual_ws_ros2/src/moveit_resources/minibe_description': PYTHONPATH=/home/ubuntu/bimanual_ws_ros2/build/minibe_description/prefix_override:/usr/lib/python3/dist-packages/colcon_core/task/python/colcon_distutils_commands:/home/ubuntu/bimanual_ws_ros2/install/minibe_description/lib/python3.10/site-packages:${PYTHONPATH} /usr/bin/python3 -W ignore:setup.py install is deprecated setup.py egg_info --egg-base ../../../build/minibe_description build --build-base /home/ubuntu/bimanual_ws_ros2/build/minibe_description/build install --record /home/ubuntu/bimanual_ws_ros2/build/minibe_description/install.log --single-version-externally-managed install_data
[1.330s] running egg_info
[1.330s] writing ../../../build/minibe_description/minibe_description.egg-info/PKG-INFO
[1.330s] writing dependency_links to ../../../build/minibe_description/minibe_description.egg-info/dependency_links.txt
[1.330s] writing entry points to ../../../build/minibe_description/minibe_description.egg-info/entry_points.txt
[1.330s] writing requirements to ../../../build/minibe_description/minibe_description.egg-info/requires.txt
[1.331s] writing top-level names to ../../../build/minibe_description/minibe_description.egg-info/top_level.txt
[1.331s] reading manifest file '../../../build/minibe_description/minibe_description.egg-info/SOURCES.txt'
[1.333s] writing manifest file '../../../build/minibe_description/minibe_description.egg-info/SOURCES.txt'
[1.333s] running build
[1.333s] running build_py
[1.333s] running install
[1.333s] running install_lib
[1.334s] running install_data
[1.334s] running install_egg_info
[1.336s] removing '/home/ubuntu/bimanual_ws_ros2/install/minibe_description/lib/python3.10/site-packages/minibe_description-0.0.0-py3.10.egg-info' (and everything under it)
[1.336s] Copying ../../../build/minibe_description/minibe_description.egg-info to /home/ubuntu/bimanual_ws_ros2/install/minibe_description/lib/python3.10/site-packages/minibe_description-0.0.0-py3.10.egg-info
[1.336s] running install_scripts
[1.351s] writing list of installed files to '/home/ubuntu/bimanual_ws_ros2/build/minibe_description/install.log'
[1.369s] Invoked command in '/home/ubuntu/bimanual_ws_ros2/src/moveit_resources/minibe_description' returned '0': PYTHONPATH=/home/ubuntu/bimanual_ws_ros2/build/minibe_description/prefix_override:/usr/lib/python3/dist-packages/colcon_core/task/python/colcon_distutils_commands:/home/ubuntu/bimanual_ws_ros2/install/minibe_description/lib/python3.10/site-packages:${PYTHONPATH} /usr/bin/python3 -W ignore:setup.py install is deprecated setup.py egg_info --egg-base ../../../build/minibe_description build --build-base /home/ubuntu/bimanual_ws_ros2/build/minibe_description/build install --record /home/ubuntu/bimanual_ws_ros2/build/minibe_description/install.log --single-version-externally-managed install_data
