[0.640s] Invoking command in '/home/ubuntu/bimanual_ws_ros2/src/moveit_resources/minibe_description': PYTHONPATH=/home/ubuntu/bimanual_ws_ros2/build/minibe_description/prefix_override:/usr/lib/python3/dist-packages/colcon_core/task/python/colcon_distutils_commands:/home/ubuntu/bimanual_ws_ros2/install/minibe_description/lib/python3.10/site-packages:${PYTHONPATH} /usr/bin/python3 -W ignore:setup.py install is deprecated setup.py egg_info --egg-base ../../../build/minibe_description build --build-base /home/ubuntu/bimanual_ws_ros2/build/minibe_description/build install --record /home/ubuntu/bimanual_ws_ros2/build/minibe_description/install.log --single-version-externally-managed install_data
[0.812s] running egg_info
[0.813s] writing ../../../build/minibe_description/minibe_description.egg-info/PKG-INFO
[0.813s] writing dependency_links to ../../../build/minibe_description/minibe_description.egg-info/dependency_links.txt
[0.813s] writing entry points to ../../../build/minibe_description/minibe_description.egg-info/entry_points.txt
[0.813s] writing requirements to ../../../build/minibe_description/minibe_description.egg-info/requires.txt
[0.813s] writing top-level names to ../../../build/minibe_description/minibe_description.egg-info/top_level.txt
[0.814s] reading manifest file '../../../build/minibe_description/minibe_description.egg-info/SOURCES.txt'
[0.815s] writing manifest file '../../../build/minibe_description/minibe_description.egg-info/SOURCES.txt'
[0.815s] running build
[0.815s] running build_py
[0.816s] running install
[0.816s] running install_lib
[0.816s] running install_data
[0.817s] running install_egg_info
[0.818s] removing '/home/ubuntu/bimanual_ws_ros2/install/minibe_description/lib/python3.10/site-packages/minibe_description-0.0.0-py3.10.egg-info' (and everything under it)
[0.818s] Copying ../../../build/minibe_description/minibe_description.egg-info to /home/ubuntu/bimanual_ws_ros2/install/minibe_description/lib/python3.10/site-packages/minibe_description-0.0.0-py3.10.egg-info
[0.819s] running install_scripts
[0.835s] writing list of installed files to '/home/ubuntu/bimanual_ws_ros2/build/minibe_description/install.log'
[0.857s] Invoked command in '/home/ubuntu/bimanual_ws_ros2/src/moveit_resources/minibe_description' returned '0': PYTHONPATH=/home/ubuntu/bimanual_ws_ros2/build/minibe_description/prefix_override:/usr/lib/python3/dist-packages/colcon_core/task/python/colcon_distutils_commands:/home/ubuntu/bimanual_ws_ros2/install/minibe_description/lib/python3.10/site-packages:${PYTHONPATH} /usr/bin/python3 -W ignore:setup.py install is deprecated setup.py egg_info --egg-base ../../../build/minibe_description build --build-base /home/ubuntu/bimanual_ws_ros2/build/minibe_description/build install --record /home/ubuntu/bimanual_ws_ros2/build/minibe_description/install.log --single-version-externally-managed install_data
